Archive member included because of file (symbol)

c:/altera/12.1sp1/nios2eds/bin/gnu/h-i686-mingw32/bin/../lib/gcc/nios2-elf/4.1.2/../../../../nios2-elf/lib\libm.a(lib_a-sf_round.o)
                              obj/default/SynthesizerDriver.o (roundf)
c:/altera/12.1sp1/nios2eds/bin/gnu/h-i686-mingw32/bin/../lib/gcc/nios2-elf/4.1.2/../../../../nios2-elf/lib\libm.a(lib_a-w_pow.o)
                              obj/default/SynthesizerDriver.o (pow)
c:/altera/12.1sp1/nios2eds/bin/gnu/h-i686-mingw32/bin/../lib/gcc/nios2-elf/4.1.2/../../../../nios2-elf/lib\libm.a(lib_a-e_pow.o)
                              c:/altera/12.1sp1/nios2eds/bin/gnu/h-i686-mingw32/bin/../lib/gcc/nios2-elf/4.1.2/../../../../nios2-elf/lib\libm.a(lib_a-w_pow.o) (__ieee754_pow)
c:/altera/12.1sp1/nios2eds/bin/gnu/h-i686-mingw32/bin/../lib/gcc/nios2-elf/4.1.2/../../../../nios2-elf/lib\libm.a(lib_a-e_sqrt.o)
                              c:/altera/12.1sp1/nios2eds/bin/gnu/h-i686-mingw32/bin/../lib/gcc/nios2-elf/4.1.2/../../../../nios2-elf/lib\libm.a(lib_a-e_pow.o) (__ieee754_sqrt)
c:/altera/12.1sp1/nios2eds/bin/gnu/h-i686-mingw32/bin/../lib/gcc/nios2-elf/4.1.2/../../../../nios2-elf/lib\libm.a(lib_a-s_fabs.o)
                              c:/altera/12.1sp1/nios2eds/bin/gnu/h-i686-mingw32/bin/../lib/gcc/nios2-elf/4.1.2/../../../../nios2-elf/lib\libm.a(lib_a-e_pow.o) (fabs)
c:/altera/12.1sp1/nios2eds/bin/gnu/h-i686-mingw32/bin/../lib/gcc/nios2-elf/4.1.2/../../../../nios2-elf/lib\libm.a(lib_a-s_finite.o)
                              c:/altera/12.1sp1/nios2eds/bin/gnu/h-i686-mingw32/bin/../lib/gcc/nios2-elf/4.1.2/../../../../nios2-elf/lib\libm.a(lib_a-w_pow.o) (finite)
c:/altera/12.1sp1/nios2eds/bin/gnu/h-i686-mingw32/bin/../lib/gcc/nios2-elf/4.1.2/../../../../nios2-elf/lib\libm.a(lib_a-s_isnand.o)
                              c:/altera/12.1sp1/nios2eds/bin/gnu/h-i686-mingw32/bin/../lib/gcc/nios2-elf/4.1.2/../../../../nios2-elf/lib\libm.a(lib_a-w_pow.o) (__isnand)
c:/altera/12.1sp1/nios2eds/bin/gnu/h-i686-mingw32/bin/../lib/gcc/nios2-elf/4.1.2/../../../../nios2-elf/lib\libm.a(lib_a-s_lib_ver.o)
                              c:/altera/12.1sp1/nios2eds/bin/gnu/h-i686-mingw32/bin/../lib/gcc/nios2-elf/4.1.2/../../../../nios2-elf/lib\libm.a(lib_a-w_pow.o) (__fdlib_version)
c:/altera/12.1sp1/nios2eds/bin/gnu/h-i686-mingw32/bin/../lib/gcc/nios2-elf/4.1.2/../../../../nios2-elf/lib\libm.a(lib_a-s_matherr.o)
                              c:/altera/12.1sp1/nios2eds/bin/gnu/h-i686-mingw32/bin/../lib/gcc/nios2-elf/4.1.2/../../../../nios2-elf/lib\libm.a(lib_a-w_pow.o) (matherr)
c:/altera/12.1sp1/nios2eds/bin/gnu/h-i686-mingw32/bin/../lib/gcc/nios2-elf/4.1.2/../../../../nios2-elf/lib\libm.a(lib_a-s_nan.o)
                              c:/altera/12.1sp1/nios2eds/bin/gnu/h-i686-mingw32/bin/../lib/gcc/nios2-elf/4.1.2/../../../../nios2-elf/lib\libm.a(lib_a-e_pow.o) (nan)
c:/altera/12.1sp1/nios2eds/bin/gnu/h-i686-mingw32/bin/../lib/gcc/nios2-elf/4.1.2/../../../../nios2-elf/lib\libm.a(lib_a-s_rint.o)
                              c:/altera/12.1sp1/nios2eds/bin/gnu/h-i686-mingw32/bin/../lib/gcc/nios2-elf/4.1.2/../../../../nios2-elf/lib\libm.a(lib_a-w_pow.o) (rint)
c:/altera/12.1sp1/nios2eds/bin/gnu/h-i686-mingw32/bin/../lib/gcc/nios2-elf/4.1.2/../../../../nios2-elf/lib\libm.a(lib_a-s_scalbn.o)
                              c:/altera/12.1sp1/nios2eds/bin/gnu/h-i686-mingw32/bin/../lib/gcc/nios2-elf/4.1.2/../../../../nios2-elf/lib\libm.a(lib_a-e_pow.o) (scalbn)
c:/altera/12.1sp1/nios2eds/bin/gnu/h-i686-mingw32/bin/../lib/gcc/nios2-elf/4.1.2/../../../../nios2-elf/lib\libm.a(lib_a-s_copysign.o)
                              c:/altera/12.1sp1/nios2eds/bin/gnu/h-i686-mingw32/bin/../lib/gcc/nios2-elf/4.1.2/../../../../nios2-elf/lib\libm.a(lib_a-s_scalbn.o) (copysign)
c:/altera/12.1sp1/nios2eds/bin/gnu/h-i686-mingw32/bin/../lib/gcc/nios2-elf/4.1.2\libgcc.a(_addsub_sf.o)
                              c:/altera/12.1sp1/nios2eds/bin/gnu/h-i686-mingw32/bin/../lib/gcc/nios2-elf/4.1.2/../../../../nios2-elf/lib\libm.a(lib_a-sf_round.o) (__addsf3)
c:/altera/12.1sp1/nios2eds/bin/gnu/h-i686-mingw32/bin/../lib/gcc/nios2-elf/4.1.2\libgcc.a(_mul_sf.o)
                              obj/default/SynthesizerDriver.o (__mulsf3)
c:/altera/12.1sp1/nios2eds/bin/gnu/h-i686-mingw32/bin/../lib/gcc/nios2-elf/4.1.2\libgcc.a(_div_sf.o)
                              obj/default/SynthesizerDriver.o (__divsf3)
c:/altera/12.1sp1/nios2eds/bin/gnu/h-i686-mingw32/bin/../lib/gcc/nios2-elf/4.1.2\libgcc.a(_sf_to_si.o)
                              obj/default/SynthesizerDriver.o (__fixsfsi)
c:/altera/12.1sp1/nios2eds/bin/gnu/h-i686-mingw32/bin/../lib/gcc/nios2-elf/4.1.2\libgcc.a(_thenan_sf.o)
                              c:/altera/12.1sp1/nios2eds/bin/gnu/h-i686-mingw32/bin/../lib/gcc/nios2-elf/4.1.2\libgcc.a(_addsub_sf.o) (__thenan_sf)
c:/altera/12.1sp1/nios2eds/bin/gnu/h-i686-mingw32/bin/../lib/gcc/nios2-elf/4.1.2\libgcc.a(_addsub_df.o)
[...]
Memory Configuration

Name             Origin             Length             Attributes
sdram_0          0x00800000         0x00800000
reset            0x01400000         0x00000020
generic_tristate_controller_0 0x01400020         0x003fffe0
sram_0           0x01880000         0x00080000
onchip_memory2_0_BEFORE_EXCEPTION 0x01904000         0x00000020
onchip_memory2_0 0x01904020         0x00003fe0
*default*        0x00000000         0xffffffff

Linker script and memory map

LOAD ../LaserHarpBuildClean_bsp//obj/HAL/src/crt0.o
LOAD obj/default/MIDIGenerator.o
LOAD obj/default/SynthesizerDriver.o
LOAD obj/default/main.o
LOAD c:/altera/12.1sp1/nios2eds/bin/gnu/h-i686-mingw32/bin/../lib/gcc/nios2-elf/4.1.2/../../../../nios2-elf/lib\libstdc++.a
LOAD c:/altera/12.1sp1/nios2eds/bin/gnu/h-i686-mingw32/bin/../lib/gcc/nios2-elf/4.1.2/../../../../nios2-elf/lib\libm.a
LOAD c:/altera/12.1sp1/nios2eds/bin/gnu/h-i686-mingw32/bin/../lib/gcc/nios2-elf/4.1.2\libgcc.a
START GROUP
LOAD c:/altera/12.1sp1/nios2eds/bin/gnu/h-i686-mingw32/bin/../lib/gcc/nios2-elf/4.1.2/../../../../nios2-elf/lib\libc.a
LOAD c:/altera/12.1sp1/nios2eds/bin/gnu/h-i686-mingw32/bin/../lib/gcc/nios2-elf/4.1.2\libgcc.a
LOAD ../LaserHarpBuildClean_bsp/\libucosii_bsp.a
END GROUP
LOAD c:/altera/12.1sp1/nios2eds/bin/gnu/h-i686-mingw32/bin/../lib/gcc/nios2-elf/4.1.2\libgcc.a
                0x00800000                __alt_mem_sdram_0 = 0x800000
                0x01400000                __alt_mem_generic_tristate_controller_0 = 0x1400000
                0x01880000                __alt_mem_sram_0 = 0x1880000
                0x01904000                __alt_mem_onchip_memory2_0 = 0x1904000

.entry          0x01400000        0x0
 *(.entry)
 .entry         0x01400000        0x0 ../LaserHarpBuildClean_bsp//obj/HAL/src/crt0.o
                0x01400000                __reset

.exceptions     0x01904020      0x19c
                0x01904020                PROVIDE (__ram_exceptions_start, ABSOLUTE (.))
                0x01904020                . = ALIGN (0x20)
 *(.irq)
 *(.exceptions.entry.label)
 .exceptions.entry.label
                0x01904020        0x0 ../LaserHarpBuildClean_bsp/\libucosii_bsp.a(alt_irq_entry.o)
                0x01904020                alt_irq_entry
 .exceptions.entry.label
                0x01904020        0x0 ../LaserHarpBuildClean_bsp/\libucosii_bsp.a(alt_exception_entry.o)
                0x01904020                alt_exception
 *(.exceptions.entry.user)
 *(.exceptions.entry)
 .exceptions.entry
                0x01904020       0x54 ../LaserHarpBuildClean_bsp/\libucosii_bsp.a(alt_exception_entry.o)
 *(.exceptions.irqtest.user)
 *(.exceptions.irqtest)
 .exceptions.irqtest
                0x01904074       0x10 ../LaserHarpBuildClean_bsp/\libucosii_bsp.a(alt_irq_entry.o)
 *(.exceptions.irqhandler.user)
 *(.exceptions.irqhandler)
 .exceptions.irqhandler
                0x01904084        0x4 ../LaserHarpBuildClean_bsp/\libucosii_bsp.a(alt_irq_entry.o)
 *(.exceptions.irqreturn.user)
 *(.exceptions.irqreturn)
 .exceptions.irqreturn
                0x01904088        0x4 ../LaserHarpBuildClean_bsp/\libucosii_bsp.a(alt_irq_entry.o)
 *(.exceptions.notirq.label)
 .exceptions.notirq.label
                0x0190408c        0x0 ../LaserHarpBuildClean_bsp/\libucosii_bsp.a(alt_irq_entry.o)
 *(.exceptions.notirq.user)
 *(.exceptions.notirq)
 .exceptions.notirq
                0x0190408c        0x8 ../LaserHarpBuildClean_bsp/\libucosii_bsp.a(alt_exception_entry.o)
 *(.exceptions.soft.user)
 *(.exceptions.soft)
 *(.exceptions.unknown.user)
 *(.exceptions.unknown)
 .exceptions.unknown
                0x01904094        0x4 ../LaserHarpBuildClean_bsp/\libucosii_bsp.a(alt_exception_entry.o)
 *(.exceptions.exit.label)
 .exceptions.exit.label
                0x01904098        0x0 ../LaserHarpBuildClean_bsp/\libucosii_bsp.a(alt_irq_entry.o)
 .exceptions.exit.label
                0x01904098        0x0 ../LaserHarpBuildClean_bsp/\libucosii_bsp.a(alt_exception_entry.o)
 *(.exceptions.exit.user)
 *(.exceptions.exit)
 .exceptions.exit
                0x01904098       0x54 ../LaserHarpBuildClean_bsp/\libucosii_bsp.a(alt_exception_entry.o)
 *(.exceptions)
 .exceptions    0x019040ec       0xd0 ../LaserHarpBuildClean_bsp/\libucosii_bsp.a(alt_irq_handler.o)
                0x019040ec                alt_irq_handler
                0x019041bc                PROVIDE (__ram_exceptions_end, ABSOLUTE (.))
                0x01904020                PROVIDE (__flash_exceptions_start, LOADADDR (.exceptions))

.text           0x00800000    0x14fc8
                0x00800000                PROVIDE (stext, ABSOLUTE (.))
 *(.interp)
 *(.hash)
 *(.dynsym)
 *(.dynstr)
 *(.gnu.version)
 *(.gnu.version_d)
 *(.gnu.version_r)
 *(.rel.init)
 *(.rela.init)
 *(.rel.text .rel.text.* .rel.gnu.linkonce.t.*)
 *(.rela.text .rela.text.* .rela.gnu.linkonce.t.*)
 *(.rel.fini)
 *(.rela.fini)
 *(.rel.rodata .rel.rodata.* .rel.gnu.linkonce.r.*)
 *(.rela.rodata .rela.rodata.* .rela.gnu.linkonce.r.*)
 *(.rel.data .rel.data.* .rel.gnu.linkonce.d.*)
 *(.rela.data .rela.data.* .rela.gnu.linkonce.d.*)
 *(.rel.tdata .rel.tdata.* .rel.gnu.linkonce.td.*)
 *(.rela.tdata .rela.tdata.* .rela.gnu.linkonce.td.*)
 *(.rel.tbss .rel.tbss.* .rel.gnu.linkonce.tb.*)
 *(.rela.tbss .rela.tbss.* .rela.gnu.linkonce.tb.*)
 *(.rel.ctors)
 *(.rela.ctors)
 *(.rel.dtors)
 *(.rela.dtors)
 *(.rel.got)
 *(.rela.got)
 *(.rel.sdata .rel.sdata.* .rel.gnu.linkonce.s.*)
 *(.rela.sdata .rela.sdata.* .rela.gnu.linkonce.s.*)
 *(.rel.sbss .rel.sbss.* .rel.gnu.linkonce.sb.*)
 *(.rela.sbss .rela.sbss.* .rela.gnu.linkonce.sb.*)
 *(.rel.sdata2 .rel.sdata2.* .rel.gnu.linkonce.s2.*)
 *(.rela.sdata2 .rela.sdata2.* .rela.gnu.linkonce.s2.*)
 *(.rel.sbss2 .rel.sbss2.* .rel.gnu.linkonce.sb2.*)
 *(.rela.sbss2 .rela.sbss2.* .rela.gnu.linkonce.sb2.*)
 *(.rel.bss .rel.bss.* .rel.gnu.linkonce.b.*)
 *(.rela.bss .rela.bss.* .rela.gnu.linkonce.b.*)
 *(.rel.plt)
 *(.rela.plt)
 *(.rel.dyn)
 *(.init)
 *(.plt)
 *(.text .stub .text.* .gnu.linkonce.t.*)
 .text          0x00800000       0x48 ../LaserHarpBuildClean_bsp//obj/HAL/src/crt0.o
                0x00800000                _start
 .text          0x00800048       0xe4 obj/default/MIDIGenerator.o
                0x00800048                getPitch
                0x008000b0                generateMidiData
 .text          0x0080012c      0x3e0 obj/default/SynthesizerDriver.o
                0x0080012c                midiNote2midiFreq
                0x008001d8                midiFreq2sampleFreq
                0x0080022c                startVoice
                0x00800278                endVoice
                0x008002bc                turnOnVoice
                0x00800420                turnOffVoice
                0x008004c0                sendNoteSynthesizer
 .text          0x0080050c      0xbec obj/default/main.o
                0x0080050c                audioTask
                0x00800710                laserInputTask
                0x0080086c                uiTask
                0x00800bfc                main
 .text          0x008010f8       0x9c c:/altera/12.1sp1/nios2eds/bin/gnu/h-i686-mingw32/bin/../lib/gcc/nios2-elf/4.1.2/../../../../nios2-elf/lib\libm.a(lib_a-sf_round.o)
                0x008010f8                roundf
 .text          0x00801194      0x488 c:/altera/12.1sp1/nios2eds/bin/gnu/h-i686-mingw32/bin/../lib/gcc/nios2-elf/4.1.2/../../../../nios2-elf/lib\libm.a(lib_a-w_pow.o)
                0x00801194                pow
 .text          0x0080161c     0x1300 c:/altera/12.1sp1/nios2eds/bin/gnu/h-i686-mingw32/bin/../lib/gcc/nios2-elf/4.1.2/../../../../nios2-elf/lib\libm.a(lib_a-e_pow.o)
                0x0080161c                __ieee754_pow
 .text          0x0080291c      0x2c8 c:/altera/12.1sp1/nios2eds/bin/gnu/h-i686-mingw32/bin/../lib/gcc/nios2-elf/4.1.2/../../../../nios2-elf/lib\libm.a(lib_a-e_sqrt.o)
                0x0080291c                __ieee754_sqrt
 .text          0x00802be4       0x18 c:/altera/12.1sp1/nios2eds/bin/gnu/h-i686-mingw32/bin/../lib/gcc/nios2-elf/4.1.2/../../../../nios2-elf/lib\libm.a(lib_a-s_fabs.o)
                0x00802be4                fabs
 .text          0x00802bfc       0x1c c:/altera/12.1sp1/nios2eds/bin/gnu/h-i686-mingw32/bin/../lib/gcc/nios2-elf/4.1.2/../../../../nios2-elf/lib\libm.a(lib_a-s_finite.o)
                0x00802bfc                finite
 .text          0x00802c18       0x30 c:/altera/12.1sp1/nios2eds/bin/gnu/h-i686-mingw32/bin/../lib/gcc/nios2-elf/4.1.2/../../../../nios2-elf/lib\libm.a(lib_a-s_isnand.o)
                0x00802c18                __isnand
 .text          0x00802c48        0x0 c:/altera/12.1sp1/nios2eds/bin/gnu/h-i686-mingw32/bin/../lib/gcc/nios2-elf/4.1.2/../../../../nios2-elf/lib\libm.a(lib_a-s_lib_ver.o)
 .text          0x00802c48        0x8 c:/altera/12.1sp1/nios2eds/bin/gnu/h-i686-mingw32/bin/../lib/gcc/nios2-elf/4.1.2/../../../../nios2-elf/lib\libm.a(lib_a-s_matherr.o)
                0x00802c48                matherr
 .text          0x00802c50       0x10 c:/altera/12.1sp1/nios2eds/bin/gnu/h-i686-mingw32/bin/../lib/gcc/nios2-elf/4.1.2/../../../../nios2-elf/lib\libm.a(lib_a-s_nan.o)
                0x00802c50                nan
 .text          0x00802c60      0x210 c:/altera/12.1sp1/nios2eds/bin/gnu/h-i686-mingw32/bin/../lib/gcc/nios2-elf/4.1.2/../../../../nios2-elf/lib\libm.a(lib_a-s_rint.o)
                0x00802c60                rint
 .text          0x00802e70      0x1e0 c:/altera/12.1sp1/nios2eds/bin/gnu/h-i686-mingw32/bin/../lib/gcc/nios2-elf/4.1.2/../../../../nios2-elf/lib\libm.a(lib_a-s_scalbn.o)
                0x00802e70                scalbn
 .text          0x00803050       0x24 c:/altera/12.1sp1/nios2eds/bin/gnu/h-i686-mingw32/bin/../lib/gcc/nios2-elf/4.1.2/../../../../nios2-elf/lib\libm.a(lib_a-s_copysign.o)
                0x00803050                copysign
 .text          0x00803074      0x2b8 c:/altera/12.1sp1/nios2eds/bin/gnu/h-i686-mingw32/bin/../lib/gcc/nios2-elf/4.1.2\libgcc.a(_addsub_sf.o)
                0x00803258                __subsf3
                0x008032c8                __addsf3
 .text          0x0080332c      0x1e0 c:/altera/12.1sp1/nios2eds/bin/gnu/h-i686-mingw32/bin/../lib/gcc/nios2-elf/4.1.2\libgcc.a(_mul_sf.o)
                0x0080332c                __mulsf3
 .text          0x0080350c      0x174 c:/altera/12.1sp1/nios2eds/bin/gnu/h-i686-mingw32/bin/../lib/gcc/nios2-elf/4.1.2\libgcc.a(_div_sf.o)
                0x0080350c                __divsf3
 .text          0x00803680       0x94 c:/altera/12.1sp1/nios2eds/bin/gnu/h-i686-mingw32/bin/../lib/gcc/nios2-elf/4.1.2\libgcc.a(_sf_to_si.o)
                0x00803680                __fixsfsi
 .text          0x00803714        0x0 c:/altera/12.1sp1/nios2eds/bin/gnu/h-i686-mingw32/bin/../lib/gcc/nios2-elf/4.1.2\libgcc.a(_thenan_sf.o)
 .text          0x00803714      0x504 c:/altera/12.1sp1/nios2eds/bin/gnu/h-i686-mingw32/bin/../lib/gcc/nios2-elf/4.1.2\libgcc.a(_addsub_df.o)
                0x00803b24                __subdf3
                0x00803ba4                __adddf3
 .text          0x00803c18      0x3c4 c:/altera/12.1sp1/nios2eds/bin/gnu/h-i686-mingw32/bin/../lib/gcc/nios2-elf/4.1.2\libgcc.a(_mul_df.o)
                0x00803c18                __muldf3
 .text          0x00803fdc      0x258 c:/altera/12.1sp1/nios2eds/bin/gnu/h-i686-mingw32/bin/../lib/gcc/nios2-elf/4.1.2\libgcc.a(_div_df.o)
                0x00803fdc                __divdf3
 .text          0x00804234       0x88 c:/altera/12.1sp1/nios2eds/bin/gnu/h-i686-mingw32/bin/../lib/gcc/nios2-elf/4.1.2\libgcc.a(_eq_df.o)
                0x00804234                __eqdf2
 .text          0x008042bc       0x88 c:/altera/12.1sp1/nios2eds/bin/gnu/h-i686-mingw32/bin/../lib/gcc/nios2-elf/4.1.2\libgcc.a(_ne_df.o)
                0x008042bc                __nedf2
 .text          0x00804344       0x88 c:/altera/12.1sp1/nios2eds/bin/gnu/h-i686-mingw32/bin/../lib/gcc/nios2-elf/4.1.2\libgcc.a(_gt_df.o)
                0x00804344                __gtdf2
 .text          0x008043cc       0x88 c:/altera/12.1sp1/nios2eds/bin/gnu/h-i686-mingw32/bin/../lib/gcc/nios2-elf/4.1.2\libgcc.a(_lt_df.o)
                0x008043cc                __ltdf2
 .text          0x00804454       0x88 c:/altera/12.1sp1/nios2eds/bin/gnu/h-i686-mingw32/bin/../lib/gcc/nios2-elf/4.1.2\libgcc.a(_le_df.o)
                0x00804454                __ledf2
 .text          0x008044dc       0xf8 c:/altera/12.1sp1/nios2eds/bin/gnu/h-i686-mingw32/bin/../lib/gcc/nios2-elf/4.1.2\libgcc.a(_si_to_df.o)
                0x008044dc                __floatsidf
 .text          0x008045d4       0x74 c:/altera/12.1sp1/nios2eds/bin/gnu/h-i686-mingw32/bin/../lib/gcc/nios2-elf/4.1.2\libgcc.a(_df_to_sf.o)
                0x008045d4                __truncdfsf2
 .text          0x00804648        0x0 c:/altera/12.1sp1/nios2eds/bin/gnu/h-i686-mingw32/bin/../lib/gcc/nios2-elf/4.1.2\libgcc.a(_thenan_df.o)
 .text          0x00804648       0x98 c:/altera/12.1sp1/nios2eds/bin/gnu/h-i686-mingw32/bin/../lib/gcc/nios2-elf/4.1.2\libgcc.a(_muldi3.o)
                0x00804648                __muldi3
 .text          0x008046e0       0x80 c:/altera/12.1sp1/nios2eds/bin/gnu/h-i686-mingw32/bin/../lib/gcc/nios2-elf/4.1.2\libgcc.a(_clzsi2.o)
                0x008046e0                __clzsi2
 .text          0x00804760      0x160 c:/altera/12.1sp1/nios2eds/bin/gnu/h-i686-mingw32/bin/../lib/gcc/nios2-elf/4.1.2\libgcc.a(_pack_sf.o)
                0x00804760                __pack_f
 .text          0x008048c0       0xc8 c:/altera/12.1sp1/nios2eds/bin/gnu/h-i686-mingw32/bin/../lib/gcc/nios2-elf/4.1.2\libgcc.a(_unpack_sf.o)
                0x008048c0                __unpack_f
 .text          0x00804988       0x2c c:/altera/12.1sp1/nios2eds/bin/gnu/h-i686-mingw32/bin/../lib/gcc/nios2-elf/4.1.2\libgcc.a(_make_sf.o)
                0x00804988                __make_fp
 .text          0x008049b4      0x314 c:/altera/12.1sp1/nios2eds/bin/gnu/h-i686-mingw32/bin/../lib/gcc/nios2-elf/4.1.2\libgcc.a(_pack_df.o)
                0x008049b4                __pack_d
 .text          0x00804cc8      0x138 c:/altera/12.1sp1/nios2eds/bin/gnu/h-i686-mingw32/bin/../lib/gcc/nios2-elf/4.1.2\libgcc.a(_unpack_df.o)
                0x00804cc8                __unpack_d
 .text          0x00804e00       0xc8 c:/altera/12.1sp1/nios2eds/bin/gnu/h-i686-mingw32/bin/../lib/gcc/nios2-elf/4.1.2\libgcc.a(_fpcmp_parts_df.o)
                0x00804e00                __fpcmp_parts_d
 .text          0x00804ec8        0x0 c:/altera/12.1sp1/nios2eds/bin/gnu/h-i686-mingw32/bin/../lib/gcc/nios2-elf/4.1.2\libgcc.a(_clz.o)
 .text          0x00804ec8       0x10 c:/altera/12.1sp1/nios2eds/bin/gnu/h-i686-mingw32/bin/../lib/gcc/nios2-elf/4.1.2/../../../../nios2-elf/lib\libc.a(lib_a-errno.o)
                0x00804ec8                __errno
 .text          0x00804ed8        0x0 c:/altera/12.1sp1/nios2eds/bin/gnu/h-i686-mingw32/bin/../lib/gcc/nios2-elf/4.1.2/../../../../nios2-elf/lib\libc.a(lib_a-impure.o)
 .text          0x00804ed8       0xa0 c:/altera/12.1sp1/nios2eds/bin/gnu/h-i686-mingw32/bin/../lib/gcc/nios2-elf/4.1.2/../../../../nios2-elf/lib\libc.a(lib_a-memcpy.o)
                0x00804ed8                memcpy
 .text          0x00804f78       0x24 c:/altera/12.1sp1/nios2eds/bin/gnu/h-i686-mingw32/bin/../lib/gcc/nios2-elf/4.1.2/../../../../nios2-elf/lib\libc.a(lib_a-putchar.o)
                0x00804f78                putchar
                0x00804f94                _putchar_r
 .text          0x00804f9c       0xb4 c:/altera/12.1sp1/nios2eds/bin/gnu/h-i686-mingw32/bin/../lib/gcc/nios2-elf/4.1.2/../../../../nios2-elf/lib\libc.a(lib_a-puts.o)
                0x00804f9c                _puts_r
                0x0080503c                puts
 .text          0x00805050       0x74 c:/altera/12.1sp1/nios2eds/bin/gnu/h-i686-mingw32/bin/../lib/gcc/nios2-elf/4.1.2/../../../../nios2-elf/lib\libc.a(lib_a-strlen.o)
                0x00805050                strlen
 .text          0x008050c4      0x49c c:/altera/12.1sp1/nios2eds/bin/gnu/h-i686-mingw32/bin/../lib/gcc/nios2-elf/4.1.2/../../../../nios2-elf/lib\libc.a(lib_a-fvwrite.o)
                0x008050c4                __sfvwrite_r
 .text          0x00805560      0x740 c:/altera/12.1sp1/nios2eds/bin/gnu/h-i686-mingw32/bin/../lib/gcc/nios2-elf/4.1.2/../../../../nios2-elf/lib\libc.a(lib_a-mallocr.o)
                0x00805560                _malloc_r
 .text          0x00805ca0       0xe4 c:/altera/12.1sp1/nios2eds/bin/gnu/h-i686-mingw32/bin/../lib/gcc/nios2-elf/4.1.2/../../../../nios2-elf/lib\libc.a(lib_a-memchr.o)
                0x00805ca0                memchr
 .text          0x00805d84       0xe0 c:/altera/12.1sp1/nios2eds/bin/gnu/h-i686-mingw32/bin/../lib/gcc/nios2-elf/4.1.2/../../../../nios2-elf/lib\libc.a(lib_a-memmove.o)
                0x00805d84                memmove
 .text          0x00805e64      0x1ec c:/altera/12.1sp1/nios2eds/bin/gnu/h-i686-mingw32/bin/../lib/gcc/nios2-elf/4.1.2/../../../../nios2-elf/lib\libc.a(lib_a-putc.o)
                0x00805e64                putc
                0x00805f68                _putc_r
 .text          0x00806050      0x5f4 c:/altera/12.1sp1/nios2eds/bin/gnu/h-i686-mingw32/bin/../lib/gcc/nios2-elf/4.1.2/../../../../nios2-elf/lib\libc.a(lib_a-reallocr.o)
                0x00806050                _realloc_r
 .text          0x00806644       0x70 c:/altera/12.1sp1/nios2eds/bin/gnu/h-i686-mingw32/bin/../lib/gcc/nios2-elf/4.1.2/../../../../nios2-elf/lib\libc.a(lib_a-sbrkr.o)
                0x00806644                _sbrk_r
 .text          0x008066b4      0x14c c:/altera/12.1sp1/nios2eds/bin/gnu/h-i686-mingw32/bin/../lib/gcc/nios2-elf/4.1.2/../../../../nios2-elf/lib\libc.a(lib_a-wbuf.o)
                0x008066b4                __swbuf_r
                0x008067e4                __swbuf
 .text          0x00806800      0x13c c:/altera/12.1sp1/nios2eds/bin/gnu/h-i686-mingw32/bin/../lib/gcc/nios2-elf/4.1.2/../../../../nios2-elf/lib\libc.a(lib_a-wsetup.o)
                0x00806800                __swsetup_r
 .text          0x0080693c      0x230 c:/altera/12.1sp1/nios2eds/bin/gnu/h-i686-mingw32/bin/../lib/gcc/nios2-elf/4.1.2/../../../../nios2-elf/lib\libc.a(lib_a-fflush.o)
                0x0080693c                _fflush_r
                0x00806b38                fflush
 .text          0x00806b6c      0x2c0 c:/altera/12.1sp1/nios2eds/bin/gnu/h-i686-mingw32/bin/../lib/gcc/nios2-elf/4.1.2/../../../../nios2-elf/lib\libc.a(lib_a-findfp.o)
                0x00806bc4                __sfp_lock_acquire
                0x00806bc8                __sfp_lock_release
                0x00806bcc                __sinit_lock_acquire
                0x00806bd0                __sinit_lock_release
                0x00806bd4                __sinit
                0x00806c88                __fp_unlock_all
                0x00806ca0                __fp_lock_all
                0x00806cb8                _cleanup_r
                0x00806cc4                _cleanup
                0x00806cd4                __sfmoreglue
                0x00806d3c                __sfp
 .text          0x00806e2c      0x440 c:/altera/12.1sp1/nios2eds/bin/gnu/h-i686-mingw32/bin/../lib/gcc/nios2-elf/4.1.2/../../../../nios2-elf/lib\libc.a(lib_a-freer.o)
                0x00806e2c                _malloc_trim_r
                0x00806f58                _free_r
 .text          0x0080726c      0x180 c:/altera/12.1sp1/nios2eds/bin/gnu/h-i686-mingw32/bin/../lib/gcc/nios2-elf/4.1.2/../../../../nios2-elf/lib\libc.a(lib_a-fwalk.o)
                0x0080726c                _fwalk_reent
                0x00807334                _fwalk
 .text          0x008073ec        0x0 c:/altera/12.1sp1/nios2eds/bin/gnu/h-i686-mingw32/bin/../lib/gcc/nios2-elf/4.1.2/../../../../nios2-elf/lib\libc.a(lib_a-int_errno.o)
 .text          0x008073ec      0x194 c:/altera/12.1sp1/nios2eds/bin/gnu/h-i686-mingw32/bin/../lib/gcc/nios2-elf/4.1.2/../../../../nios2-elf/lib\libc.a(lib_a-makebuf.o)
                0x008073ec                __smakebuf_r
 .text          0x00807580       0x98 c:/altera/12.1sp1/nios2eds/bin/gnu/h-i686-mingw32/bin/../lib/gcc/nios2-elf/4.1.2/../../../../nios2-elf/lib\libc.a(lib_a-memset.o)
                0x00807580                memset
 .text          0x00807618      0x14c c:/altera/12.1sp1/nios2eds/bin/gnu/h-i686-mingw32/bin/../lib/gcc/nios2-elf/4.1.2/../../../../nios2-elf/lib\libc.a(lib_a-stdio.o)
                0x00807618                __sclose
                0x00807620                __sseek
                0x00807688                __swrite
                0x00807704                __sread
 .text          0x00807764       0x78 c:/altera/12.1sp1/nios2eds/bin/gnu/h-i686-mingw32/bin/../lib/gcc/nios2-elf/4.1.2/../../../../nios2-elf/lib\libc.a(lib_a-writer.o)
                0x00807764                _write_r
 .text          0x008077dc       0x70 c:/altera/12.1sp1/nios2eds/bin/gnu/h-i686-mingw32/bin/../lib/gcc/nios2-elf/4.1.2/../../../../nios2-elf/lib\libc.a(lib_a-closer.o)
                0x008077dc                _close_r
 .text          0x0080784c      0x124 c:/altera/12.1sp1/nios2eds/bin/gnu/h-i686-mingw32/bin/../lib/gcc/nios2-elf/4.1.2/../../../../nios2-elf/lib\libc.a(lib_a-fclose.o)
                0x0080784c                _fclose_r
                0x0080795c                fclose
 .text          0x00807970       0x74 c:/altera/12.1sp1/nios2eds/bin/gnu/h-i686-mingw32/bin/../lib/gcc/nios2-elf/4.1.2/../../../../nios2-elf/lib\libc.a(lib_a-fstatr.o)
                0x00807970                _fstat_r
 .text          0x008079e4       0x70 c:/altera/12.1sp1/nios2eds/bin/gnu/h-i686-mingw32/bin/../lib/gcc/nios2-elf/4.1.2/../../../../nios2-elf/lib\libc.a(lib_a-isattyr.o)
                0x008079e4                _isatty_r
 .text          0x00807a54       0x78 c:/altera/12.1sp1/nios2eds/bin/gnu/h-i686-mingw32/bin/../lib/gcc/nios2-elf/4.1.2/../../../../nios2-elf/lib\libc.a(lib_a-lseekr.o)
                0x00807a54                _lseek_r
 .text          0x00807acc       0x78 c:/altera/12.1sp1/nios2eds/bin/gnu/h-i686-mingw32/bin/../lib/gcc/nios2-elf/4.1.2/../../../../nios2-elf/lib\libc.a(lib_a-readr.o)
                0x00807acc                _read_r
 .text          0x00807b44      0x15c ../LaserHarpBuildClean_bsp/\libucosii_bsp.a(alt_close.o)
                0x00807b44                close
 .text          0x00807ca0       0x2c ../LaserHarpBuildClean_bsp/\libucosii_bsp.a(alt_dev.o)
 .text          0x00807ccc        0x0 ../LaserHarpBuildClean_bsp/\libucosii_bsp.a(alt_errno.o)
 .text          0x00807ccc      0x134 ../LaserHarpBuildClean_bsp/\libucosii_bsp.a(alt_fstat.o)
                0x00807ccc                fstat
 .text          0x00807e00      0x1d4 ../LaserHarpBuildClean_bsp/\libucosii_bsp.a(alt_iic.o)
                0x00807e00                alt_ic_isr_register
                0x00807e50                alt_ic_irq_enable
                0x00807eec                alt_ic_irq_disable
                0x00807f8c                alt_ic_irq_enabled
 .text          0x00807fd4       0xf8 ../LaserHarpBuildClean_bsp/\libucosii_bsp.a(alt_iic_isr_register.o)
                0x00807fd4                alt_iic_isr_register
 .text          0x008080cc        0x0 ../LaserHarpBuildClean_bsp/\libucosii_bsp.a(alt_irq_entry.o)
 .text          0x008080cc        0x0 ../LaserHarpBuildClean_bsp/\libucosii_bsp.a(alt_irq_handler.o)
 .text          0x008080cc        0x0 ../LaserHarpBuildClean_bsp/\libucosii_bsp.a(alt_irq_vars.o)
 .text          0x008080cc      0x120 ../LaserHarpBuildClean_bsp/\libucosii_bsp.a(alt_isatty.o)
                0x008080cc                isatty
 .text          0x008081ec      0x150 ../LaserHarpBuildClean_bsp/\libucosii_bsp.a(alt_lseek.o)
                0x008081ec                lseek
 .text          0x0080833c       0xc8 ../LaserHarpBuildClean_bsp/\libucosii_bsp.a(alt_main.o)
                0x0080833c                alt_main
 .text          0x00808404      0x258 ../LaserHarpBuildClean_bsp/\libucosii_bsp.a(alt_printf.o)
                0x00808404                alt_printf
 .text          0x0080865c       0x40 ../LaserHarpBuildClean_bsp/\libucosii_bsp.a(alt_putchar.o)
                0x0080865c                alt_putchar
 .text          0x0080869c      0x180 ../LaserHarpBuildClean_bsp/\libucosii_bsp.a(alt_read.o)
                0x0080869c                read
 .text          0x0080881c       0x60 ../LaserHarpBuildClean_bsp/\libucosii_bsp.a(alt_release_fd.o)
                0x0080881c                alt_release_fd
 .text          0x0080887c       0xbc ../LaserHarpBuildClean_bsp/\libucosii_bsp.a(alt_sbrk.o)
                0x0080887c                sbrk
 .text          0x00808938      0x180 ../LaserHarpBuildClean_bsp/\libucosii_bsp.a(alt_write.o)
                0x00808938                write
 .text          0x00808ab8      0x108 ../LaserHarpBuildClean_bsp/\libucosii_bsp.a(alt_env_lock.o)
                0x00808ab8                __env_lock
                0x00808b64                __env_unlock
 .text          0x00808bc0      0x1d8 ../LaserHarpBuildClean_bsp/\libucosii_bsp.a(alt_malloc_lock.o)
                0x00808bc0                __malloc_lock
                0x00808cc8                __malloc_unlock
 .text          0x00808d98     0x2128 ../LaserHarpBuildClean_bsp/\libucosii_bsp.a(os_core.o)
                0x00808d98                OSEventNameGet
                0x00808ec8                OSEventNameSet
                0x0080900c                OSEventPendMulti
                0x008096c0                OSInit
                0x00809714                OSIntEnter
                0x00809790                OSIntExit
                0x00809890                OSSchedLock
                0x0080991c                OSSchedUnlock
                0x00809a00                OSStart
                0x00809a70                OSStatInit
                0x00809b1c                OSTimeTick
                0x00809d5c                OSVersion
                0x00809d7c                OS_Dummy
                0x00809d98                OS_EventTaskRdy
                0x00809f2c                OS_EventTaskWait
                0x0080a03c                OS_EventTaskWaitMulti
                0x0080a190                OS_EventTaskRemove
                0x0080a248                OS_EventTaskRemoveMulti
                0x0080a34c                OS_EventWaitListInit
                0x0080a718                OS_MemClr
                0x0080a76c                OS_MemCopy
                0x0080a7d8                OS_Sched
                0x0080a91c                OS_StrCopy
                0x0080a99c                OS_StrLen
                0x0080a9f4                OS_TaskIdle
                0x0080aa50                OS_TaskStat
                0x0080ab18                OS_TaskStatStkChk
                0x0080abe0                OS_TCBInit
 .text          0x0080aec0      0x18c ../LaserHarpBuildClean_bsp/\libucosii_bsp.a(os_dbg.o)
                0x0080aec0                OSDebugInit
 .text          0x0080b04c     0x193c ../LaserHarpBuildClean_bsp/\libucosii_bsp.a(os_flag.o)
                0x0080b04c                OSFlagAccept
                0x0080b380                OSFlagCreate
                0x0080b4bc                OSFlagDel
                0x0080b764                OSFlagNameGet
                0x0080b8a8                OSFlagNameSet
                0x0080b9fc                OSFlagPend
                0x0080c040                OSFlagPendGetFlagsRdy
                0x0080c0a8                OSFlagPost
                0x0080c450                OSFlagQuery
                0x0080c6e8                OS_FlagInit
                0x0080c8dc                OS_FlagUnlink
 .text          0x0080c988      0x808 ../LaserHarpBuildClean_bsp/\libucosii_bsp.a(os_mem.o)
                0x0080c988                OSMemCreate
                0x0080cba4                OSMemGet
                0x0080cca8                OSMemNameGet
                0x0080cdb4                OSMemNameSet
                0x0080ced4                OSMemPut
                0x0080cfc4                OSMemQuery
                0x0080d0c0                OS_MemInit
 .text          0x0080d190     0x1334 ../LaserHarpBuildClean_bsp/\libucosii_bsp.a(os_q.o)
                0x0080d190                OSQAccept
                0x0080d2e4                OSQCreate
                0x0080d4f8                OSQDel
                0x0080d7f8                OSQFlush
                0x0080d8c0                OSQPend
                0x0080dbe0                OSQPendAbort
                0x0080dd5c                OSQPost
                0x0080dedc                OSQPostFront
                0x0080e064                OSQPostOpt
                0x0080e298                OSQQuery
                0x0080e418                OS_QInit
 .text          0x0080e4c4      0xbc8 ../LaserHarpBuildClean_bsp/\libucosii_bsp.a(os_sem.o)
                0x0080e4c4                OSSemAccept
                0x0080e584                OSSemCreate
                0x0080e698                OSSemDel
                0x0080e938                OSSemPend
                0x0080ebb4                OSSemPendAbort
                0x0080ed30                OSSemPost
                0x0080ee58                OSSemQuery
                0x0080ef88                OSSemSet
 .text          0x0080f08c     0x1a40 ../LaserHarpBuildClean_bsp/\libucosii_bsp.a(os_task.o)
                0x0080f08c                OSTaskChangePrio
                0x0080f600                OSTaskCreate
                0x0080f7d4                OSTaskCreateExt
                0x0080f9d4                OSTaskDel
                0x0080fde0                OSTaskDelReq
                0x0080ff50                OSTaskNameGet
                0x00810108                OSTaskNameSet
                0x008102cc                OSTaskResume
                0x008104e4                OSTaskStkChk
                0x008106e0                OSTaskSuspend
                0x0081090c                OSTaskQuery
                0x00810a50                OS_TaskStkClr
 .text          0x00810acc      0x598 ../LaserHarpBuildClean_bsp/\libucosii_bsp.a(os_time.o)
                0x00810acc                OSTimeDly
                0x00810c18                OSTimeDlyHMSM
                0x00810d8c                OSTimeDlyResume
                0x00810f9c                OSTimeGet
                0x00811000                OSTimeSet
 .text          0x00811064       0xf8 ../LaserHarpBuildClean_bsp/\libucosii_bsp.a(alt_sys_init.o)
                0x00811064                alt_irq_init
                0x00811098                alt_sys_init
 .text          0x0081115c      0x560 ../LaserHarpBuildClean_bsp/\libucosii_bsp.a(altera_avalon_fifo_util.o)
                0x0081115c                altera_avalon_fifo_init
                0x00811218                altera_avalon_fifo_read_status
                0x00811254                altera_avalon_fifo_read_ienable
                0x00811290                altera_avalon_fifo_read_almostfull
                0x008112bc                altera_avalon_fifo_read_almostempty
                0x008112e8                altera_avalon_fifo_read_event
                0x00811324                altera_avalon_fifo_read_level
                0x0081134c                altera_avalon_fifo_clear_event
                0x008113b4                altera_avalon_fifo_write_ienable
                0x00811414                altera_avalon_fifo_write_almostfull
                0x00811474                altera_avalon_fifo_write_almostempty
                0x008114d4                altera_avalon_fifo_write_fifo
                0x00811538                altera_avalon_read_fifo
                0x008115a8                altera_avalon_fifo_read_fifo
                0x00811600                altera_avalon_fifo_write_other_info
                0x00811668                altera_avalon_fifo_read_other_info
                0x00811694                altera_avalon_fifo_read_backpressure
 .text          0x008116bc      0x148 ../LaserHarpBuildClean_bsp/\libucosii_bsp.a(altera_avalon_jtag_uart_fd.o)
                0x008116bc                altera_avalon_jtag_uart_read_fd
                0x00811714                altera_avalon_jtag_uart_write_fd
                0x0081176c                altera_avalon_jtag_uart_close_fd
                0x008117b4                altera_avalon_jtag_uart_ioctl_fd
 .text          0x00811804      0x584 ../LaserHarpBuildClean_bsp/\libucosii_bsp.a(altera_avalon_jtag_uart_init.o)
                0x00811804                altera_avalon_jtag_uart_init
                0x00811d14                altera_avalon_jtag_uart_close
 .text          0x00811d88       0xf4 ../LaserHarpBuildClean_bsp/\libucosii_bsp.a(altera_avalon_jtag_uart_ioctl.o)
                0x00811d88                altera_avalon_jtag_uart_ioctl
 .text          0x00811e7c      0x2c0 ../LaserHarpBuildClean_bsp/\libucosii_bsp.a(altera_avalon_jtag_uart_read.o)
                0x00811e7c                altera_avalon_jtag_uart_read
 .text          0x0081213c      0x2dc ../LaserHarpBuildClean_bsp/\libucosii_bsp.a(altera_avalon_jtag_uart_write.o)
                0x0081213c                altera_avalon_jtag_uart_write
 .text          0x00812418      0x100 ../LaserHarpBuildClean_bsp/\libucosii_bsp.a(altera_avalon_timer_sc.o)
                0x00812488                alt_avalon_timer_sc_init
 .text          0x00812518      0x80c ../LaserHarpBuildClean_bsp/\libucosii_bsp.a(altera_up_avalon_audio.o)
                0x00812518                alt_up_audio_open_dev
                0x00812558                alt_up_audio_enable_read_interrupt
                0x008125a4                alt_up_audio_disable_read_interrupt
                0x008125f4                alt_up_audio_enable_write_interrupt
                0x00812640                alt_up_audio_disable_write_interrupt
                0x00812690                alt_up_audio_read_interrupt_pending
                0x008126cc                alt_up_audio_write_interrupt_pending
                0x00812708                alt_up_audio_reset_audio_core
                0x00812790                alt_up_audio_read_fifo_avail
                0x00812800                alt_up_audio_record_r
                0x00812870                alt_up_audio_record_l
                0x008128e0                alt_up_audio_write_fifo_space
                0x00812954                alt_up_audio_play_r
                0x008129c4                alt_up_audio_play_l
                0x00812a34                alt_up_audio_read_fifo
                0x00812b38                alt_up_audio_write_fifo
                0x00812c64                alt_up_audio_read_fifo_head
                0x00812cc4                alt_up_audio_write_fifo_head
 .text          0x00812d24      0x788 ../LaserHarpBuildClean_bsp/\libucosii_bsp.a(altera_up_avalon_audio_and_video_config.o)
                0x00812d24                alt_up_av_config_open_dev
                0x00812d88                alt_up_av_config_write_data
                0x00812dec                alt_up_av_config_read_data
                0x00812e78                alt_up_av_config_reset
                0x00812eb0                alt_up_av_config_enable_interrupt
                0x00812ee8                alt_up_av_config_disable_interrupt
                0x00812f18                alt_up_av_config_read_acknowledge
                0x00812f80                alt_up_av_config_read_ready
                0x00812fb8                alt_up_av_config_write_audio_cfg_register
                0x00813064                alt_up_av_config_read_video_cfg_register
                0x0081315c                alt_up_av_config_write_video_cfg_register
                0x00813254                alt_up_av_config_read_DC2_cfg_register
                0x008132b8                alt_up_av_config_write_DC2_cfg_register
                0x0081331c                alt_up_av_config_read_D5M_cfg_register
                0x00813380                alt_up_av_config_write_D5M_cfg_register
                0x008133e4                alt_up_av_config_read_LTM_cfg_register
                0x00813448                alt_up_av_config_write_LTM_cfg_register
 .text          0x008134ac      0x530 ../LaserHarpBuildClean_bsp/\libucosii_bsp.a(altera_up_avalon_character_lcd.o)
                0x008134ac                get_DDRAM_addr
                0x00813528                alt_up_character_lcd_send_cmd
                0x0081355c                alt_up_character_lcd_init
                0x00813590                alt_up_character_lcd_open_dev
                0x008135d0                alt_up_character_lcd_write
                0x00813648                alt_up_character_lcd_string
                0x008136c0                alt_up_character_lcd_write_fd
                0x0081370c                alt_up_character_lcd_set_cursor_pos
                0x00813784                alt_up_character_lcd_shift_cursor
                0x00813834                alt_up_character_lcd_shift_display
                0x008138e4                alt_up_character_lcd_erase_pos
                0x00813974                alt_up_character_lcd_cursor_off
                0x008139a8                alt_up_character_lcd_cursor_blink_on
 .text          0x008139dc      0x154 ../LaserHarpBuildClean_bsp/\libucosii_bsp.a(alt_alarm_start.o)
                0x008139dc                alt_alarm_start
 .text          0x00813b30      0x114 ../LaserHarpBuildClean_bsp/\libucosii_bsp.a(alt_dev_llist_insert.o)
                0x00813b30                alt_dev_llist_insert
 .text          0x00813c44       0x64 ../LaserHarpBuildClean_bsp/\libucosii_bsp.a(alt_do_ctors.o)
                0x00813c44                _do_ctors
 .text          0x00813ca8       0x64 ../LaserHarpBuildClean_bsp/\libucosii_bsp.a(alt_do_dtors.o)
                0x00813ca8                _do_dtors
 .text          0x00813d0c        0x0 ../LaserHarpBuildClean_bsp/\libucosii_bsp.a(alt_exception_entry.o)
 .text          0x00813d0c       0x94 ../LaserHarpBuildClean_bsp/\libucosii_bsp.a(alt_find_dev.o)
                0x00813d0c                alt_find_dev
 .text          0x00813da0      0x13c ../LaserHarpBuildClean_bsp/\libucosii_bsp.a(alt_io_redirect.o)
                0x00813e64                alt_io_redirect
 .text          0x00813edc      0x2c4 ../LaserHarpBuildClean_bsp/\libucosii_bsp.a(alt_open.o)
                0x00813fb8                open
 .text          0x008141a0      0x1a8 ../LaserHarpBuildClean_bsp/\libucosii_bsp.a(alt_tick.o)
                0x008141a0                alt_alarm_stop
                0x00814238                alt_tick
 .text          0x00814348       0x20 ../LaserHarpBuildClean_bsp/\libucosii_bsp.a(altera_nios2_qsys_irq.o)
                0x00814348                altera_nios2_qsys_irq_init
 .text          0x00814368       0xd0 ../LaserHarpBuildClean_bsp/\libucosii_bsp.a(os_cpu_a.o)
                0x00814368                OSCtxSw
                0x00814368                OSIntCtxSw
                0x008143f4                OSStartHighRdy
                0x00814414                OSStartTsk
 .text          0x00814438      0x418 ../LaserHarpBuildClean_bsp/\libucosii_bsp.a(os_cpu_c.o)
                0x00814438                OSTaskStkInit
                0x00814748                OSTaskCreateHook
                0x00814768                OSTaskDelHook
                0x00814788                OSTaskSwHook
                0x008147a4                OSTaskStatHook
                0x008147c0                OSTimeTickHook
                0x008147dc                OSInitHookBegin
                0x008147f8                OSInitHookEnd
                0x00814814                OSTaskIdleHook
                0x00814830                OSTCBInitHook
 .text          0x00814850      0x120 ../LaserHarpBuildClean_bsp/\libucosii_bsp.a(alt_find_file.o)
                0x00814850                alt_find_file
 .text          0x00814970       0xf4 ../LaserHarpBuildClean_bsp/\libucosii_bsp.a(alt_get_fd.o)
                0x00814970                alt_get_fd
 .text          0x00814a64       0x14 c:/altera/12.1sp1/nios2eds/bin/gnu/h-i686-mingw32/bin/../lib/gcc/nios2-elf/4.1.2/../../../../nios2-elf/lib\libc.a(lib_a-atexit.o)
                0x00814a64                atexit
 .text          0x00814a78       0x38 c:/altera/12.1sp1/nios2eds/bin/gnu/h-i686-mingw32/bin/../lib/gcc/nios2-elf/4.1.2/../../../../nios2-elf/lib\libc.a(lib_a-exit.o)
                0x00814a78                exit
 .text          0x00814ab0       0x74 c:/altera/12.1sp1/nios2eds/bin/gnu/h-i686-mingw32/bin/../lib/gcc/nios2-elf/4.1.2/../../../../nios2-elf/lib\libc.a(lib_a-memcmp.o)
                0x00814ab0                memcmp
 .text          0x00814b24      0x134 c:/altera/12.1sp1/nios2eds/bin/gnu/h-i686-mingw32/bin/../lib/gcc/nios2-elf/4.1.2/../../../../nios2-elf/lib\libc.a(lib_a-__atexit.o)
                0x00814b24                __register_exitproc
 .text          0x00814c58      0x1b4 c:/altera/12.1sp1/nios2eds/bin/gnu/h-i686-mingw32/bin/../lib/gcc/nios2-elf/4.1.2/../../../../nios2-elf/lib\libc.a(lib_a-__call_atexit.o)
                0x00814c5c                __call_exitprocs
 .text          0x00814e0c      0x14c c:/altera/12.1sp1/nios2eds/bin/gnu/h-i686-mingw32/bin/../lib/gcc/nios2-elf/4.1.2\libgcc.a(lib2-divmod.o)
                0x00814e88                __divsi3
                0x00814ee8                __modsi3
                0x00814f48                __udivsi3
                0x00814f50                __umodsi3
 .text          0x00814f58       0x6c ../LaserHarpBuildClean_bsp/\libucosii_bsp.a(alt_exit.o)
                0x00814f98                _exit
 *(.gnu.warning.*)
 *(.fini)
                0x00814fc4                PROVIDE (__etext, ABSOLUTE (.))
                0x00814fc4                PROVIDE (_etext, ABSOLUTE (.))
                0x00814fc4                PROVIDE (etext, ABSOLUTE (.))
 *(.eh_frame_hdr)
                0x00814fc4                . = ALIGN (0x4)
                0x00814fc4                PROVIDE (__preinit_array_start, ABSOLUTE (.))
 *(.preinit_array)
                0x00814fc4                PROVIDE (__preinit_array_end, ABSOLUTE (.))
                0x00814fc4                PROVIDE (__init_array_start, ABSOLUTE (.))
 *(.init_array)
                0x00814fc4                PROVIDE (__init_array_end, ABSOLUTE (.))
                0x00814fc4                PROVIDE (__fini_array_start, ABSOLUTE (.))
 *(.fini_array)
                0x00814fc4                PROVIDE (__fini_array_end, ABSOLUTE (.))
 *(.eh_frame)
 *(.gcc_except_table)
 *(.dynamic)
                0x00814fc4                PROVIDE (__CTOR_LIST__, ABSOLUTE (.))
 *(.ctors)
 *(SORT(.ctors.*))
 .ctors.65535   0x00814fc4        0x4 c:/altera/12.1sp1/nios2eds/bin/gnu/h-i686-mingw32/bin/../lib/gcc/nios2-elf/4.1.2/../../../../nios2-elf/lib\libc.a(lib_a-__call_atexit.o)
                0x00814fc8                PROVIDE (__CTOR_END__, ABSOLUTE (.))
                0x00814fc8                PROVIDE (__DTOR_LIST__, ABSOLUTE (.))
 *(.dtors)
 *(SORT(.dtors.*))
                0x00814fc8                PROVIDE (__DTOR_END__, ABSOLUTE (.))
 *(.jcr)
                0x00814fc8                . = ALIGN (0x4)

.rodata         0x00814fc8      0x528
                0x00814fc8                PROVIDE (__ram_rodata_start, ABSOLUTE (.))
                0x00814fc8                . = ALIGN (0x4)
 *(.rodata .rodata.* .gnu.linkonce.r.*)
 .rodata        0x00814fc8       0x80 obj/default/MIDIGenerator.o
 .rodata        0x00815048      0x194 obj/default/main.o
 .rodata.str1.4
                0x008151dc        0x4 c:/altera/12.1sp1/nios2eds/bin/gnu/h-i686-mingw32/bin/../lib/gcc/nios2-elf/4.1.2/../../../../nios2-elf/lib\libm.a(lib_a-w_pow.o)
 .rodata.str1.4
                0x008151e0        0x1 c:/altera/12.1sp1/nios2eds/bin/gnu/h-i686-mingw32/bin/../lib/gcc/nios2-elf/4.1.2/../../../../nios2-elf/lib\libm.a(lib_a-e_pow.o)
                                  0x4 (size before relaxing)
 *fill*         0x008151e1        0x3 00
 .rodata        0x008151e4       0x30 c:/altera/12.1sp1/nios2eds/bin/gnu/h-i686-mingw32/bin/../lib/gcc/nios2-elf/4.1.2/../../../../nios2-elf/lib\libm.a(lib_a-e_pow.o)
 .rodata        0x00815214       0x10 c:/altera/12.1sp1/nios2eds/bin/gnu/h-i686-mingw32/bin/../lib/gcc/nios2-elf/4.1.2/../../../../nios2-elf/lib\libm.a(lib_a-s_rint.o)
 .rodata        0x00815224       0x10 c:/altera/12.1sp1/nios2eds/bin/gnu/h-i686-mingw32/bin/../lib/gcc/nios2-elf/4.1.2\libgcc.a(_thenan_sf.o)
                0x00815224                __thenan_sf
 .rodata        0x00815234       0x14 c:/altera/12.1sp1/nios2eds/bin/gnu/h-i686-mingw32/bin/../lib/gcc/nios2-elf/4.1.2\libgcc.a(_thenan_df.o)
                0x00815234                __thenan_df
 .rodata        0x00815248      0x100 c:/altera/12.1sp1/nios2eds/bin/gnu/h-i686-mingw32/bin/../lib/gcc/nios2-elf/4.1.2\libgcc.a(_clz.o)
                0x00815248                __clz_tab
 .rodata.str1.4
                0x00815348        0x2 c:/altera/12.1sp1/nios2eds/bin/gnu/h-i686-mingw32/bin/../lib/gcc/nios2-elf/4.1.2/../../../../nios2-elf/lib\libc.a(lib_a-impure.o)
                                  0x4 (size before relaxing)
 *fill*         0x0081534a        0x2 00
 .rodata.str1.4
                0x0081534c        0x4 c:/altera/12.1sp1/nios2eds/bin/gnu/h-i686-mingw32/bin/../lib/gcc/nios2-elf/4.1.2/../../../../nios2-elf/lib\libc.a(lib_a-puts.o)
 .rodata        0x00815350        0xc ../LaserHarpBuildClean_bsp/\libucosii_bsp.a(alt_dev.o)
 .rodata        0x0081535c       0x14 ../LaserHarpBuildClean_bsp/\libucosii_bsp.a(alt_main.o)
 .rodata        0x00815370      0x120 ../LaserHarpBuildClean_bsp/\libucosii_bsp.a(os_core.o)
                0x00815370                OSUnMapTbl
 .rodata        0x00815490       0x5c ../LaserHarpBuildClean_bsp/\libucosii_bsp.a(alt_sys_init.o)
 .rodata        0x008154ec        0x4 ../LaserHarpBuildClean_bsp/\libucosii_bsp.a(os_cpu_c.o)
 *(.rodata1)
                0x008154f0                . = ALIGN (0x4)
                0x008154f0                PROVIDE (__ram_rodata_end, ABSOLUTE (.))
                0x00814fc8                PROVIDE (__flash_rodata_start, LOADADDR (.rodata))

.rwdata         0x008154f0     0x1b60
                0x008154f0                PROVIDE (__ram_rwdata_start, ABSOLUTE (.))
                0x008154f0                . = ALIGN (0x4)
 *(.got.plt)
 *(.got)
 *(.data1)
 *(.data .data.* .gnu.linkonce.d.*)
 .data          0x008154f0        0x0 ../LaserHarpBuildClean_bsp//obj/HAL/src/crt0.o
 .data          0x008154f0        0x0 obj/default/MIDIGenerator.o
 .data          0x008154f0        0x0 obj/default/SynthesizerDriver.o
 .data          0x008154f0        0x0 obj/default/main.o
 .data          0x008154f0        0x0 c:/altera/12.1sp1/nios2eds/bin/gnu/h-i686-mingw32/bin/../lib/gcc/nios2-elf/4.1.2/../../../../nios2-elf/lib\libm.a(lib_a-sf_round.o)
 .data          0x008154f0        0x0 c:/altera/12.1sp1/nios2eds/bin/gnu/h-i686-mingw32/bin/../lib/gcc/nios2-elf/4.1.2/../../../../nios2-elf/lib\libm.a(lib_a-w_pow.o)
 .data          0x008154f0        0x0 c:/altera/12.1sp1/nios2eds/bin/gnu/h-i686-mingw32/bin/../lib/gcc/nios2-elf/4.1.2/../../../../nios2-elf/lib\libm.a(lib_a-e_pow.o)
 .data          0x008154f0        0x0 c:/altera/12.1sp1/nios2eds/bin/gnu/h-i686-mingw32/bin/../lib/gcc/nios2-elf/4.1.2/../../../../nios2-elf/lib\libm.a(lib_a-e_sqrt.o)
 .data          0x008154f0        0x0 c:/altera/12.1sp1/nios2eds/bin/gnu/h-i686-mingw32/bin/../lib/gcc/nios2-elf/4.1.2/../../../../nios2-elf/lib\libm.a(lib_a-s_fabs.o)
 .data          0x008154f0        0x0 c:/altera/12.1sp1/nios2eds/bin/gnu/h-i686-mingw32/bin/../lib/gcc/nios2-elf/4.1.2/../../../../nios2-elf/lib\libm.a(lib_a-s_finite.o)
 .data          0x008154f0        0x0 c:/altera/12.1sp1/nios2eds/bin/gnu/h-i686-mingw32/bin/../lib/gcc/nios2-elf/4.1.2/../../../../nios2-elf/lib\libm.a(lib_a-s_isnand.o)
 .data          0x008154f0        0x0 c:/altera/12.1sp1/nios2eds/bin/gnu/h-i686-mingw32/bin/../lib/gcc/nios2-elf/4.1.2/../../../../nios2-elf/lib\libm.a(lib_a-s_lib_ver.o)
 .data          0x008154f0        0x0 c:/altera/12.1sp1/nios2eds/bin/gnu/h-i686-mingw32/bin/../lib/gcc/nios2-elf/4.1.2/../../../../nios2-elf/lib\libm.a(lib_a-s_matherr.o)
 .data          0x008154f0        0x0 c:/altera/12.1sp1/nios2eds/bin/gnu/h-i686-mingw32/bin/../lib/gcc/nios2-elf/4.1.2/../../../../nios2-elf/lib\libm.a(lib_a-s_nan.o)
 .data          0x008154f0        0x0 c:/altera/12.1sp1/nios2eds/bin/gnu/h-i686-mingw32/bin/../lib/gcc/nios2-elf/4.1.2/../../../../nios2-elf/lib\libm.a(lib_a-s_rint.o)
 .data          0x008154f0        0x0 c:/altera/12.1sp1/nios2eds/bin/gnu/h-i686-mingw32/bin/../lib/gcc/nios2-elf/4.1.2/../../../../nios2-elf/lib\libm.a(lib_a-s_scalbn.o)
 .data          0x008154f0        0x0 c:/altera/12.1sp1/nios2eds/bin/gnu/h-i686-mingw32/bin/../lib/gcc/nios2-elf/4.1.2/../../../../nios2-elf/lib\libm.a(lib_a-s_copysign.o)
 .data          0x008154f0        0x0 c:/altera/12.1sp1/nios2eds/bin/gnu/h-i686-mingw32/bin/../lib/gcc/nios2-elf/4.1.2\libgcc.a(_addsub_sf.o)
 .data          0x008154f0        0x0 c:/altera/12.1sp1/nios2eds/bin/gnu/h-i686-mingw32/bin/../lib/gcc/nios2-elf/4.1.2\libgcc.a(_mul_sf.o)
 .data          0x008154f0        0x0 c:/altera/12.1sp1/nios2eds/bin/gnu/h-i686-mingw32/bin/../lib/gcc/nios2-elf/4.1.2\libgcc.a(_div_sf.o)
 .data          0x008154f0        0x0 c:/altera/12.1sp1/nios2eds/bin/gnu/h-i686-mingw32/bin/../lib/gcc/nios2-elf/4.1.2\libgcc.a(_sf_to_si.o)
 .data          0x008154f0        0x0 c:/altera/12.1sp1/nios2eds/bin/gnu/h-i686-mingw32/bin/../lib/gcc/nios2-elf/4.1.2\libgcc.a(_thenan_sf.o)
 .data          0x008154f0        0x0 c:/altera/12.1sp1/nios2eds/bin/gnu/h-i686-mingw32/bin/../lib/gcc/nios2-elf/4.1.2\libgcc.a(_addsub_df.o)
 .data          0x008154f0        0x0 c:/altera/12.1sp1/nios2eds/bin/gnu/h-i686-mingw32/bin/../lib/gcc/nios2-elf/4.1.2\libgcc.a(_mul_df.o)
 .data          0x008154f0        0x0 c:/altera/12.1sp1/nios2eds/bin/gnu/h-i686-mingw32/bin/../lib/gcc/nios2-elf/4.1.2\libgcc.a(_div_df.o)
 .data          0x008154f0        0x0 c:/altera/12.1sp1/nios2eds/bin/gnu/h-i686-mingw32/bin/../lib/gcc/nios2-elf/4.1.2\libgcc.a(_eq_df.o)
 .data          0x008154f0        0x0 c:/altera/12.1sp1/nios2eds/bin/gnu/h-i686-mingw32/bin/../lib/gcc/nios2-elf/4.1.2\libgcc.a(_ne_df.o)
 .data          0x008154f0        0x0 c:/altera/12.1sp1/nios2eds/bin/gnu/h-i686-mingw32/bin/../lib/gcc/nios2-elf/4.1.2\libgcc.a(_gt_df.o)
 .data          0x008154f0        0x0 c:/altera/12.1sp1/nios2eds/bin/gnu/h-i686-mingw32/bin/../lib/gcc/nios2-elf/4.1.2\libgcc.a(_lt_df.o)
 .data          0x008154f0        0x0 c:/altera/12.1sp1/nios2eds/bin/gnu/h-i686-mingw32/bin/../lib/gcc/nios2-elf/4.1.2\libgcc.a(_le_df.o)
 .data          0x008154f0        0x0 c:/altera/12.1sp1/nios2eds/bin/gnu/h-i686-mingw32/bin/../lib/gcc/nios2-elf/4.1.2\libgcc.a(_si_to_df.o)
 .data          0x008154f0        0x0 c:/altera/12.1sp1/nios2eds/bin/gnu/h-i686-mingw32/bin/../lib/gcc/nios2-elf/4.1.2\libgcc.a(_df_to_sf.o)
 .data          0x008154f0        0x0 c:/altera/12.1sp1/nios2eds/bin/gnu/h-i686-mingw32/bin/../lib/gcc/nios2-elf/4.1.2\libgcc.a(_thenan_df.o)
 .data          0x008154f0        0x0 c:/altera/12.1sp1/nios2eds/bin/gnu/h-i686-mingw32/bin/../lib/gcc/nios2-elf/4.1.2\libgcc.a(_muldi3.o)
 .data          0x008154f0        0x0 c:/altera/12.1sp1/nios2eds/bin/gnu/h-i686-mingw32/bin/../lib/gcc/nios2-elf/4.1.2\libgcc.a(_clzsi2.o)
 .data          0x008154f0        0x0 c:/altera/12.1sp1/nios2eds/bin/gnu/h-i686-mingw32/bin/../lib/gcc/nios2-elf/4.1.2\libgcc.a(_pack_sf.o)
 .data          0x008154f0        0x0 c:/altera/12.1sp1/nios2eds/bin/gnu/h-i686-mingw32/bin/../lib/gcc/nios2-elf/4.1.2\libgcc.a(_unpack_sf.o)
 .data          0x008154f0        0x0 c:/altera/12.1sp1/nios2eds/bin/gnu/h-i686-mingw32/bin/../lib/gcc/nios2-elf/4.1.2\libgcc.a(_make_sf.o)
 .data          0x008154f0        0x0 c:/altera/12.1sp1/nios2eds/bin/gnu/h-i686-mingw32/bin/../lib/gcc/nios2-elf/4.1.2\libgcc.a(_pack_df.o)
 .data          0x008154f0        0x0 c:/altera/12.1sp1/nios2eds/bin/gnu/h-i686-mingw32/bin/../lib/gcc/nios2-elf/4.1.2\libgcc.a(_unpack_df.o)
 .data          0x008154f0        0x0 c:/altera/12.1sp1/nios2eds/bin/gnu/h-i686-mingw32/bin/../lib/gcc/nios2-elf/4.1.2\libgcc.a(_fpcmp_parts_df.o)
 .data          0x008154f0        0x0 c:/altera/12.1sp1/nios2eds/bin/gnu/h-i686-mingw32/bin/../lib/gcc/nios2-elf/4.1.2\libgcc.a(_clz.o)
 .data          0x008154f0        0x0 c:/altera/12.1sp1/nios2eds/bin/gnu/h-i686-mingw32/bin/../lib/gcc/nios2-elf/4.1.2/../../../../nios2-elf/lib\libc.a(lib_a-errno.o)
 .data          0x008154f0      0x400 c:/altera/12.1sp1/nios2eds/bin/gnu/h-i686-mingw32/bin/../lib/gcc/nios2-elf/4.1.2/../../../../nios2-elf/lib\libc.a(lib_a-impure.o)
 .data          0x008158f0        0x0 c:/altera/12.1sp1/nios2eds/bin/gnu/h-i686-mingw32/bin/../lib/gcc/nios2-elf/4.1.2/../../../../nios2-elf/lib\libc.a(lib_a-memcpy.o)
 .data          0x008158f0        0x0 c:/altera/12.1sp1/nios2eds/bin/gnu/h-i686-mingw32/bin/../lib/gcc/nios2-elf/4.1.2/../../../../nios2-elf/lib\libc.a(lib_a-putchar.o)
 .data          0x008158f0        0x0 c:/altera/12.1sp1/nios2eds/bin/gnu/h-i686-mingw32/bin/../lib/gcc/nios2-elf/4.1.2/../../../../nios2-elf/lib\libc.a(lib_a-puts.o)
 .data          0x008158f0        0x0 c:/altera/12.1sp1/nios2eds/bin/gnu/h-i686-mingw32/bin/../lib/gcc/nios2-elf/4.1.2/../../../../nios2-elf/lib\libc.a(lib_a-strlen.o)
 .data          0x008158f0        0x0 c:/altera/12.1sp1/nios2eds/bin/gnu/h-i686-mingw32/bin/../lib/gcc/nios2-elf/4.1.2/../../../../nios2-elf/lib\libc.a(lib_a-fvwrite.o)
 .data          0x008158f0      0x408 c:/altera/12.1sp1/nios2eds/bin/gnu/h-i686-mingw32/bin/../lib/gcc/nios2-elf/4.1.2/../../../../nios2-elf/lib\libc.a(lib_a-mallocr.o)
                0x008158f0                __malloc_av_
 .data          0x00815cf8        0x0 c:/altera/12.1sp1/nios2eds/bin/gnu/h-i686-mingw32/bin/../lib/gcc/nios2-elf/4.1.2/../../../../nios2-elf/lib\libc.a(lib_a-memchr.o)
 .data          0x00815cf8        0x0 c:/altera/12.1sp1/nios2eds/bin/gnu/h-i686-mingw32/bin/../lib/gcc/nios2-elf/4.1.2/../../../../nios2-elf/lib\libc.a(lib_a-memmove.o)
 .data          0x00815cf8        0x0 c:/altera/12.1sp1/nios2eds/bin/gnu/h-i686-mingw32/bin/../lib/gcc/nios2-elf/4.1.2/../../../../nios2-elf/lib\libc.a(lib_a-putc.o)
 .data          0x00815cf8        0x0 c:/altera/12.1sp1/nios2eds/bin/gnu/h-i686-mingw32/bin/../lib/gcc/nios2-elf/4.1.2/../../../../nios2-elf/lib\libc.a(lib_a-reallocr.o)
 .data          0x00815cf8        0x0 c:/altera/12.1sp1/nios2eds/bin/gnu/h-i686-mingw32/bin/../lib/gcc/nios2-elf/4.1.2/../../../../nios2-elf/lib\libc.a(lib_a-sbrkr.o)
 .data          0x00815cf8        0x0 c:/altera/12.1sp1/nios2eds/bin/gnu/h-i686-mingw32/bin/../lib/gcc/nios2-elf/4.1.2/../../../../nios2-elf/lib\libc.a(lib_a-wbuf.o)
 .data          0x00815cf8        0x0 c:/altera/12.1sp1/nios2eds/bin/gnu/h-i686-mingw32/bin/../lib/gcc/nios2-elf/4.1.2/../../../../nios2-elf/lib\libc.a(lib_a-wsetup.o)
 .data          0x00815cf8        0x0 c:/altera/12.1sp1/nios2eds/bin/gnu/h-i686-mingw32/bin/../lib/gcc/nios2-elf/4.1.2/../../../../nios2-elf/lib\libc.a(lib_a-fflush.o)
 .data          0x00815cf8        0x0 c:/altera/12.1sp1/nios2eds/bin/gnu/h-i686-mingw32/bin/../lib/gcc/nios2-elf/4.1.2/../../../../nios2-elf/lib\libc.a(lib_a-findfp.o)
 .data          0x00815cf8        0x0 c:/altera/12.1sp1/nios2eds/bin/gnu/h-i686-mingw32/bin/../lib/gcc/nios2-elf/4.1.2/../../../../nios2-elf/lib\libc.a(lib_a-freer.o)
 .data          0x00815cf8        0x0 c:/altera/12.1sp1/nios2eds/bin/gnu/h-i686-mingw32/bin/../lib/gcc/nios2-elf/4.1.2/../../../../nios2-elf/lib\libc.a(lib_a-fwalk.o)
 .data          0x00815cf8        0x0 c:/altera/12.1sp1/nios2eds/bin/gnu/h-i686-mingw32/bin/../lib/gcc/nios2-elf/4.1.2/../../../../nios2-elf/lib\libc.a(lib_a-int_errno.o)
 .data          0x00815cf8        0x0 c:/altera/12.1sp1/nios2eds/bin/gnu/h-i686-mingw32/bin/../lib/gcc/nios2-elf/4.1.2/../../../../nios2-elf/lib\libc.a(lib_a-makebuf.o)
 .data          0x00815cf8        0x0 c:/altera/12.1sp1/nios2eds/bin/gnu/h-i686-mingw32/bin/../lib/gcc/nios2-elf/4.1.2/../../../../nios2-elf/lib\libc.a(lib_a-memset.o)
 .data          0x00815cf8        0x0 c:/altera/12.1sp1/nios2eds/bin/gnu/h-i686-mingw32/bin/../lib/gcc/nios2-elf/4.1.2/../../../../nios2-elf/lib\libc.a(lib_a-stdio.o)
 .data          0x00815cf8        0x0 c:/altera/12.1sp1/nios2eds/bin/gnu/h-i686-mingw32/bin/../lib/gcc/nios2-elf/4.1.2/../../../../nios2-elf/lib\libc.a(lib_a-writer.o)
 .data          0x00815cf8        0x0 c:/altera/12.1sp1/nios2eds/bin/gnu/h-i686-mingw32/bin/../lib/gcc/nios2-elf/4.1.2/../../../../nios2-elf/lib\libc.a(lib_a-closer.o)
 .data          0x00815cf8        0x0 c:/altera/12.1sp1/nios2eds/bin/gnu/h-i686-mingw32/bin/../lib/gcc/nios2-elf/4.1.2/../../../../nios2-elf/lib\libc.a(lib_a-fclose.o)
 .data          0x00815cf8        0x0 c:/altera/12.1sp1/nios2eds/bin/gnu/h-i686-mingw32/bin/../lib/gcc/nios2-elf/4.1.2/../../../../nios2-elf/lib\libc.a(lib_a-fstatr.o)
 .data          0x00815cf8        0x0 c:/altera/12.1sp1/nios2eds/bin/gnu/h-i686-mingw32/bin/../lib/gcc/nios2-elf/4.1.2/../../../../nios2-elf/lib\libc.a(lib_a-isattyr.o)
 .data          0x00815cf8        0x0 c:/altera/12.1sp1/nios2eds/bin/gnu/h-i686-mingw32/bin/../lib/gcc/nios2-elf/4.1.2/../../../../nios2-elf/lib\libc.a(lib_a-lseekr.o)
 .data          0x00815cf8        0x0 c:/altera/12.1sp1/nios2eds/bin/gnu/h-i686-mingw32/bin/../lib/gcc/nios2-elf/4.1.2/../../../../nios2-elf/lib\libc.a(lib_a-readr.o)
 .data          0x00815cf8        0x0 ../LaserHarpBuildClean_bsp/\libucosii_bsp.a(alt_close.o)
 .data          0x00815cf8      0x1a8 ../LaserHarpBuildClean_bsp/\libucosii_bsp.a(alt_dev.o)
                0x00815cf8                alt_dev_null
                0x00815d20                alt_fd_list
 .data          0x00815ea0        0x0 ../LaserHarpBuildClean_bsp/\libucosii_bsp.a(alt_errno.o)
 .data          0x00815ea0        0x0 ../LaserHarpBuildClean_bsp/\libucosii_bsp.a(alt_fstat.o)
 .data          0x00815ea0        0x0 ../LaserHarpBuildClean_bsp/\libucosii_bsp.a(alt_iic.o)
 .data          0x00815ea0        0x0 ../LaserHarpBuildClean_bsp/\libucosii_bsp.a(alt_iic_isr_register.o)
 .data          0x00815ea0        0x0 ../LaserHarpBuildClean_bsp/\libucosii_bsp.a(alt_irq_entry.o)
 .data          0x00815ea0        0x0 ../LaserHarpBuildClean_bsp/\libucosii_bsp.a(alt_irq_handler.o)
 .data          0x00815ea0        0x0 ../LaserHarpBuildClean_bsp/\libucosii_bsp.a(alt_irq_vars.o)
 .data          0x00815ea0        0x0 ../LaserHarpBuildClean_bsp/\libucosii_bsp.a(alt_isatty.o)
 .data          0x00815ea0        0x0 ../LaserHarpBuildClean_bsp/\libucosii_bsp.a(alt_lseek.o)
 .data          0x00815ea0        0x0 ../LaserHarpBuildClean_bsp/\libucosii_bsp.a(alt_main.o)
 .data          0x00815ea0        0x0 ../LaserHarpBuildClean_bsp/\libucosii_bsp.a(alt_printf.o)
 .data          0x00815ea0        0x0 ../LaserHarpBuildClean_bsp/\libucosii_bsp.a(alt_putchar.o)
 .data          0x00815ea0        0x0 ../LaserHarpBuildClean_bsp/\libucosii_bsp.a(alt_read.o)
 .data          0x00815ea0        0x0 ../LaserHarpBuildClean_bsp/\libucosii_bsp.a(alt_release_fd.o)
 .data          0x00815ea0        0x0 ../LaserHarpBuildClean_bsp/\libucosii_bsp.a(alt_sbrk.o)
 .data          0x00815ea0        0x0 ../LaserHarpBuildClean_bsp/\libucosii_bsp.a(alt_write.o)
 .data          0x00815ea0        0x0 ../LaserHarpBuildClean_bsp/\libucosii_bsp.a(alt_env_lock.o)
 .data          0x00815ea0        0x0 ../LaserHarpBuildClean_bsp/\libucosii_bsp.a(alt_malloc_lock.o)
 .data          0x00815ea0        0x0 ../LaserHarpBuildClean_bsp/\libucosii_bsp.a(os_core.o)
 .data          0x00815ea0        0x0 ../LaserHarpBuildClean_bsp/\libucosii_bsp.a(os_dbg.o)
 .data          0x00815ea0        0x0 ../LaserHarpBuildClean_bsp/\libucosii_bsp.a(os_flag.o)
 .data          0x00815ea0        0x0 ../LaserHarpBuildClean_bsp/\libucosii_bsp.a(os_mem.o)
 .data          0x00815ea0        0x0 ../LaserHarpBuildClean_bsp/\libucosii_bsp.a(os_q.o)
 .data          0x00815ea0        0x0 ../LaserHarpBuildClean_bsp/\libucosii_bsp.a(os_sem.o)
 .data          0x00815ea0        0x0 ../LaserHarpBuildClean_bsp/\libucosii_bsp.a(os_task.o)
 .data          0x00815ea0        0x0 ../LaserHarpBuildClean_bsp/\libucosii_bsp.a(os_time.o)
 .data          0x00815ea0     0x10f8 ../LaserHarpBuildClean_bsp/\libucosii_bsp.a(alt_sys_init.o)
 .data          0x00816f98        0x0 ../LaserHarpBuildClean_bsp/\libucosii_bsp.a(altera_avalon_fifo_util.o)
 .data          0x00816f98        0x0 ../LaserHarpBuildClean_bsp/\libucosii_bsp.a(altera_avalon_jtag_uart_fd.o)
 .data          0x00816f98        0x0 ../LaserHarpBuildClean_bsp/\libucosii_bsp.a(altera_avalon_jtag_uart_init.o)
 .data          0x00816f98        0x0 ../LaserHarpBuildClean_bsp/\libucosii_bsp.a(altera_avalon_jtag_uart_ioctl.o)
 .data          0x00816f98        0x0 ../LaserHarpBuildClean_bsp/\libucosii_bsp.a(altera_avalon_jtag_uart_read.o)
 .data          0x00816f98        0x0 ../LaserHarpBuildClean_bsp/\libucosii_bsp.a(altera_avalon_jtag_uart_write.o)
 .data          0x00816f98        0x0 ../LaserHarpBuildClean_bsp/\libucosii_bsp.a(altera_avalon_timer_sc.o)
 .data          0x00816f98        0x0 ../LaserHarpBuildClean_bsp/\libucosii_bsp.a(altera_up_avalon_audio.o)
 .data          0x00816f98        0x0 ../LaserHarpBuildClean_bsp/\libucosii_bsp.a(altera_up_avalon_audio_and_video_config.o)
 .data          0x00816f98        0x0 ../LaserHarpBuildClean_bsp/\libucosii_bsp.a(altera_up_avalon_character_lcd.o)
 .data          0x00816f98        0x0 ../LaserHarpBuildClean_bsp/\libucosii_bsp.a(alt_alarm_start.o)
 .data          0x00816f98        0x0 ../LaserHarpBuildClean_bsp/\libucosii_bsp.a(alt_dev_llist_insert.o)
 .data          0x00816f98        0x0 ../LaserHarpBuildClean_bsp/\libucosii_bsp.a(alt_do_ctors.o)
 .data          0x00816f98        0x0 ../LaserHarpBuildClean_bsp/\libucosii_bsp.a(alt_do_dtors.o)
 .data          0x00816f98        0x0 ../LaserHarpBuildClean_bsp/\libucosii_bsp.a(alt_exception_entry.o)
 .data          0x00816f98        0x0 ../LaserHarpBuildClean_bsp/\libucosii_bsp.a(alt_find_dev.o)
 .data          0x00816f98        0x0 ../LaserHarpBuildClean_bsp/\libucosii_bsp.a(alt_io_redirect.o)
 .data          0x00816f98        0x0 ../LaserHarpBuildClean_bsp/\libucosii_bsp.a(alt_open.o)
 .data          0x00816f98        0x0 ../LaserHarpBuildClean_bsp/\libucosii_bsp.a(alt_tick.o)
 .data          0x00816f98        0x0 ../LaserHarpBuildClean_bsp/\libucosii_bsp.a(altera_nios2_qsys_irq.o)
 .data          0x00816f98        0x0 ../LaserHarpBuildClean_bsp/\libucosii_bsp.a(os_cpu_a.o)
 .data          0x00816f98        0x0 ../LaserHarpBuildClean_bsp/\libucosii_bsp.a(os_cpu_c.o)
 .data          0x00816f98        0x0 ../LaserHarpBuildClean_bsp/\libucosii_bsp.a(alt_find_file.o)
 .data          0x00816f98        0x0 ../LaserHarpBuildClean_bsp/\libucosii_bsp.a(alt_get_fd.o)
 .data          0x00816f98        0x0 c:/altera/12.1sp1/nios2eds/bin/gnu/h-i686-mingw32/bin/../lib/gcc/nios2-elf/4.1.2/../../../../nios2-elf/lib\libc.a(lib_a-atexit.o)
 .data          0x00816f98        0x0 c:/altera/12.1sp1/nios2eds/bin/gnu/h-i686-mingw32/bin/../lib/gcc/nios2-elf/4.1.2/../../../../nios2-elf/lib\libc.a(lib_a-exit.o)
 .data          0x00816f98        0x0 c:/altera/12.1sp1/nios2eds/bin/gnu/h-i686-mingw32/bin/../lib/gcc/nios2-elf/4.1.2/../../../../nios2-elf/lib\libc.a(lib_a-memcmp.o)
 .data          0x00816f98        0x0 c:/altera/12.1sp1/nios2eds/bin/gnu/h-i686-mingw32/bin/../lib/gcc/nios2-elf/4.1.2/../../../../nios2-elf/lib\libc.a(lib_a-__atexit.o)
 .data          0x00816f98        0x0 c:/altera/12.1sp1/nios2eds/bin/gnu/h-i686-mingw32/bin/../lib/gcc/nios2-elf/4.1.2/../../../../nios2-elf/lib\libc.a(lib_a-__call_atexit.o)
 .data          0x00816f98        0x0 c:/altera/12.1sp1/nios2eds/bin/gnu/h-i686-mingw32/bin/../lib/gcc/nios2-elf/4.1.2\libgcc.a(lib2-divmod.o)
 .data          0x00816f98        0x0 ../LaserHarpBuildClean_bsp/\libucosii_bsp.a(alt_exit.o)
                0x0081ef98                _gp = ABSOLUTE ((. + 0x8000))
                0x0081ef98                PROVIDE (gp, _gp)
 *(.rwdata .rwdata.*)
 *(.sdata .sdata.* .gnu.linkonce.s.*)
 .sdata         0x00816f98        0x4 c:/altera/12.1sp1/nios2eds/bin/gnu/h-i686-mingw32/bin/../lib/gcc/nios2-elf/4.1.2/../../../../nios2-elf/lib\libm.a(lib_a-s_lib_ver.o)
                0x00816f98                __fdlib_version
 .sdata         0x00816f9c        0x8 c:/altera/12.1sp1/nios2eds/bin/gnu/h-i686-mingw32/bin/../lib/gcc/nios2-elf/4.1.2/../../../../nios2-elf/lib\libc.a(lib_a-impure.o)
                0x00816f9c                _impure_ptr
                0x00816fa0                _global_impure_ptr
 .sdata         0x00816fa4        0x8 c:/altera/12.1sp1/nios2eds/bin/gnu/h-i686-mingw32/bin/../lib/gcc/nios2-elf/4.1.2/../../../../nios2-elf/lib\libc.a(lib_a-mallocr.o)
                0x00816fa4                __malloc_trim_threshold
                0x00816fa8                __malloc_sbrk_base
 .sdata         0x00816fac       0x14 ../LaserHarpBuildClean_bsp/\libucosii_bsp.a(alt_dev.o)
                0x00816fac                alt_fs_list
                0x00816fb4                alt_dev_list
                0x00816fbc                alt_max_fd
 .sdata         0x00816fc0        0x4 ../LaserHarpBuildClean_bsp/\libucosii_bsp.a(alt_errno.o)
                0x00816fc0                alt_errno
 .sdata         0x00816fc4        0x4 ../LaserHarpBuildClean_bsp/\libucosii_bsp.a(alt_irq_vars.o)
                0x00816fc4                alt_priority_mask
 .sdata         0x00816fc8        0x4 ../LaserHarpBuildClean_bsp/\libucosii_bsp.a(alt_sbrk.o)
 .sdata         0x00816fcc        0x4 ../LaserHarpBuildClean_bsp/\libucosii_bsp.a(alt_env_lock.o)
 .sdata         0x00816fd0        0x4 ../LaserHarpBuildClean_bsp/\libucosii_bsp.a(alt_malloc_lock.o)
 .sdata         0x00816fd4       0x74 ../LaserHarpBuildClean_bsp/\libucosii_bsp.a(os_dbg.o)
                0x00816fd4                OSDebugEn
                0x00816fd8                OSEndiannessTest
                0x00816fdc                OSEventEn
                0x00816fde                OSEventMax
                0x00816fe0                OSEventNameSize
                0x00816fe2                OSEventSize
                0x00816fe4                OSEventTblSize
                0x00816fe6                OSEventMultiEn
                0x00816fe8                OSFlagEn
                0x00816fea                OSFlagGrpSize
                0x00816fec                OSFlagNodeSize
                0x00816fee                OSFlagWidth
                0x00816ff0                OSFlagMax
                0x00816ff2                OSFlagNameSize
                0x00816ff4                OSLowestPrio
                0x00816ff6                OSMboxEn
                0x00816ff8                OSMemEn
                0x00816ffa                OSMemMax
                0x00816ffc                OSMemNameSize
                0x00816ffe                OSMemSize
                0x00817000                OSMemTblSize
                0x00817002                OSMutexEn
                0x00817004                OSPtrSize
                0x00817006                OSQEn
                0x00817008                OSQMax
                0x0081700a                OSQSize
                0x0081700c                OSRdyTblSize
                0x0081700e                OSSemEn
                0x00817010                OSStkWidth
                0x00817012                OSTaskCreateEn
                0x00817014                OSTaskCreateExtEn
                0x00817016                OSTaskDelEn
                0x00817018                OSTaskIdleStkSize
                0x0081701a                OSTaskProfileEn
                0x0081701c                OSTaskMax
                0x0081701e                OSTaskNameSize
                0x00817020                OSTaskStatEn
                0x00817022                OSTaskStatStkSize
                0x00817024                OSTaskStatStkChkEn
                0x00817026                OSTaskSwHookEn
                0x00817028                OSTCBPrioTblMax
                0x0081702a                OSTCBSize
                0x0081702c                OSTicksPerSec
                0x0081702e                OSTimeTickHookEn
                0x00817030                OSVersionNbr
                0x00817032                OSTmrEn
                0x00817034                OSTmrCfgMax
                0x00817036                OSTmrCfgNameSize
                0x00817038                OSTmrCfgWheelSize
                0x0081703a                OSTmrCfgTicksPerSec
                0x0081703c                OSTmrSize
                0x0081703e                OSTmrTblSize
                0x00817040                OSTmrWheelSize
                0x00817042                OSTmrWheelTblSize
                0x00817044                OSDataSize
 .sdata         0x00817048        0x8 ../LaserHarpBuildClean_bsp/\libucosii_bsp.a(alt_tick.o)
                0x00817048                alt_alarm_list
 *(.sdata2 .sdata2.* .gnu.linkonce.s2.*)
                0x00817050                . = ALIGN (0x4)
                0x00817050                _edata = ABSOLUTE (.)
                0x00817050                PROVIDE (edata, ABSOLUTE (.))
                0x00817050                PROVIDE (__ram_rwdata_end, ABSOLUTE (.))
                0x008154f0                PROVIDE (__flash_rwdata_start, LOADADDR (.rwdata))

.bss            0x00817050    0x6ec40
                0x00817050                __bss_start = ABSOLUTE (.)
                0x00817050                PROVIDE (__sbss_start, ABSOLUTE (.))
                0x00817050                PROVIDE (___sbss_start, ABSOLUTE (.))
 *(.dynsbss)
 *(.sbss .sbss.* .gnu.linkonce.sb.*)
 .sbss          0x00817050        0x8 obj/default/SynthesizerDriver.o
 .sbss          0x00817058        0x8 obj/default/main.o
                0x00817058                scaleIndex
                0x0081705c                baseTranspose
 .sbss          0x00817060        0x8 obj/default/main.o
                0x00817060                laserStatusChanged
                0x00817064                settingChanged
 .sbss          0x00817068        0xc c:/altera/12.1sp1/nios2eds/bin/gnu/h-i686-mingw32/bin/../lib/gcc/nios2-elf/4.1.2/../../../../nios2-elf/lib\libc.a(lib_a-mallocr.o)
                0x00817068                __malloc_top_pad
                0x0081706c                __malloc_max_sbrked_mem
                0x00817070                __malloc_max_total_mem
 .sbss          0x00817074        0x4 c:/altera/12.1sp1/nios2eds/bin/gnu/h-i686-mingw32/bin/../lib/gcc/nios2-elf/4.1.2/../../../../nios2-elf/lib\libc.a(lib_a-int_errno.o)
                0x00817074                errno
 .sbss          0x00817078        0x4 ../LaserHarpBuildClean_bsp/\libucosii_bsp.a(alt_dev.o)
                0x00817078                alt_fd_list_lock
 .sbss          0x0081707c        0x4 ../LaserHarpBuildClean_bsp/\libucosii_bsp.a(alt_irq_vars.o)
                0x0081707c                alt_irq_active
 .sbss          0x00817080        0xc ../LaserHarpBuildClean_bsp/\libucosii_bsp.a(alt_main.o)
                0x00817080                alt_argc
                0x00817084                alt_argv
                0x00817088                alt_envp
 .sbss          0x0081708c        0x8 ../LaserHarpBuildClean_bsp/\libucosii_bsp.a(alt_env_lock.o)
                0x00817090                alt_envsem
 .sbss          0x00817094        0x8 ../LaserHarpBuildClean_bsp/\libucosii_bsp.a(alt_malloc_lock.o)
                0x00817098                alt_heapsem
 .sbss          0x0081709c       0x50 ../LaserHarpBuildClean_bsp/\libucosii_bsp.a(os_core.o)
                0x0081709c                OSLockNesting
                0x0081709d                OSRunning
                0x008170a0                OSIdleCtr
                0x008170a4                OSPrioHighRdy
                0x008170a5                OSPrioCur
                0x008170a8                OSTCBList
                0x008170ac                OSTickStepState
                0x008170b0                OSCtxSwCtr
                0x008170b4                OSIdleCtrMax
                0x008170b8                OSTCBFreeList
                0x008170bc                OSCPUUsage
                0x008170bd                OSTaskCtr
                0x008170c0                OSMemFreeList
                0x008170c4                OSTCBHighRdy
                0x008170c8                OSQFreeList
                0x008170cc                OSRdyGrp
                0x008170cd                OSRdyTbl
                0x008170d0                OSEventFreeList
                0x008170d4                OSIntNesting
                0x008170d8                OSTCBCur
                0x008170dc                OSTime
                0x008170e0                OSFlagFreeList
                0x008170e4                OSStatRdy
                0x008170e8                OSIdleCtrRun
 .sbss          0x008170ec        0x8 ../LaserHarpBuildClean_bsp/\libucosii_bsp.a(alt_tick.o)
                0x008170ec                _alt_tick_rate
                0x008170f0                _alt_nticks
 *(.sbss2 .sbss2.* .gnu.linkonce.sb2.*)
 *(.scommon)
                0x008170f4                PROVIDE (__sbss_end, ABSOLUTE (.))
                0x008170f4                PROVIDE (___sbss_end, ABSOLUTE (.))
 *(.dynbss)
 *(.bss .bss.* .gnu.linkonce.b.*)
 .bss           0x008170f4        0x0 ../LaserHarpBuildClean_bsp//obj/HAL/src/crt0.o
 .bss           0x008170f4        0x0 obj/default/MIDIGenerator.o
 .bss           0x008170f4        0x0 obj/default/SynthesizerDriver.o
 .bss           0x008170f4        0x0 obj/default/main.o
 .bss           0x008170f4        0x0 c:/altera/12.1sp1/nios2eds/bin/gnu/h-i686-mingw32/bin/../lib/gcc/nios2-elf/4.1.2/../../../../nios2-elf/lib\libm.a(lib_a-sf_round.o)
 .bss           0x008170f4        0x0 c:/altera/12.1sp1/nios2eds/bin/gnu/h-i686-mingw32/bin/../lib/gcc/nios2-elf/4.1.2/../../../../nios2-elf/lib\libm.a(lib_a-w_pow.o)
 .bss           0x008170f4        0x0 c:/altera/12.1sp1/nios2eds/bin/gnu/h-i686-mingw32/bin/../lib/gcc/nios2-elf/4.1.2/../../../../nios2-elf/lib\libm.a(lib_a-e_pow.o)
 .bss           0x008170f4        0x0 c:/altera/12.1sp1/nios2eds/bin/gnu/h-i686-mingw32/bin/../lib/gcc/nios2-elf/4.1.2/../../../../nios2-elf/lib\libm.a(lib_a-e_sqrt.o)
 .bss           0x008170f4        0x0 c:/altera/12.1sp1/nios2eds/bin/gnu/h-i686-mingw32/bin/../lib/gcc/nios2-elf/4.1.2/../../../../nios2-elf/lib\libm.a(lib_a-s_fabs.o)
 .bss           0x008170f4        0x0 c:/altera/12.1sp1/nios2eds/bin/gnu/h-i686-mingw32/bin/../lib/gcc/nios2-elf/4.1.2/../../../../nios2-elf/lib\libm.a(lib_a-s_finite.o)
 .bss           0x008170f4        0x0 c:/altera/12.1sp1/nios2eds/bin/gnu/h-i686-mingw32/bin/../lib/gcc/nios2-elf/4.1.2/../../../../nios2-elf/lib\libm.a(lib_a-s_isnand.o)
 .bss           0x008170f4        0x0 c:/altera/12.1sp1/nios2eds/bin/gnu/h-i686-mingw32/bin/../lib/gcc/nios2-elf/4.1.2/../../../../nios2-elf/lib\libm.a(lib_a-s_lib_ver.o)
 .bss           0x008170f4        0x0 c:/altera/12.1sp1/nios2eds/bin/gnu/h-i686-mingw32/bin/../lib/gcc/nios2-elf/4.1.2/../../../../nios2-elf/lib\libm.a(lib_a-s_matherr.o)
 .bss           0x008170f4        0x0 c:/altera/12.1sp1/nios2eds/bin/gnu/h-i686-mingw32/bin/../lib/gcc/nios2-elf/4.1.2/../../../../nios2-elf/lib\libm.a(lib_a-s_nan.o)
 .bss           0x008170f4        0x0 c:/altera/12.1sp1/nios2eds/bin/gnu/h-i686-mingw32/bin/../lib/gcc/nios2-elf/4.1.2/../../../../nios2-elf/lib\libm.a(lib_a-s_rint.o)
 .bss           0x008170f4        0x0 c:/altera/12.1sp1/nios2eds/bin/gnu/h-i686-mingw32/bin/../lib/gcc/nios2-elf/4.1.2/../../../../nios2-elf/lib\libm.a(lib_a-s_scalbn.o)
 .bss           0x008170f4        0x0 c:/altera/12.1sp1/nios2eds/bin/gnu/h-i686-mingw32/bin/../lib/gcc/nios2-elf/4.1.2/../../../../nios2-elf/lib\libm.a(lib_a-s_copysign.o)
 .bss           0x008170f4        0x0 c:/altera/12.1sp1/nios2eds/bin/gnu/h-i686-mingw32/bin/../lib/gcc/nios2-elf/4.1.2\libgcc.a(_addsub_sf.o)
 .bss           0x008170f4        0x0 c:/altera/12.1sp1/nios2eds/bin/gnu/h-i686-mingw32/bin/../lib/gcc/nios2-elf/4.1.2\libgcc.a(_mul_sf.o)
 .bss           0x008170f4        0x0 c:/altera/12.1sp1/nios2eds/bin/gnu/h-i686-mingw32/bin/../lib/gcc/nios2-elf/4.1.2\libgcc.a(_div_sf.o)
 .bss           0x008170f4        0x0 c:/altera/12.1sp1/nios2eds/bin/gnu/h-i686-mingw32/bin/../lib/gcc/nios2-elf/4.1.2\libgcc.a(_sf_to_si.o)
 .bss           0x008170f4        0x0 c:/altera/12.1sp1/nios2eds/bin/gnu/h-i686-mingw32/bin/../lib/gcc/nios2-elf/4.1.2\libgcc.a(_thenan_sf.o)
 .bss           0x008170f4        0x0 c:/altera/12.1sp1/nios2eds/bin/gnu/h-i686-mingw32/bin/../lib/gcc/nios2-elf/4.1.2\libgcc.a(_addsub_df.o)
 .bss           0x008170f4        0x0 c:/altera/12.1sp1/nios2eds/bin/gnu/h-i686-mingw32/bin/../lib/gcc/nios2-elf/4.1.2\libgcc.a(_mul_df.o)
 .bss           0x008170f4        0x0 c:/altera/12.1sp1/nios2eds/bin/gnu/h-i686-mingw32/bin/../lib/gcc/nios2-elf/4.1.2\libgcc.a(_div_df.o)
 .bss           0x008170f4        0x0 c:/altera/12.1sp1/nios2eds/bin/gnu/h-i686-mingw32/bin/../lib/gcc/nios2-elf/4.1.2\libgcc.a(_eq_df.o)
 .bss           0x008170f4        0x0 c:/altera/12.1sp1/nios2eds/bin/gnu/h-i686-mingw32/bin/../lib/gcc/nios2-elf/4.1.2\libgcc.a(_ne_df.o)
 .bss           0x008170f4        0x0 c:/altera/12.1sp1/nios2eds/bin/gnu/h-i686-mingw32/bin/../lib/gcc/nios2-elf/4.1.2\libgcc.a(_gt_df.o)
 .bss           0x008170f4        0x0 c:/altera/12.1sp1/nios2eds/bin/gnu/h-i686-mingw32/bin/../lib/gcc/nios2-elf/4.1.2\libgcc.a(_lt_df.o)
 .bss           0x008170f4        0x0 c:/altera/12.1sp1/nios2eds/bin/gnu/h-i686-mingw32/bin/../lib/gcc/nios2-elf/4.1.2\libgcc.a(_le_df.o)
 .bss           0x008170f4        0x0 c:/altera/12.1sp1/nios2eds/bin/gnu/h-i686-mingw32/bin/../lib/gcc/nios2-elf/4.1.2\libgcc.a(_si_to_df.o)
 .bss           0x008170f4        0x0 c:/altera/12.1sp1/nios2eds/bin/gnu/h-i686-mingw32/bin/../lib/gcc/nios2-elf/4.1.2\libgcc.a(_df_to_sf.o)
 .bss           0x008170f4        0x0 c:/altera/12.1sp1/nios2eds/bin/gnu/h-i686-mingw32/bin/../lib/gcc/nios2-elf/4.1.2\libgcc.a(_thenan_df.o)
 .bss           0x008170f4        0x0 c:/altera/12.1sp1/nios2eds/bin/gnu/h-i686-mingw32/bin/../lib/gcc/nios2-elf/4.1.2\libgcc.a(_muldi3.o)
 .bss           0x008170f4        0x0 c:/altera/12.1sp1/nios2eds/bin/gnu/h-i686-mingw32/bin/../lib/gcc/nios2-elf/4.1.2\libgcc.a(_clzsi2.o)
 .bss           0x008170f4        0x0 c:/altera/12.1sp1/nios2eds/bin/gnu/h-i686-mingw32/bin/../lib/gcc/nios2-elf/4.1.2\libgcc.a(_pack_sf.o)
 .bss           0x008170f4        0x0 c:/altera/12.1sp1/nios2eds/bin/gnu/h-i686-mingw32/bin/../lib/gcc/nios2-elf/4.1.2\libgcc.a(_unpack_sf.o)
 .bss           0x008170f4        0x0 c:/altera/12.1sp1/nios2eds/bin/gnu/h-i686-mingw32/bin/../lib/gcc/nios2-elf/4.1.2\libgcc.a(_make_sf.o)
 .bss           0x008170f4        0x0 c:/altera/12.1sp1/nios2eds/bin/gnu/h-i686-mingw32/bin/../lib/gcc/nios2-elf/4.1.2\libgcc.a(_pack_df.o)
 .bss           0x008170f4        0x0 c:/altera/12.1sp1/nios2eds/bin/gnu/h-i686-mingw32/bin/../lib/gcc/nios2-elf/4.1.2\libgcc.a(_unpack_df.o)
 .bss           0x008170f4        0x0 c:/altera/12.1sp1/nios2eds/bin/gnu/h-i686-mingw32/bin/../lib/gcc/nios2-elf/4.1.2\libgcc.a(_fpcmp_parts_df.o)
 .bss           0x008170f4        0x0 c:/altera/12.1sp1/nios2eds/bin/gnu/h-i686-mingw32/bin/../lib/gcc/nios2-elf/4.1.2\libgcc.a(_clz.o)
 .bss           0x008170f4        0x0 c:/altera/12.1sp1/nios2eds/bin/gnu/h-i686-mingw32/bin/../lib/gcc/nios2-elf/4.1.2/../../../../nios2-elf/lib\libc.a(lib_a-errno.o)
 .bss           0x008170f4        0x0 c:/altera/12.1sp1/nios2eds/bin/gnu/h-i686-mingw32/bin/../lib/gcc/nios2-elf/4.1.2/../../../../nios2-elf/lib\libc.a(lib_a-impure.o)
 .bss           0x008170f4        0x0 c:/altera/12.1sp1/nios2eds/bin/gnu/h-i686-mingw32/bin/../lib/gcc/nios2-elf/4.1.2/../../../../nios2-elf/lib\libc.a(lib_a-memcpy.o)
 .bss           0x008170f4        0x0 c:/altera/12.1sp1/nios2eds/bin/gnu/h-i686-mingw32/bin/../lib/gcc/nios2-elf/4.1.2/../../../../nios2-elf/lib\libc.a(lib_a-putchar.o)
 .bss           0x008170f4        0x0 c:/altera/12.1sp1/nios2eds/bin/gnu/h-i686-mingw32/bin/../lib/gcc/nios2-elf/4.1.2/../../../../nios2-elf/lib\libc.a(lib_a-puts.o)
 .bss           0x008170f4        0x0 c:/altera/12.1sp1/nios2eds/bin/gnu/h-i686-mingw32/bin/../lib/gcc/nios2-elf/4.1.2/../../../../nios2-elf/lib\libc.a(lib_a-strlen.o)
 .bss           0x008170f4        0x0 c:/altera/12.1sp1/nios2eds/bin/gnu/h-i686-mingw32/bin/../lib/gcc/nios2-elf/4.1.2/../../../../nios2-elf/lib\libc.a(lib_a-fvwrite.o)
 .bss           0x008170f4       0x28 c:/altera/12.1sp1/nios2eds/bin/gnu/h-i686-mingw32/bin/../lib/gcc/nios2-elf/4.1.2/../../../../nios2-elf/lib\libc.a(lib_a-mallocr.o)
                0x008170f4                __malloc_current_mallinfo
 .bss           0x0081711c        0x0 c:/altera/12.1sp1/nios2eds/bin/gnu/h-i686-mingw32/bin/../lib/gcc/nios2-elf/4.1.2/../../../../nios2-elf/lib\libc.a(lib_a-memchr.o)
 .bss           0x0081711c        0x0 c:/altera/12.1sp1/nios2eds/bin/gnu/h-i686-mingw32/bin/../lib/gcc/nios2-elf/4.1.2/../../../../nios2-elf/lib\libc.a(lib_a-memmove.o)
 .bss           0x0081711c        0x0 c:/altera/12.1sp1/nios2eds/bin/gnu/h-i686-mingw32/bin/../lib/gcc/nios2-elf/4.1.2/../../../../nios2-elf/lib\libc.a(lib_a-putc.o)
 .bss           0x0081711c        0x0 c:/altera/12.1sp1/nios2eds/bin/gnu/h-i686-mingw32/bin/../lib/gcc/nios2-elf/4.1.2/../../../../nios2-elf/lib\libc.a(lib_a-reallocr.o)
 .bss           0x0081711c        0x0 c:/altera/12.1sp1/nios2eds/bin/gnu/h-i686-mingw32/bin/../lib/gcc/nios2-elf/4.1.2/../../../../nios2-elf/lib\libc.a(lib_a-sbrkr.o)
 .bss           0x0081711c        0x0 c:/altera/12.1sp1/nios2eds/bin/gnu/h-i686-mingw32/bin/../lib/gcc/nios2-elf/4.1.2/../../../../nios2-elf/lib\libc.a(lib_a-wbuf.o)
 .bss           0x0081711c        0x0 c:/altera/12.1sp1/nios2eds/bin/gnu/h-i686-mingw32/bin/../lib/gcc/nios2-elf/4.1.2/../../../../nios2-elf/lib\libc.a(lib_a-wsetup.o)
 .bss           0x0081711c        0x0 c:/altera/12.1sp1/nios2eds/bin/gnu/h-i686-mingw32/bin/../lib/gcc/nios2-elf/4.1.2/../../../../nios2-elf/lib\libc.a(lib_a-fflush.o)
 .bss           0x0081711c        0x0 c:/altera/12.1sp1/nios2eds/bin/gnu/h-i686-mingw32/bin/../lib/gcc/nios2-elf/4.1.2/../../../../nios2-elf/lib\libc.a(lib_a-findfp.o)
 .bss           0x0081711c        0x0 c:/altera/12.1sp1/nios2eds/bin/gnu/h-i686-mingw32/bin/../lib/gcc/nios2-elf/4.1.2/../../../../nios2-elf/lib\libc.a(lib_a-freer.o)
 .bss           0x0081711c        0x0 c:/altera/12.1sp1/nios2eds/bin/gnu/h-i686-mingw32/bin/../lib/gcc/nios2-elf/4.1.2/../../../../nios2-elf/lib\libc.a(lib_a-fwalk.o)
 .bss           0x0081711c        0x0 c:/altera/12.1sp1/nios2eds/bin/gnu/h-i686-mingw32/bin/../lib/gcc/nios2-elf/4.1.2/../../../../nios2-elf/lib\libc.a(lib_a-int_errno.o)
 .bss           0x0081711c        0x0 c:/altera/12.1sp1/nios2eds/bin/gnu/h-i686-mingw32/bin/../lib/gcc/nios2-elf/4.1.2/../../../../nios2-elf/lib\libc.a(lib_a-makebuf.o)
 .bss           0x0081711c        0x0 c:/altera/12.1sp1/nios2eds/bin/gnu/h-i686-mingw32/bin/../lib/gcc/nios2-elf/4.1.2/../../../../nios2-elf/lib\libc.a(lib_a-memset.o)
 .bss           0x0081711c        0x0 c:/altera/12.1sp1/nios2eds/bin/gnu/h-i686-mingw32/bin/../lib/gcc/nios2-elf/4.1.2/../../../../nios2-elf/lib\libc.a(lib_a-stdio.o)
 .bss           0x0081711c        0x0 c:/altera/12.1sp1/nios2eds/bin/gnu/h-i686-mingw32/bin/../lib/gcc/nios2-elf/4.1.2/../../../../nios2-elf/lib\libc.a(lib_a-writer.o)
 .bss           0x0081711c        0x0 c:/altera/12.1sp1/nios2eds/bin/gnu/h-i686-mingw32/bin/../lib/gcc/nios2-elf/4.1.2/../../../../nios2-elf/lib\libc.a(lib_a-closer.o)
 .bss           0x0081711c        0x0 c:/altera/12.1sp1/nios2eds/bin/gnu/h-i686-mingw32/bin/../lib/gcc/nios2-elf/4.1.2/../../../../nios2-elf/lib\libc.a(lib_a-fclose.o)
 .bss           0x0081711c        0x0 c:/altera/12.1sp1/nios2eds/bin/gnu/h-i686-mingw32/bin/../lib/gcc/nios2-elf/4.1.2/../../../../nios2-elf/lib\libc.a(lib_a-fstatr.o)
 .bss           0x0081711c        0x0 c:/altera/12.1sp1/nios2eds/bin/gnu/h-i686-mingw32/bin/../lib/gcc/nios2-elf/4.1.2/../../../../nios2-elf/lib\libc.a(lib_a-isattyr.o)
 .bss           0x0081711c        0x0 c:/altera/12.1sp1/nios2eds/bin/gnu/h-i686-mingw32/bin/../lib/gcc/nios2-elf/4.1.2/../../../../nios2-elf/lib\libc.a(lib_a-lseekr.o)
 .bss           0x0081711c        0x0 c:/altera/12.1sp1/nios2eds/bin/gnu/h-i686-mingw32/bin/../lib/gcc/nios2-elf/4.1.2/../../../../nios2-elf/lib\libc.a(lib_a-readr.o)
 .bss           0x0081711c        0x0 ../LaserHarpBuildClean_bsp/\libucosii_bsp.a(alt_close.o)
 .bss           0x0081711c        0x0 ../LaserHarpBuildClean_bsp/\libucosii_bsp.a(alt_dev.o)
 .bss           0x0081711c        0x0 ../LaserHarpBuildClean_bsp/\libucosii_bsp.a(alt_errno.o)
 .bss           0x0081711c        0x0 ../LaserHarpBuildClean_bsp/\libucosii_bsp.a(alt_fstat.o)
 .bss           0x0081711c        0x0 ../LaserHarpBuildClean_bsp/\libucosii_bsp.a(alt_iic.o)
 .bss           0x0081711c        0x0 ../LaserHarpBuildClean_bsp/\libucosii_bsp.a(alt_iic_isr_register.o)
 .bss           0x0081711c        0x0 ../LaserHarpBuildClean_bsp/\libucosii_bsp.a(alt_irq_entry.o)
 .bss           0x0081711c        0x0 ../LaserHarpBuildClean_bsp/\libucosii_bsp.a(alt_irq_handler.o)
 .bss           0x0081711c        0x0 ../LaserHarpBuildClean_bsp/\libucosii_bsp.a(alt_irq_vars.o)
 .bss           0x0081711c        0x0 ../LaserHarpBuildClean_bsp/\libucosii_bsp.a(alt_isatty.o)
 .bss           0x0081711c        0x0 ../LaserHarpBuildClean_bsp/\libucosii_bsp.a(alt_lseek.o)
 .bss           0x0081711c        0x0 ../LaserHarpBuildClean_bsp/\libucosii_bsp.a(alt_main.o)
 .bss           0x0081711c        0x0 ../LaserHarpBuildClean_bsp/\libucosii_bsp.a(alt_printf.o)
 .bss           0x0081711c        0x0 ../LaserHarpBuildClean_bsp/\libucosii_bsp.a(alt_putchar.o)
 .bss           0x0081711c        0x0 ../LaserHarpBuildClean_bsp/\libucosii_bsp.a(alt_read.o)
 .bss           0x0081711c        0x0 ../LaserHarpBuildClean_bsp/\libucosii_bsp.a(alt_release_fd.o)
 .bss           0x0081711c        0x0 ../LaserHarpBuildClean_bsp/\libucosii_bsp.a(alt_sbrk.o)
 .bss           0x0081711c        0x0 ../LaserHarpBuildClean_bsp/\libucosii_bsp.a(alt_write.o)
 .bss           0x0081711c        0x0 ../LaserHarpBuildClean_bsp/\libucosii_bsp.a(alt_env_lock.o)
 .bss           0x0081711c        0x0 ../LaserHarpBuildClean_bsp/\libucosii_bsp.a(alt_malloc_lock.o)
 .bss           0x0081711c        0x0 ../LaserHarpBuildClean_bsp/\libucosii_bsp.a(os_core.o)
 .bss           0x0081711c        0x0 ../LaserHarpBuildClean_bsp/\libucosii_bsp.a(os_dbg.o)
 .bss           0x0081711c        0x0 ../LaserHarpBuildClean_bsp/\libucosii_bsp.a(os_flag.o)
 .bss           0x0081711c        0x0 ../LaserHarpBuildClean_bsp/\libucosii_bsp.a(os_mem.o)
 .bss           0x0081711c        0x0 ../LaserHarpBuildClean_bsp/\libucosii_bsp.a(os_q.o)
 .bss           0x0081711c        0x0 ../LaserHarpBuildClean_bsp/\libucosii_bsp.a(os_sem.o)
 .bss           0x0081711c        0x0 ../LaserHarpBuildClean_bsp/\libucosii_bsp.a(os_task.o)
 .bss           0x0081711c        0x0 ../LaserHarpBuildClean_bsp/\libucosii_bsp.a(os_time.o)
 .bss           0x0081711c        0x0 ../LaserHarpBuildClean_bsp/\libucosii_bsp.a(alt_sys_init.o)
 .bss           0x0081711c        0x0 ../LaserHarpBuildClean_bsp/\libucosii_bsp.a(altera_avalon_fifo_util.o)
 .bss           0x0081711c        0x0 ../LaserHarpBuildClean_bsp/\libucosii_bsp.a(altera_avalon_jtag_uart_fd.o)
 .bss           0x0081711c        0x0 ../LaserHarpBuildClean_bsp/\libucosii_bsp.a(altera_avalon_jtag_uart_init.o)
 .bss           0x0081711c        0x0 ../LaserHarpBuildClean_bsp/\libucosii_bsp.a(altera_avalon_jtag_uart_ioctl.o)
 .bss           0x0081711c        0x0 ../LaserHarpBuildClean_bsp/\libucosii_bsp.a(altera_avalon_jtag_uart_read.o)
 .bss           0x0081711c        0x0 ../LaserHarpBuildClean_bsp/\libucosii_bsp.a(altera_avalon_jtag_uart_write.o)
 .bss           0x0081711c        0x0 ../LaserHarpBuildClean_bsp/\libucosii_bsp.a(altera_avalon_timer_sc.o)
 .bss           0x0081711c        0x0 ../LaserHarpBuildClean_bsp/\libucosii_bsp.a(altera_up_avalon_audio.o)
 .bss           0x0081711c        0x0 ../LaserHarpBuildClean_bsp/\libucosii_bsp.a(altera_up_avalon_audio_and_video_config.o)
 .bss           0x0081711c        0x0 ../LaserHarpBuildClean_bsp/\libucosii_bsp.a(altera_up_avalon_character_lcd.o)
 .bss           0x0081711c        0x0 ../LaserHarpBuildClean_bsp/\libucosii_bsp.a(alt_alarm_start.o)
 .bss           0x0081711c        0x0 ../LaserHarpBuildClean_bsp/\libucosii_bsp.a(alt_dev_llist_insert.o)
 .bss           0x0081711c        0x0 ../LaserHarpBuildClean_bsp/\libucosii_bsp.a(alt_do_ctors.o)
 .bss           0x0081711c        0x0 ../LaserHarpBuildClean_bsp/\libucosii_bsp.a(alt_do_dtors.o)
 .bss           0x0081711c        0x0 ../LaserHarpBuildClean_bsp/\libucosii_bsp.a(alt_exception_entry.o)
 .bss           0x0081711c        0x0 ../LaserHarpBuildClean_bsp/\libucosii_bsp.a(alt_find_dev.o)
 .bss           0x0081711c        0x0 ../LaserHarpBuildClean_bsp/\libucosii_bsp.a(alt_io_redirect.o)
 .bss           0x0081711c        0x0 ../LaserHarpBuildClean_bsp/\libucosii_bsp.a(alt_open.o)
 .bss           0x0081711c        0x0 ../LaserHarpBuildClean_bsp/\libucosii_bsp.a(alt_tick.o)
 .bss           0x0081711c        0x0 ../LaserHarpBuildClean_bsp/\libucosii_bsp.a(altera_nios2_qsys_irq.o)
 .bss           0x0081711c        0x0 ../LaserHarpBuildClean_bsp/\libucosii_bsp.a(os_cpu_a.o)
 .bss           0x0081711c        0x0 ../LaserHarpBuildClean_bsp/\libucosii_bsp.a(os_cpu_c.o)
 .bss           0x0081711c        0x0 ../LaserHarpBuildClean_bsp/\libucosii_bsp.a(alt_find_file.o)
 .bss           0x0081711c        0x0 ../LaserHarpBuildClean_bsp/\libucosii_bsp.a(alt_get_fd.o)
 .bss           0x0081711c        0x0 c:/altera/12.1sp1/nios2eds/bin/gnu/h-i686-mingw32/bin/../lib/gcc/nios2-elf/4.1.2/../../../../nios2-elf/lib\libc.a(lib_a-atexit.o)
 .bss           0x0081711c        0x0 c:/altera/12.1sp1/nios2eds/bin/gnu/h-i686-mingw32/bin/../lib/gcc/nios2-elf/4.1.2/../../../../nios2-elf/lib\libc.a(lib_a-exit.o)
 .bss           0x0081711c        0x0 c:/altera/12.1sp1/nios2eds/bin/gnu/h-i686-mingw32/bin/../lib/gcc/nios2-elf/4.1.2/../../../../nios2-elf/lib\libc.a(lib_a-memcmp.o)
 .bss           0x0081711c        0x0 c:/altera/12.1sp1/nios2eds/bin/gnu/h-i686-mingw32/bin/../lib/gcc/nios2-elf/4.1.2/../../../../nios2-elf/lib\libc.a(lib_a-__atexit.o)
 .bss           0x0081711c        0x0 c:/altera/12.1sp1/nios2eds/bin/gnu/h-i686-mingw32/bin/../lib/gcc/nios2-elf/4.1.2/../../../../nios2-elf/lib\libc.a(lib_a-__call_atexit.o)
 .bss           0x0081711c        0x0 c:/altera/12.1sp1/nios2eds/bin/gnu/h-i686-mingw32/bin/../lib/gcc/nios2-elf/4.1.2\libgcc.a(lib2-divmod.o)
 .bss           0x0081711c        0x0 ../LaserHarpBuildClean_bsp/\libucosii_bsp.a(alt_exit.o)
 *(COMMON)
 COMMON         0x0081711c    0x6b6c0 obj/default/main.o
                0x0081711c                laserInputTaskStack
                0x0081bf3c                audioTaskStack
                0x0087d9bc                uiTaskStack
 COMMON         0x008827dc      0x100 ../LaserHarpBuildClean_bsp/\libucosii_bsp.a(alt_irq_handler.o)
                0x008827dc                alt_irq
 COMMON         0x008828dc     0x3224 ../LaserHarpBuildClean_bsp/\libucosii_bsp.a(os_core.o)
                0x008828dc                OSFlagTbl
                0x00882c4c                OSMemTbl
                0x0088387c                OSTaskStatStk
                0x0088407c                OSQTbl
                0x0088425c                OSTaskIdleStk
                0x00884a5c                OSEventTbl
                0x0088559c                OSTCBTbl
                0x00885aac                OSTCBPrioTbl
 COMMON         0x00885b00      0x190 c:/altera/12.1sp1/nios2eds/bin/gnu/h-i686-mingw32/bin/../lib/gcc/nios2-elf/4.1.2/../../../../nios2-elf/lib\libc.a(lib_a-atexit.o)
                0x00885b00                _atexit0
                0x00885c90                . = ALIGN (0x4)
                0x00885c90                __bss_end = ABSOLUTE (.)

.sdram_0        0x00885c90        0x0
                0x00885c90                PROVIDE (_alt_partition_sdram_0_start, ABSOLUTE (.))
 *(.sdram_0. sdram_0.*)
                0x00885c90                . = ALIGN (0x4)
                0x00885c90                PROVIDE (_alt_partition_sdram_0_end, ABSOLUTE (.))
                0x00885c90                _end = ABSOLUTE (.)
                0x00885c90                end = ABSOLUTE (.)
                0x00885c90                __alt_stack_base = ABSOLUTE (.)
                0x00885c90                PROVIDE (_alt_partition_sdram_0_load_addr, LOADADDR (.sdram_0))

.generic_tristate_controller_0
                0x01400020        0x0
                0x01400020                PROVIDE (_alt_partition_generic_tristate_controller_0_start, ABSOLUTE (.))
 *(.generic_tristate_controller_0. generic_tristate_controller_0.*)
                0x01400020                . = ALIGN (0x4)
                0x01400020                PROVIDE (_alt_partition_generic_tristate_controller_0_end, ABSOLUTE (.))
                0x01400020                PROVIDE (_alt_partition_generic_tristate_controller_0_load_addr, LOADADDR (.generic_tristate_controller_0))

.sram_0         0x01880000        0x0
                0x01880000                PROVIDE (_alt_partition_sram_0_start, ABSOLUTE (.))
 *(.sram_0. sram_0.*)
                0x01880000                . = ALIGN (0x4)
                0x01880000                PROVIDE (_alt_partition_sram_0_end, ABSOLUTE (.))
                0x01880000                PROVIDE (_alt_partition_sram_0_load_addr, LOADADDR (.sram_0))

.onchip_memory2_0
                0x019041bc        0x0
                0x019041bc                PROVIDE (_alt_partition_onchip_memory2_0_start, ABSOLUTE (.))
 *(.onchip_memory2_0. onchip_memory2_0.*)
                0x019041bc                . = ALIGN (0x4)
                0x019041bc                PROVIDE (_alt_partition_onchip_memory2_0_end, ABSOLUTE (.))
                0x019041bc                PROVIDE (_alt_partition_onchip_memory2_0_load_addr, LOADADDR (.onchip_memory2_0))

.stab
 *(.stab)

.stabstr
 *(.stabstr)

.stab.excl
 *(.stab.excl)

.stab.exclstr
 *(.stab.exclstr)

.stab.index
 *(.stab.index)

.stab.indexstr
 *(.stab.indexstr)

.comment        0x00000000       0x26
 *(.comment)
 .comment       0x00000000       0x26 obj/default/MIDIGenerator.o
                                 0x27 (size before relaxing)
 .comment       0x00000000       0x27 obj/default/SynthesizerDriver.o
 .comment       0x00000000       0x27 obj/default/main.o