Archive member included because of file (symbol)

c:/altera/12.1sp1/nios2eds/bin/gnu/h-i686-mingw32/bin/../lib/gcc/nios2-elf/4.1.2/../../../../nios2-elf/lib\libm.a(lib_a-sf_round.o)
                              obj/default/SynthesizerDriver.o (roundf)
c:/altera/12.1sp1/nios2eds/bin/gnu/h-i686-mingw32/bin/../lib/gcc/nios2-elf/4.1.2/../../../../nios2-elf/lib\libm.a(lib_a-w_pow.o)
                              obj/default/SynthesizerDriver.o (pow)
c:/altera/12.1sp1/nios2eds/bin/gnu/h-i686-mingw32/bin/../lib/gcc/nios2-elf/4.1.2/../../../../nios2-elf/lib\libm.a(lib_a-e_pow.o)
                              c:/altera/12.1sp1/nios2eds/bin/gnu/h-i686-mingw32/bin/../lib/gcc/nios2-elf/4.1.2/../../../../nios2-elf/lib\libm.a(lib_a-w_pow.o) (__ieee754_pow)
c:/altera/12.1sp1/nios2eds/bin/gnu/h-i686-mingw32/bin/../lib/gcc/nios2-elf/4.1.2/../../../../nios2-elf/lib\libm.a(lib_a-e_sqrt.o)
                              c:/altera/12.1sp1/nios2eds/bin/gnu/h-i686-mingw32/bin/../lib/gcc/nios2-elf/4.1.2/../../../../nios2-elf/lib\libm.a(lib_a-e_pow.o) (__ieee754_sqrt)
c:/altera/12.1sp1/nios2eds/bin/gnu/h-i686-mingw32/bin/../lib/gcc/nios2-elf/4.1.2/../../../../nios2-elf/lib\libm.a(lib_a-s_fabs.o)
                              c:/altera/12.1sp1/nios2eds/bin/gnu/h-i686-mingw32/bin/../lib/gcc/nios2-elf/4.1.2/../../../../nios2-elf/lib\libm.a(lib_a-e_pow.o) (fabs)
c:/altera/12.1sp1/nios2eds/bin/gnu/h-i686-mingw32/bin/../lib/gcc/nios2-elf/4.1.2/../../../../nios2-elf/lib\libm.a(lib_a-s_finite.o)
                              c:/altera/12.1sp1/nios2eds/bin/gnu/h-i686-mingw32/bin/../lib/gcc/nios2-elf/4.1.2/../../../../nios2-elf/lib\libm.a(lib_a-w_pow.o) (finite)
c:/altera/12.1sp1/nios2eds/bin/gnu/h-i686-mingw32/bin/../lib/gcc/nios2-elf/4.1.2/../../../../nios2-elf/lib\libm.a(lib_a-s_isnand.o)
                              c:/altera/12.1sp1/nios2eds/bin/gnu/h-i686-mingw32/bin/../lib/gcc/nios2-elf/4.1.2/../../../../nios2-elf/lib\libm.a(lib_a-w_pow.o) (__isnand)
c:/altera/12.1sp1/nios2eds/bin/gnu/h-i686-mingw32/bin/../lib/gcc/nios2-elf/4.1.2/../../../../nios2-elf/lib\libm.a(lib_a-s_lib_ver.o)
                              c:/altera/12.1sp1/nios2eds/bin/gnu/h-i686-mingw32/bin/../lib/gcc/nios2-elf/4.1.2/../../../../nios2-elf/lib\libm.a(lib_a-w_pow.o) (__fdlib_version)
c:/altera/12.1sp1/nios2eds/bin/gnu/h-i686-mingw32/bin/../lib/gcc/nios2-elf/4.1.2/../../../../nios2-elf/lib\libm.a(lib_a-s_matherr.o)
                              c:/altera/12.1sp1/nios2eds/bin/gnu/h-i686-mingw32/bin/../lib/gcc/nios2-elf/4.1.2/../../../../nios2-elf/lib\libm.a(lib_a-w_pow.o) (matherr)
c:/altera/12.1sp1/nios2eds/bin/gnu/h-i686-mingw32/bin/../lib/gcc/nios2-elf/4.1.2/../../../../nios2-elf/lib\libm.a(lib_a-s_nan.o)
                              c:/altera/12.1sp1/nios2eds/bin/gnu/h-i686-mingw32/bin/../lib/gcc/nios2-elf/4.1.2/../../../../nios2-elf/lib\libm.a(lib_a-e_pow.o) (nan)
c:/altera/12.1sp1/nios2eds/bin/gnu/h-i686-mingw32/bin/../lib/gcc/nios2-elf/4.1.2/../../../../nios2-elf/lib\libm.a(lib_a-s_rint.o)
                              c:/altera/12.1sp1/nios2eds/bin/gnu/h-i686-mingw32/bin/../lib/gcc/nios2-elf/4.1.2/../../../../nios2-elf/lib\libm.a(lib_a-w_pow.o) (rint)
c:/altera/12.1sp1/nios2eds/bin/gnu/h-i686-mingw32/bin/../lib/gcc/nios2-elf/4.1.2/../../../../nios2-elf/lib\libm.a(lib_a-s_scalbn.o)
                              c:/altera/12.1sp1/nios2eds/bin/gnu/h-i686-mingw32/bin/../lib/gcc/nios2-elf/4.1.2/../../../../nios2-elf/lib\libm.a(lib_a-e_pow.o) (scalbn)
c:/altera/12.1sp1/nios2eds/bin/gnu/h-i686-mingw32/bin/../lib/gcc/nios2-elf/4.1.2/../../../../nios2-elf/lib\libm.a(lib_a-s_copysign.o)
                              c:/altera/12.1sp1/nios2eds/bin/gnu/h-i686-mingw32/bin/../lib/gcc/nios2-elf/4.1.2/../../../../nios2-elf/lib\libm.a(lib_a-s_scalbn.o) (copysign)
c:/altera/12.1sp1/nios2eds/bin/gnu/h-i686-mingw32/bin/../lib/gcc/nios2-elf/4.1.2\libgcc.a(_addsub_sf.o)
                              c:/altera/12.1sp1/nios2eds/bin/gnu/h-i686-mingw32/bin/../lib/gcc/nios2-elf/4.1.2/../../../../nios2-elf/lib\libm.a(lib_a-sf_round.o) (__addsf3)
c:/altera/12.1sp1/nios2eds/bin/gnu/h-i686-mingw32/bin/../lib/gcc/nios2-elf/4.1.2\libgcc.a(_mul_sf.o)
                              obj/default/SynthesizerDriver.o (__mulsf3)
c:/altera/12.1sp1/nios2eds/bin/gnu/h-i686-mingw32/bin/../lib/gcc/nios2-elf/4.1.2\libgcc.a(_div_sf.o)
                              obj/default/SynthesizerDriver.o (__divsf3)
c:/altera/12.1sp1/nios2eds/bin/gnu/h-i686-mingw32/bin/../lib/gcc/nios2-elf/4.1.2\libgcc.a(_sf_to_si.o)
                              obj/default/SynthesizerDriver.o (__fixsfsi)
c:/altera/12.1sp1/nios2eds/bin/gnu/h-i686-mingw32/bin/../lib/gcc/nios2-elf/4.1.2\libgcc.a(_thenan_sf.o)
                              c:/altera/12.1sp1/nios2eds/bin/gnu/h-i686-mingw32/bin/../lib/gcc/nios2-elf/4.1.2\libgcc.a(_addsub_sf.o) (__thenan_sf)
c:/altera/12.1sp1/nios2eds/bin/gnu/h-i686-mingw32/bin/../lib/gcc/nios2-elf/4.1.2\libgcc.a(_addsub_df.o)
[...]
Memory Configuration

Name             Origin             Length             Attributes
sdram_0          0x00800000         0x00800000
sram_0           0x01080000         0x00080000
onchip_memory2_0_BEFORE_EXCEPTION 0x01104000         0x00000020
onchip_memory2_0 0x01104020         0x00003fe0
reset            0x01800000         0x00000020
generic_tristate_controller_0 0x01800020         0x003fffe0
*default*        0x00000000         0xffffffff

Linker script and memory map

LOAD ../Tutorial3V2_bsp//obj/HAL/src/crt0.o
LOAD obj/default/SynthesizerDriver.o
LOAD obj/default/hello_ucosii.o
LOAD c:/altera/12.1sp1/nios2eds/bin/gnu/h-i686-mingw32/bin/../lib/gcc/nios2-elf/4.1.2/../../../../nios2-elf/lib\libstdc++.a
LOAD c:/altera/12.1sp1/nios2eds/bin/gnu/h-i686-mingw32/bin/../lib/gcc/nios2-elf/4.1.2/../../../../nios2-elf/lib\libm.a
LOAD c:/altera/12.1sp1/nios2eds/bin/gnu/h-i686-mingw32/bin/../lib/gcc/nios2-elf/4.1.2\libgcc.a
START GROUP
LOAD c:/altera/12.1sp1/nios2eds/bin/gnu/h-i686-mingw32/bin/../lib/gcc/nios2-elf/4.1.2/../../../../nios2-elf/lib\libc.a
LOAD c:/altera/12.1sp1/nios2eds/bin/gnu/h-i686-mingw32/bin/../lib/gcc/nios2-elf/4.1.2\libgcc.a
LOAD ../Tutorial3V2_bsp/\libucosii_bsp.a
END GROUP
LOAD c:/altera/12.1sp1/nios2eds/bin/gnu/h-i686-mingw32/bin/../lib/gcc/nios2-elf/4.1.2\libgcc.a
                0x00800000                __alt_mem_sdram_0 = 0x800000
                0x01080000                __alt_mem_sram_0 = 0x1080000
                0x01104000                __alt_mem_onchip_memory2_0 = 0x1104000
                0x01800000                __alt_mem_generic_tristate_controller_0 = 0x1800000

.entry          0x01800000        0x0
 *(.entry)
 .entry         0x01800000        0x0 ../Tutorial3V2_bsp//obj/HAL/src/crt0.o
                0x01800000                __reset

.exceptions     0x01104020      0x19c
                0x01104020                PROVIDE (__ram_exceptions_start, ABSOLUTE (.))
                0x01104020                . = ALIGN (0x20)
 *(.irq)
 *(.exceptions.entry.label)
 .exceptions.entry.label
                0x01104020        0x0 ../Tutorial3V2_bsp/\libucosii_bsp.a(alt_irq_entry.o)
                0x01104020                alt_irq_entry
 .exceptions.entry.label
                0x01104020        0x0 ../Tutorial3V2_bsp/\libucosii_bsp.a(alt_exception_entry.o)
                0x01104020                alt_exception
 *(.exceptions.entry.user)
 *(.exceptions.entry)
 .exceptions.entry
                0x01104020       0x54 ../Tutorial3V2_bsp/\libucosii_bsp.a(alt_exception_entry.o)
 *(.exceptions.irqtest.user)
 *(.exceptions.irqtest)
 .exceptions.irqtest
                0x01104074       0x10 ../Tutorial3V2_bsp/\libucosii_bsp.a(alt_irq_entry.o)
 *(.exceptions.irqhandler.user)
 *(.exceptions.irqhandler)
 .exceptions.irqhandler
                0x01104084        0x4 ../Tutorial3V2_bsp/\libucosii_bsp.a(alt_irq_entry.o)
 *(.exceptions.irqreturn.user)
 *(.exceptions.irqreturn)
 .exceptions.irqreturn
                0x01104088        0x4 ../Tutorial3V2_bsp/\libucosii_bsp.a(alt_irq_entry.o)
 *(.exceptions.notirq.label)
 .exceptions.notirq.label
                0x0110408c        0x0 ../Tutorial3V2_bsp/\libucosii_bsp.a(alt_irq_entry.o)
 *(.exceptions.notirq.user)
 *(.exceptions.notirq)
 .exceptions.notirq
                0x0110408c        0x8 ../Tutorial3V2_bsp/\libucosii_bsp.a(alt_exception_entry.o)
 *(.exceptions.soft.user)
 *(.exceptions.soft)
 *(.exceptions.unknown.user)
 *(.exceptions.unknown)
 .exceptions.unknown
                0x01104094        0x4 ../Tutorial3V2_bsp/\libucosii_bsp.a(alt_exception_entry.o)
 *(.exceptions.exit.label)
 .exceptions.exit.label
                0x01104098        0x0 ../Tutorial3V2_bsp/\libucosii_bsp.a(alt_irq_entry.o)
 .exceptions.exit.label
                0x01104098        0x0 ../Tutorial3V2_bsp/\libucosii_bsp.a(alt_exception_entry.o)
 *(.exceptions.exit.user)
 *(.exceptions.exit)
 .exceptions.exit
                0x01104098       0x54 ../Tutorial3V2_bsp/\libucosii_bsp.a(alt_exception_entry.o)
 *(.exceptions)
 .exceptions    0x011040ec       0xd0 ../Tutorial3V2_bsp/\libucosii_bsp.a(alt_irq_handler.o)
                0x011040ec                alt_irq_handler
                0x011041bc                PROVIDE (__ram_exceptions_end, ABSOLUTE (.))
                0x01104020                PROVIDE (__flash_exceptions_start, LOADADDR (.exceptions))

.text           0x00800000    0x141d0
                0x00800000                PROVIDE (stext, ABSOLUTE (.))
 *(.interp)
 *(.hash)
 *(.dynsym)
 *(.dynstr)
 *(.gnu.version)
 *(.gnu.version_d)
 *(.gnu.version_r)
 *(.rel.init)
 *(.rela.init)
 *(.rel.text .rel.text.* .rel.gnu.linkonce.t.*)
 *(.rela.text .rela.text.* .rela.gnu.linkonce.t.*)
 *(.rel.fini)
 *(.rela.fini)
 *(.rel.rodata .rel.rodata.* .rel.gnu.linkonce.r.*)
 *(.rela.rodata .rela.rodata.* .rela.gnu.linkonce.r.*)
 *(.rel.data .rel.data.* .rel.gnu.linkonce.d.*)
 *(.rela.data .rela.data.* .rela.gnu.linkonce.d.*)
 *(.rel.tdata .rel.tdata.* .rel.gnu.linkonce.td.*)
 *(.rela.tdata .rela.tdata.* .rela.gnu.linkonce.td.*)
 *(.rel.tbss .rel.tbss.* .rel.gnu.linkonce.tb.*)
 *(.rela.tbss .rela.tbss.* .rela.gnu.linkonce.tb.*)
 *(.rel.ctors)
 *(.rela.ctors)
 *(.rel.dtors)
 *(.rela.dtors)
 *(.rel.got)
 *(.rela.got)
 *(.rel.sdata .rel.sdata.* .rel.gnu.linkonce.s.*)
 *(.rela.sdata .rela.sdata.* .rela.gnu.linkonce.s.*)
 *(.rel.sbss .rel.sbss.* .rel.gnu.linkonce.sb.*)
 *(.rela.sbss .rela.sbss.* .rela.gnu.linkonce.sb.*)
 *(.rel.sdata2 .rel.sdata2.* .rel.gnu.linkonce.s2.*)
 *(.rela.sdata2 .rela.sdata2.* .rela.gnu.linkonce.s2.*)
 *(.rel.sbss2 .rel.sbss2.* .rel.gnu.linkonce.sb2.*)
 *(.rela.sbss2 .rela.sbss2.* .rela.gnu.linkonce.sb2.*)
 *(.rel.bss .rel.bss.* .rel.gnu.linkonce.b.*)
 *(.rela.bss .rela.bss.* .rela.gnu.linkonce.b.*)
 *(.rel.plt)
 *(.rela.plt)
 *(.rel.dyn)
 *(.init)
 *(.plt)
 *(.text .stub .text.* .gnu.linkonce.t.*)
 .text          0x00800000       0x48 ../Tutorial3V2_bsp//obj/HAL/src/crt0.o
                0x00800000                _start
 .text          0x00800048      0x3a4 obj/default/SynthesizerDriver.o
                0x00800048                midiNote2midiFreq
                0x008000f4                midiFreq2sampleFreq
                0x00800148                startVoice
                0x00800194                endVoice
                0x008001d8                turnOnVoice
                0x008002c4                turnOffVoice
                0x00800364                processNote
 .text          0x008003ec      0x508 obj/default/hello_ucosii.o
                0x008003ec                audioTask
                0x008005d4                laserInputTask
                0x0080076c                handleLaserStatusChange
                0x00800810                main
 .text          0x008008f4       0x9c c:/altera/12.1sp1/nios2eds/bin/gnu/h-i686-mingw32/bin/../lib/gcc/nios2-elf/4.1.2/../../../../nios2-elf/lib\libm.a(lib_a-sf_round.o)
                0x008008f4                roundf
 .text          0x00800990      0x488 c:/altera/12.1sp1/nios2eds/bin/gnu/h-i686-mingw32/bin/../lib/gcc/nios2-elf/4.1.2/../../../../nios2-elf/lib\libm.a(lib_a-w_pow.o)
                0x00800990                pow
 .text          0x00800e18     0x1300 c:/altera/12.1sp1/nios2eds/bin/gnu/h-i686-mingw32/bin/../lib/gcc/nios2-elf/4.1.2/../../../../nios2-elf/lib\libm.a(lib_a-e_pow.o)
                0x00800e18                __ieee754_pow
 .text          0x00802118      0x2c8 c:/altera/12.1sp1/nios2eds/bin/gnu/h-i686-mingw32/bin/../lib/gcc/nios2-elf/4.1.2/../../../../nios2-elf/lib\libm.a(lib_a-e_sqrt.o)
                0x00802118                __ieee754_sqrt
 .text          0x008023e0       0x18 c:/altera/12.1sp1/nios2eds/bin/gnu/h-i686-mingw32/bin/../lib/gcc/nios2-elf/4.1.2/../../../../nios2-elf/lib\libm.a(lib_a-s_fabs.o)
                0x008023e0                fabs
 .text          0x008023f8       0x1c c:/altera/12.1sp1/nios2eds/bin/gnu/h-i686-mingw32/bin/../lib/gcc/nios2-elf/4.1.2/../../../../nios2-elf/lib\libm.a(lib_a-s_finite.o)
                0x008023f8                finite
 .text          0x00802414       0x30 c:/altera/12.1sp1/nios2eds/bin/gnu/h-i686-mingw32/bin/../lib/gcc/nios2-elf/4.1.2/../../../../nios2-elf/lib\libm.a(lib_a-s_isnand.o)
                0x00802414                __isnand
 .text          0x00802444        0x0 c:/altera/12.1sp1/nios2eds/bin/gnu/h-i686-mingw32/bin/../lib/gcc/nios2-elf/4.1.2/../../../../nios2-elf/lib\libm.a(lib_a-s_lib_ver.o)
 .text          0x00802444        0x8 c:/altera/12.1sp1/nios2eds/bin/gnu/h-i686-mingw32/bin/../lib/gcc/nios2-elf/4.1.2/../../../../nios2-elf/lib\libm.a(lib_a-s_matherr.o)
                0x00802444                matherr
 .text          0x0080244c       0x10 c:/altera/12.1sp1/nios2eds/bin/gnu/h-i686-mingw32/bin/../lib/gcc/nios2-elf/4.1.2/../../../../nios2-elf/lib\libm.a(lib_a-s_nan.o)
                0x0080244c                nan
 .text          0x0080245c      0x210 c:/altera/12.1sp1/nios2eds/bin/gnu/h-i686-mingw32/bin/../lib/gcc/nios2-elf/4.1.2/../../../../nios2-elf/lib\libm.a(lib_a-s_rint.o)
                0x0080245c                rint
 .text          0x0080266c      0x1e0 c:/altera/12.1sp1/nios2eds/bin/gnu/h-i686-mingw32/bin/../lib/gcc/nios2-elf/4.1.2/../../../../nios2-elf/lib\libm.a(lib_a-s_scalbn.o)
                0x0080266c                scalbn
 .text          0x0080284c       0x24 c:/altera/12.1sp1/nios2eds/bin/gnu/h-i686-mingw32/bin/../lib/gcc/nios2-elf/4.1.2/../../../../nios2-elf/lib\libm.a(lib_a-s_copysign.o)
                0x0080284c                copysign
 .text          0x00802870      0x2b8 c:/altera/12.1sp1/nios2eds/bin/gnu/h-i686-mingw32/bin/../lib/gcc/nios2-elf/4.1.2\libgcc.a(_addsub_sf.o)
                0x00802a54                __subsf3
                0x00802ac4                __addsf3
 .text          0x00802b28      0x1e0 c:/altera/12.1sp1/nios2eds/bin/gnu/h-i686-mingw32/bin/../lib/gcc/nios2-elf/4.1.2\libgcc.a(_mul_sf.o)
                0x00802b28                __mulsf3
 .text          0x00802d08      0x174 c:/altera/12.1sp1/nios2eds/bin/gnu/h-i686-mingw32/bin/../lib/gcc/nios2-elf/4.1.2\libgcc.a(_div_sf.o)
                0x00802d08                __divsf3
 .text          0x00802e7c       0x94 c:/altera/12.1sp1/nios2eds/bin/gnu/h-i686-mingw32/bin/../lib/gcc/nios2-elf/4.1.2\libgcc.a(_sf_to_si.o)
                0x00802e7c                __fixsfsi
 .text          0x00802f10        0x0 c:/altera/12.1sp1/nios2eds/bin/gnu/h-i686-mingw32/bin/../lib/gcc/nios2-elf/4.1.2\libgcc.a(_thenan_sf.o)
 .text          0x00802f10      0x504 c:/altera/12.1sp1/nios2eds/bin/gnu/h-i686-mingw32/bin/../lib/gcc/nios2-elf/4.1.2\libgcc.a(_addsub_df.o)
                0x00803320                __subdf3
                0x008033a0                __adddf3
 .text          0x00803414      0x3c4 c:/altera/12.1sp1/nios2eds/bin/gnu/h-i686-mingw32/bin/../lib/gcc/nios2-elf/4.1.2\libgcc.a(_mul_df.o)
                0x00803414                __muldf3
 .text          0x008037d8      0x258 c:/altera/12.1sp1/nios2eds/bin/gnu/h-i686-mingw32/bin/../lib/gcc/nios2-elf/4.1.2\libgcc.a(_div_df.o)
                0x008037d8                __divdf3
 .text          0x00803a30       0x88 c:/altera/12.1sp1/nios2eds/bin/gnu/h-i686-mingw32/bin/../lib/gcc/nios2-elf/4.1.2\libgcc.a(_eq_df.o)
                0x00803a30                __eqdf2
 .text          0x00803ab8       0x88 c:/altera/12.1sp1/nios2eds/bin/gnu/h-i686-mingw32/bin/../lib/gcc/nios2-elf/4.1.2\libgcc.a(_ne_df.o)
                0x00803ab8                __nedf2
 .text          0x00803b40       0x88 c:/altera/12.1sp1/nios2eds/bin/gnu/h-i686-mingw32/bin/../lib/gcc/nios2-elf/4.1.2\libgcc.a(_gt_df.o)
                0x00803b40                __gtdf2
 .text          0x00803bc8       0x88 c:/altera/12.1sp1/nios2eds/bin/gnu/h-i686-mingw32/bin/../lib/gcc/nios2-elf/4.1.2\libgcc.a(_lt_df.o)
                0x00803bc8                __ltdf2
 .text          0x00803c50       0x88 c:/altera/12.1sp1/nios2eds/bin/gnu/h-i686-mingw32/bin/../lib/gcc/nios2-elf/4.1.2\libgcc.a(_le_df.o)
                0x00803c50                __ledf2
 .text          0x00803cd8       0xf8 c:/altera/12.1sp1/nios2eds/bin/gnu/h-i686-mingw32/bin/../lib/gcc/nios2-elf/4.1.2\libgcc.a(_si_to_df.o)
                0x00803cd8                __floatsidf
 .text          0x00803dd0       0x74 c:/altera/12.1sp1/nios2eds/bin/gnu/h-i686-mingw32/bin/../lib/gcc/nios2-elf/4.1.2\libgcc.a(_df_to_sf.o)
                0x00803dd0                __truncdfsf2
 .text          0x00803e44        0x0 c:/altera/12.1sp1/nios2eds/bin/gnu/h-i686-mingw32/bin/../lib/gcc/nios2-elf/4.1.2\libgcc.a(_thenan_df.o)
 .text          0x00803e44       0x98 c:/altera/12.1sp1/nios2eds/bin/gnu/h-i686-mingw32/bin/../lib/gcc/nios2-elf/4.1.2\libgcc.a(_muldi3.o)
                0x00803e44                __muldi3
 .text          0x00803edc       0x80 c:/altera/12.1sp1/nios2eds/bin/gnu/h-i686-mingw32/bin/../lib/gcc/nios2-elf/4.1.2\libgcc.a(_clzsi2.o)
                0x00803edc                __clzsi2
 .text          0x00803f5c      0x160 c:/altera/12.1sp1/nios2eds/bin/gnu/h-i686-mingw32/bin/../lib/gcc/nios2-elf/4.1.2\libgcc.a(_pack_sf.o)
                0x00803f5c                __pack_f
 .text          0x008040bc       0xc8 c:/altera/12.1sp1/nios2eds/bin/gnu/h-i686-mingw32/bin/../lib/gcc/nios2-elf/4.1.2\libgcc.a(_unpack_sf.o)
                0x008040bc                __unpack_f
 .text          0x00804184       0x2c c:/altera/12.1sp1/nios2eds/bin/gnu/h-i686-mingw32/bin/../lib/gcc/nios2-elf/4.1.2\libgcc.a(_make_sf.o)
                0x00804184                __make_fp
 .text          0x008041b0      0x314 c:/altera/12.1sp1/nios2eds/bin/gnu/h-i686-mingw32/bin/../lib/gcc/nios2-elf/4.1.2\libgcc.a(_pack_df.o)
                0x008041b0                __pack_d
 .text          0x008044c4      0x138 c:/altera/12.1sp1/nios2eds/bin/gnu/h-i686-mingw32/bin/../lib/gcc/nios2-elf/4.1.2\libgcc.a(_unpack_df.o)
                0x008044c4                __unpack_d
 .text          0x008045fc       0xc8 c:/altera/12.1sp1/nios2eds/bin/gnu/h-i686-mingw32/bin/../lib/gcc/nios2-elf/4.1.2\libgcc.a(_fpcmp_parts_df.o)
                0x008045fc                __fpcmp_parts_d
 .text          0x008046c4        0x0 c:/altera/12.1sp1/nios2eds/bin/gnu/h-i686-mingw32/bin/../lib/gcc/nios2-elf/4.1.2\libgcc.a(_clz.o)
 .text          0x008046c4       0x10 c:/altera/12.1sp1/nios2eds/bin/gnu/h-i686-mingw32/bin/../lib/gcc/nios2-elf/4.1.2/../../../../nios2-elf/lib\libc.a(lib_a-errno.o)
                0x008046c4                __errno
 .text          0x008046d4        0x0 c:/altera/12.1sp1/nios2eds/bin/gnu/h-i686-mingw32/bin/../lib/gcc/nios2-elf/4.1.2/../../../../nios2-elf/lib\libc.a(lib_a-impure.o)
 .text          0x008046d4       0xb4 c:/altera/12.1sp1/nios2eds/bin/gnu/h-i686-mingw32/bin/../lib/gcc/nios2-elf/4.1.2/../../../../nios2-elf/lib\libc.a(lib_a-puts.o)
                0x008046d4                _puts_r
                0x00804774                puts
 .text          0x00804788       0x74 c:/altera/12.1sp1/nios2eds/bin/gnu/h-i686-mingw32/bin/../lib/gcc/nios2-elf/4.1.2/../../../../nios2-elf/lib\libc.a(lib_a-strlen.o)
                0x00804788                strlen
 .text          0x008047fc      0x49c c:/altera/12.1sp1/nios2eds/bin/gnu/h-i686-mingw32/bin/../lib/gcc/nios2-elf/4.1.2/../../../../nios2-elf/lib\libc.a(lib_a-fvwrite.o)
                0x008047fc                __sfvwrite_r
 .text          0x00804c98      0x740 c:/altera/12.1sp1/nios2eds/bin/gnu/h-i686-mingw32/bin/../lib/gcc/nios2-elf/4.1.2/../../../../nios2-elf/lib\libc.a(lib_a-mallocr.o)
                0x00804c98                _malloc_r
 .text          0x008053d8       0xe4 c:/altera/12.1sp1/nios2eds/bin/gnu/h-i686-mingw32/bin/../lib/gcc/nios2-elf/4.1.2/../../../../nios2-elf/lib\libc.a(lib_a-memchr.o)
                0x008053d8                memchr
 .text          0x008054bc       0xa0 c:/altera/12.1sp1/nios2eds/bin/gnu/h-i686-mingw32/bin/../lib/gcc/nios2-elf/4.1.2/../../../../nios2-elf/lib\libc.a(lib_a-memcpy.o)
                0x008054bc                memcpy
 .text          0x0080555c       0xe0 c:/altera/12.1sp1/nios2eds/bin/gnu/h-i686-mingw32/bin/../lib/gcc/nios2-elf/4.1.2/../../../../nios2-elf/lib\libc.a(lib_a-memmove.o)
                0x0080555c                memmove
 .text          0x0080563c      0x5f4 c:/altera/12.1sp1/nios2eds/bin/gnu/h-i686-mingw32/bin/../lib/gcc/nios2-elf/4.1.2/../../../../nios2-elf/lib\libc.a(lib_a-reallocr.o)
                0x0080563c                _realloc_r
 .text          0x00805c30       0x70 c:/altera/12.1sp1/nios2eds/bin/gnu/h-i686-mingw32/bin/../lib/gcc/nios2-elf/4.1.2/../../../../nios2-elf/lib\libc.a(lib_a-sbrkr.o)
                0x00805c30                _sbrk_r
 .text          0x00805ca0      0x13c c:/altera/12.1sp1/nios2eds/bin/gnu/h-i686-mingw32/bin/../lib/gcc/nios2-elf/4.1.2/../../../../nios2-elf/lib\libc.a(lib_a-wsetup.o)
                0x00805ca0                __swsetup_r
 .text          0x00805ddc      0x230 c:/altera/12.1sp1/nios2eds/bin/gnu/h-i686-mingw32/bin/../lib/gcc/nios2-elf/4.1.2/../../../../nios2-elf/lib\libc.a(lib_a-fflush.o)
                0x00805ddc                _fflush_r
                0x00805fd8                fflush
 .text          0x0080600c      0x2c0 c:/altera/12.1sp1/nios2eds/bin/gnu/h-i686-mingw32/bin/../lib/gcc/nios2-elf/4.1.2/../../../../nios2-elf/lib\libc.a(lib_a-findfp.o)
                0x00806064                __sfp_lock_acquire
                0x00806068                __sfp_lock_release
                0x0080606c                __sinit_lock_acquire
                0x00806070                __sinit_lock_release
                0x00806074                __sinit
                0x00806128                __fp_unlock_all
                0x00806140                __fp_lock_all
                0x00806158                _cleanup_r
                0x00806164                _cleanup
                0x00806174                __sfmoreglue
                0x008061dc                __sfp
 .text          0x008062cc      0x440 c:/altera/12.1sp1/nios2eds/bin/gnu/h-i686-mingw32/bin/../lib/gcc/nios2-elf/4.1.2/../../../../nios2-elf/lib\libc.a(lib_a-freer.o)
                0x008062cc                _malloc_trim_r
                0x008063f8                _free_r
 .text          0x0080670c      0x180 c:/altera/12.1sp1/nios2eds/bin/gnu/h-i686-mingw32/bin/../lib/gcc/nios2-elf/4.1.2/../../../../nios2-elf/lib\libc.a(lib_a-fwalk.o)
                0x0080670c                _fwalk_reent
                0x008067d4                _fwalk
 .text          0x0080688c        0x0 c:/altera/12.1sp1/nios2eds/bin/gnu/h-i686-mingw32/bin/../lib/gcc/nios2-elf/4.1.2/../../../../nios2-elf/lib\libc.a(lib_a-int_errno.o)
 .text          0x0080688c      0x194 c:/altera/12.1sp1/nios2eds/bin/gnu/h-i686-mingw32/bin/../lib/gcc/nios2-elf/4.1.2/../../../../nios2-elf/lib\libc.a(lib_a-makebuf.o)
                0x0080688c                __smakebuf_r
 .text          0x00806a20       0x98 c:/altera/12.1sp1/nios2eds/bin/gnu/h-i686-mingw32/bin/../lib/gcc/nios2-elf/4.1.2/../../../../nios2-elf/lib\libc.a(lib_a-memset.o)
                0x00806a20                memset
 .text          0x00806ab8      0x14c c:/altera/12.1sp1/nios2eds/bin/gnu/h-i686-mingw32/bin/../lib/gcc/nios2-elf/4.1.2/../../../../nios2-elf/lib\libc.a(lib_a-stdio.o)
                0x00806ab8                __sclose
                0x00806ac0                __sseek
                0x00806b28                __swrite
                0x00806ba4                __sread
 .text          0x00806c04       0x78 c:/altera/12.1sp1/nios2eds/bin/gnu/h-i686-mingw32/bin/../lib/gcc/nios2-elf/4.1.2/../../../../nios2-elf/lib\libc.a(lib_a-writer.o)
                0x00806c04                _write_r
 .text          0x00806c7c       0x70 c:/altera/12.1sp1/nios2eds/bin/gnu/h-i686-mingw32/bin/../lib/gcc/nios2-elf/4.1.2/../../../../nios2-elf/lib\libc.a(lib_a-closer.o)
                0x00806c7c                _close_r
 .text          0x00806cec      0x124 c:/altera/12.1sp1/nios2eds/bin/gnu/h-i686-mingw32/bin/../lib/gcc/nios2-elf/4.1.2/../../../../nios2-elf/lib\libc.a(lib_a-fclose.o)
                0x00806cec                _fclose_r
                0x00806dfc                fclose
 .text          0x00806e10       0x74 c:/altera/12.1sp1/nios2eds/bin/gnu/h-i686-mingw32/bin/../lib/gcc/nios2-elf/4.1.2/../../../../nios2-elf/lib\libc.a(lib_a-fstatr.o)
                0x00806e10                _fstat_r
 .text          0x00806e84       0x70 c:/altera/12.1sp1/nios2eds/bin/gnu/h-i686-mingw32/bin/../lib/gcc/nios2-elf/4.1.2/../../../../nios2-elf/lib\libc.a(lib_a-isattyr.o)
                0x00806e84                _isatty_r
 .text          0x00806ef4       0x78 c:/altera/12.1sp1/nios2eds/bin/gnu/h-i686-mingw32/bin/../lib/gcc/nios2-elf/4.1.2/../../../../nios2-elf/lib\libc.a(lib_a-lseekr.o)
                0x00806ef4                _lseek_r
 .text          0x00806f6c       0x78 c:/altera/12.1sp1/nios2eds/bin/gnu/h-i686-mingw32/bin/../lib/gcc/nios2-elf/4.1.2/../../../../nios2-elf/lib\libc.a(lib_a-readr.o)
                0x00806f6c                _read_r
 .text          0x00806fe4      0x15c ../Tutorial3V2_bsp/\libucosii_bsp.a(alt_close.o)
                0x00806fe4                close
 .text          0x00807140       0x2c ../Tutorial3V2_bsp/\libucosii_bsp.a(alt_dev.o)
 .text          0x0080716c        0x0 ../Tutorial3V2_bsp/\libucosii_bsp.a(alt_errno.o)
 .text          0x0080716c      0x134 ../Tutorial3V2_bsp/\libucosii_bsp.a(alt_fstat.o)
                0x0080716c                fstat
 .text          0x008072a0      0x1d4 ../Tutorial3V2_bsp/\libucosii_bsp.a(alt_iic.o)
                0x008072a0                alt_ic_isr_register
                0x008072f0                alt_ic_irq_enable
                0x0080738c                alt_ic_irq_disable
                0x0080742c                alt_ic_irq_enabled
 .text          0x00807474       0xf8 ../Tutorial3V2_bsp/\libucosii_bsp.a(alt_iic_isr_register.o)
                0x00807474                alt_iic_isr_register
 .text          0x0080756c        0x0 ../Tutorial3V2_bsp/\libucosii_bsp.a(alt_irq_entry.o)
 .text          0x0080756c        0x0 ../Tutorial3V2_bsp/\libucosii_bsp.a(alt_irq_handler.o)
 .text          0x0080756c        0x0 ../Tutorial3V2_bsp/\libucosii_bsp.a(alt_irq_vars.o)
 .text          0x0080756c      0x120 ../Tutorial3V2_bsp/\libucosii_bsp.a(alt_isatty.o)
                0x0080756c                isatty
 .text          0x0080768c      0x150 ../Tutorial3V2_bsp/\libucosii_bsp.a(alt_lseek.o)
                0x0080768c                lseek
 .text          0x008077dc       0xc8 ../Tutorial3V2_bsp/\libucosii_bsp.a(alt_main.o)
                0x008077dc                alt_main
 .text          0x008078a4      0x180 ../Tutorial3V2_bsp/\libucosii_bsp.a(alt_read.o)
                0x008078a4                read
 .text          0x00807a24       0x60 ../Tutorial3V2_bsp/\libucosii_bsp.a(alt_release_fd.o)
                0x00807a24                alt_release_fd
 .text          0x00807a84       0xbc ../Tutorial3V2_bsp/\libucosii_bsp.a(alt_sbrk.o)
                0x00807a84                sbrk
 .text          0x00807b40      0x180 ../Tutorial3V2_bsp/\libucosii_bsp.a(alt_write.o)
                0x00807b40                write
 .text          0x00807cc0      0x108 ../Tutorial3V2_bsp/\libucosii_bsp.a(alt_env_lock.o)
                0x00807cc0                __env_lock
                0x00807d6c                __env_unlock
 .text          0x00807dc8      0x1d8 ../Tutorial3V2_bsp/\libucosii_bsp.a(alt_malloc_lock.o)
                0x00807dc8                __malloc_lock
                0x00807ed0                __malloc_unlock
 .text          0x00807fa0     0x2128 ../Tutorial3V2_bsp/\libucosii_bsp.a(os_core.o)
                0x00807fa0                OSEventNameGet
                0x008080d0                OSEventNameSet
                0x00808214                OSEventPendMulti
                0x008088c8                OSInit
                0x0080891c                OSIntEnter
                0x00808998                OSIntExit
                0x00808a98                OSSchedLock
                0x00808b24                OSSchedUnlock
                0x00808c08                OSStart
                0x00808c78                OSStatInit
                0x00808d24                OSTimeTick
                0x00808f64                OSVersion
                0x00808f84                OS_Dummy
                0x00808fa0                OS_EventTaskRdy
                0x00809134                OS_EventTaskWait
                0x00809244                OS_EventTaskWaitMulti
                0x00809398                OS_EventTaskRemove
                0x00809450                OS_EventTaskRemoveMulti
                0x00809554                OS_EventWaitListInit
                0x00809920                OS_MemClr
                0x00809974                OS_MemCopy
                0x008099e0                OS_Sched
                0x00809b24                OS_StrCopy
                0x00809ba4                OS_StrLen
                0x00809bfc                OS_TaskIdle
                0x00809c58                OS_TaskStat
                0x00809d20                OS_TaskStatStkChk
                0x00809de8                OS_TCBInit
 .text          0x0080a0c8      0x18c ../Tutorial3V2_bsp/\libucosii_bsp.a(os_dbg.o)
                0x0080a0c8                OSDebugInit
 .text          0x0080a254     0x193c ../Tutorial3V2_bsp/\libucosii_bsp.a(os_flag.o)
                0x0080a254                OSFlagAccept
                0x0080a588                OSFlagCreate
                0x0080a6c4                OSFlagDel
                0x0080a96c                OSFlagNameGet
                0x0080aab0                OSFlagNameSet
                0x0080ac04                OSFlagPend
                0x0080b248                OSFlagPendGetFlagsRdy
                0x0080b2b0                OSFlagPost
                0x0080b658                OSFlagQuery
                0x0080b8f0                OS_FlagInit
                0x0080bae4                OS_FlagUnlink
 .text          0x0080bb90      0x808 ../Tutorial3V2_bsp/\libucosii_bsp.a(os_mem.o)
                0x0080bb90                OSMemCreate
                0x0080bdac                OSMemGet
                0x0080beb0                OSMemNameGet
                0x0080bfbc                OSMemNameSet
                0x0080c0dc                OSMemPut
                0x0080c1cc                OSMemQuery
                0x0080c2c8                OS_MemInit
 .text          0x0080c398     0x1334 ../Tutorial3V2_bsp/\libucosii_bsp.a(os_q.o)
                0x0080c398                OSQAccept
                0x0080c4ec                OSQCreate
                0x0080c700                OSQDel
                0x0080ca00                OSQFlush
                0x0080cac8                OSQPend
                0x0080cde8                OSQPendAbort
                0x0080cf64                OSQPost
                0x0080d0e4                OSQPostFront
                0x0080d26c                OSQPostOpt
                0x0080d4a0                OSQQuery
                0x0080d620                OS_QInit
 .text          0x0080d6cc      0xbc8 ../Tutorial3V2_bsp/\libucosii_bsp.a(os_sem.o)
                0x0080d6cc                OSSemAccept
                0x0080d78c                OSSemCreate
                0x0080d8a0                OSSemDel
                0x0080db40                OSSemPend
                0x0080ddbc                OSSemPendAbort
                0x0080df38                OSSemPost
                0x0080e060                OSSemQuery
                0x0080e190                OSSemSet
 .text          0x0080e294     0x1a40 ../Tutorial3V2_bsp/\libucosii_bsp.a(os_task.o)
                0x0080e294                OSTaskChangePrio
                0x0080e808                OSTaskCreate
                0x0080e9dc                OSTaskCreateExt
                0x0080ebdc                OSTaskDel
                0x0080efe8                OSTaskDelReq
                0x0080f158                OSTaskNameGet
                0x0080f310                OSTaskNameSet
                0x0080f4d4                OSTaskResume
                0x0080f6ec                OSTaskStkChk
                0x0080f8e8                OSTaskSuspend
                0x0080fb14                OSTaskQuery
                0x0080fc58                OS_TaskStkClr
 .text          0x0080fcd4      0x598 ../Tutorial3V2_bsp/\libucosii_bsp.a(os_time.o)
                0x0080fcd4                OSTimeDly
                0x0080fe20                OSTimeDlyHMSM
                0x0080ff94                OSTimeDlyResume
                0x008101a4                OSTimeGet
                0x00810208                OSTimeSet
 .text          0x0081026c       0xf8 ../Tutorial3V2_bsp/\libucosii_bsp.a(alt_sys_init.o)
                0x0081026c                alt_irq_init
                0x008102a0                alt_sys_init
 .text          0x00810364      0x560 ../Tutorial3V2_bsp/\libucosii_bsp.a(altera_avalon_fifo_util.o)
                0x00810364                altera_avalon_fifo_init
                0x00810420                altera_avalon_fifo_read_status
                0x0081045c                altera_avalon_fifo_read_ienable
                0x00810498                altera_avalon_fifo_read_almostfull
                0x008104c4                altera_avalon_fifo_read_almostempty
                0x008104f0                altera_avalon_fifo_read_event
                0x0081052c                altera_avalon_fifo_read_level
                0x00810554                altera_avalon_fifo_clear_event
                0x008105bc                altera_avalon_fifo_write_ienable
                0x0081061c                altera_avalon_fifo_write_almostfull
                0x0081067c                altera_avalon_fifo_write_almostempty
                0x008106dc                altera_avalon_fifo_write_fifo
                0x00810740                altera_avalon_read_fifo
                0x008107b0                altera_avalon_fifo_read_fifo
                0x00810808                altera_avalon_fifo_write_other_info
                0x00810870                altera_avalon_fifo_read_other_info
                0x0081089c                altera_avalon_fifo_read_backpressure
 .text          0x008108c4      0x148 ../Tutorial3V2_bsp/\libucosii_bsp.a(altera_avalon_jtag_uart_fd.o)
                0x008108c4                altera_avalon_jtag_uart_read_fd
                0x0081091c                altera_avalon_jtag_uart_write_fd
                0x00810974                altera_avalon_jtag_uart_close_fd
                0x008109bc                altera_avalon_jtag_uart_ioctl_fd
 .text          0x00810a0c      0x584 ../Tutorial3V2_bsp/\libucosii_bsp.a(altera_avalon_jtag_uart_init.o)
                0x00810a0c                altera_avalon_jtag_uart_init
                0x00810f1c                altera_avalon_jtag_uart_close
 .text          0x00810f90       0xf4 ../Tutorial3V2_bsp/\libucosii_bsp.a(altera_avalon_jtag_uart_ioctl.o)
                0x00810f90                altera_avalon_jtag_uart_ioctl
 .text          0x00811084      0x2c0 ../Tutorial3V2_bsp/\libucosii_bsp.a(altera_avalon_jtag_uart_read.o)
                0x00811084                altera_avalon_jtag_uart_read
 .text          0x00811344      0x2dc ../Tutorial3V2_bsp/\libucosii_bsp.a(altera_avalon_jtag_uart_write.o)
                0x00811344                altera_avalon_jtag_uart_write
 .text          0x00811620      0x100 ../Tutorial3V2_bsp/\libucosii_bsp.a(altera_avalon_timer_sc.o)
                0x00811690                alt_avalon_timer_sc_init
 .text          0x00811720      0x80c ../Tutorial3V2_bsp/\libucosii_bsp.a(altera_up_avalon_audio.o)
                0x00811720                alt_up_audio_open_dev
                0x00811760                alt_up_audio_enable_read_interrupt
                0x008117ac                alt_up_audio_disable_read_interrupt
                0x008117fc                alt_up_audio_enable_write_interrupt
                0x00811848                alt_up_audio_disable_write_interrupt
                0x00811898                alt_up_audio_read_interrupt_pending
                0x008118d4                alt_up_audio_write_interrupt_pending
                0x00811910                alt_up_audio_reset_audio_core
                0x00811998                alt_up_audio_read_fifo_avail
                0x00811a08                alt_up_audio_record_r
                0x00811a78                alt_up_audio_record_l
                0x00811ae8                alt_up_audio_write_fifo_space
                0x00811b5c                alt_up_audio_play_r
                0x00811bcc                alt_up_audio_play_l
                0x00811c3c                alt_up_audio_read_fifo
                0x00811d40                alt_up_audio_write_fifo
                0x00811e6c                alt_up_audio_read_fifo_head
                0x00811ecc                alt_up_audio_write_fifo_head
 .text          0x00811f2c      0x788 ../Tutorial3V2_bsp/\libucosii_bsp.a(altera_up_avalon_audio_and_video_config.o)
                0x00811f2c                alt_up_av_config_open_dev
                0x00811f90                alt_up_av_config_write_data
                0x00811ff4                alt_up_av_config_read_data
                0x00812080                alt_up_av_config_reset
                0x008120b8                alt_up_av_config_enable_interrupt
                0x008120f0                alt_up_av_config_disable_interrupt
                0x00812120                alt_up_av_config_read_acknowledge
                0x00812188                alt_up_av_config_read_ready
                0x008121c0                alt_up_av_config_write_audio_cfg_register
                0x0081226c                alt_up_av_config_read_video_cfg_register
                0x00812364                alt_up_av_config_write_video_cfg_register
                0x0081245c                alt_up_av_config_read_DC2_cfg_register
                0x008124c0                alt_up_av_config_write_DC2_cfg_register
                0x00812524                alt_up_av_config_read_D5M_cfg_register
                0x00812588                alt_up_av_config_write_D5M_cfg_register
                0x008125ec                alt_up_av_config_read_LTM_cfg_register
                0x00812650                alt_up_av_config_write_LTM_cfg_register
 .text          0x008126b4      0x530 ../Tutorial3V2_bsp/\libucosii_bsp.a(altera_up_avalon_character_lcd.o)
                0x008126b4                get_DDRAM_addr
                0x00812730                alt_up_character_lcd_send_cmd
                0x00812764                alt_up_character_lcd_init
                0x00812798                alt_up_character_lcd_open_dev
                0x008127d8                alt_up_character_lcd_write
                0x00812850                alt_up_character_lcd_string
                0x008128c8                alt_up_character_lcd_write_fd
                0x00812914                alt_up_character_lcd_set_cursor_pos
                0x0081298c                alt_up_character_lcd_shift_cursor
                0x00812a3c                alt_up_character_lcd_shift_display
                0x00812aec                alt_up_character_lcd_erase_pos
                0x00812b7c                alt_up_character_lcd_cursor_off
                0x00812bb0                alt_up_character_lcd_cursor_blink_on
 .text          0x00812be4      0x154 ../Tutorial3V2_bsp/\libucosii_bsp.a(alt_alarm_start.o)
                0x00812be4                alt_alarm_start
 .text          0x00812d38      0x114 ../Tutorial3V2_bsp/\libucosii_bsp.a(alt_dev_llist_insert.o)
                0x00812d38                alt_dev_llist_insert
 .text          0x00812e4c       0x64 ../Tutorial3V2_bsp/\libucosii_bsp.a(alt_do_ctors.o)
                0x00812e4c                _do_ctors
 .text          0x00812eb0       0x64 ../Tutorial3V2_bsp/\libucosii_bsp.a(alt_do_dtors.o)
                0x00812eb0                _do_dtors
 .text          0x00812f14        0x0 ../Tutorial3V2_bsp/\libucosii_bsp.a(alt_exception_entry.o)
 .text          0x00812f14       0x94 ../Tutorial3V2_bsp/\libucosii_bsp.a(alt_find_dev.o)
                0x00812f14                alt_find_dev
 .text          0x00812fa8      0x13c ../Tutorial3V2_bsp/\libucosii_bsp.a(alt_io_redirect.o)
                0x0081306c                alt_io_redirect
 .text          0x008130e4      0x2c4 ../Tutorial3V2_bsp/\libucosii_bsp.a(alt_open.o)
                0x008131c0                open
 .text          0x008133a8      0x1a8 ../Tutorial3V2_bsp/\libucosii_bsp.a(alt_tick.o)
                0x008133a8                alt_alarm_stop
                0x00813440                alt_tick
 .text          0x00813550       0x20 ../Tutorial3V2_bsp/\libucosii_bsp.a(altera_nios2_qsys_irq.o)
                0x00813550                altera_nios2_qsys_irq_init
 .text          0x00813570       0xd0 ../Tutorial3V2_bsp/\libucosii_bsp.a(os_cpu_a.o)
                0x00813570                OSCtxSw
                0x00813570                OSIntCtxSw
                0x008135fc                OSStartHighRdy
                0x0081361c                OSStartTsk
 .text          0x00813640      0x418 ../Tutorial3V2_bsp/\libucosii_bsp.a(os_cpu_c.o)
                0x00813640                OSTaskStkInit
                0x00813950                OSTaskCreateHook
                0x00813970                OSTaskDelHook
                0x00813990                OSTaskSwHook
                0x008139ac                OSTaskStatHook
                0x008139c8                OSTimeTickHook
                0x008139e4                OSInitHookBegin
                0x00813a00                OSInitHookEnd
                0x00813a1c                OSTaskIdleHook
                0x00813a38                OSTCBInitHook
 .text          0x00813a58      0x120 ../Tutorial3V2_bsp/\libucosii_bsp.a(alt_find_file.o)
                0x00813a58                alt_find_file
 .text          0x00813b78       0xf4 ../Tutorial3V2_bsp/\libucosii_bsp.a(alt_get_fd.o)
                0x00813b78                alt_get_fd
 .text          0x00813c6c       0x14 c:/altera/12.1sp1/nios2eds/bin/gnu/h-i686-mingw32/bin/../lib/gcc/nios2-elf/4.1.2/../../../../nios2-elf/lib\libc.a(lib_a-atexit.o)
                0x00813c6c                atexit
 .text          0x00813c80       0x38 c:/altera/12.1sp1/nios2eds/bin/gnu/h-i686-mingw32/bin/../lib/gcc/nios2-elf/4.1.2/../../../../nios2-elf/lib\libc.a(lib_a-exit.o)
                0x00813c80                exit
 .text          0x00813cb8       0x74 c:/altera/12.1sp1/nios2eds/bin/gnu/h-i686-mingw32/bin/../lib/gcc/nios2-elf/4.1.2/../../../../nios2-elf/lib\libc.a(lib_a-memcmp.o)
                0x00813cb8                memcmp
 .text          0x00813d2c      0x134 c:/altera/12.1sp1/nios2eds/bin/gnu/h-i686-mingw32/bin/../lib/gcc/nios2-elf/4.1.2/../../../../nios2-elf/lib\libc.a(lib_a-__atexit.o)
                0x00813d2c                __register_exitproc
 .text          0x00813e60      0x1b4 c:/altera/12.1sp1/nios2eds/bin/gnu/h-i686-mingw32/bin/../lib/gcc/nios2-elf/4.1.2/../../../../nios2-elf/lib\libc.a(lib_a-__call_atexit.o)
                0x00813e64                __call_exitprocs
 .text          0x00814014      0x14c c:/altera/12.1sp1/nios2eds/bin/gnu/h-i686-mingw32/bin/../lib/gcc/nios2-elf/4.1.2\libgcc.a(lib2-divmod.o)
                0x00814090                __divsi3
                0x008140f0                __modsi3
                0x00814150                __udivsi3
                0x00814158                __umodsi3
 .text          0x00814160       0x6c ../Tutorial3V2_bsp/\libucosii_bsp.a(alt_exit.o)
                0x008141a0                _exit
 *(.gnu.warning.*)
 *(.fini)
                0x008141cc                PROVIDE (__etext, ABSOLUTE (.))
                0x008141cc                PROVIDE (_etext, ABSOLUTE (.))
                0x008141cc                PROVIDE (etext, ABSOLUTE (.))
 *(.eh_frame_hdr)
                0x008141cc                . = ALIGN (0x4)
                0x008141cc                PROVIDE (__preinit_array_start, ABSOLUTE (.))
 *(.preinit_array)
                0x008141cc                PROVIDE (__preinit_array_end, ABSOLUTE (.))
                0x008141cc                PROVIDE (__init_array_start, ABSOLUTE (.))
 *(.init_array)
                0x008141cc                PROVIDE (__init_array_end, ABSOLUTE (.))
                0x008141cc                PROVIDE (__fini_array_start, ABSOLUTE (.))
 *(.fini_array)
                0x008141cc                PROVIDE (__fini_array_end, ABSOLUTE (.))
 *(.eh_frame)
 *(.gcc_except_table)
 *(.dynamic)
                0x008141cc                PROVIDE (__CTOR_LIST__, ABSOLUTE (.))
 *(.ctors)
 *(SORT(.ctors.*))
 .ctors.65535   0x008141cc        0x4 c:/altera/12.1sp1/nios2eds/bin/gnu/h-i686-mingw32/bin/../lib/gcc/nios2-elf/4.1.2/../../../../nios2-elf/lib\libc.a(lib_a-__call_atexit.o)
                0x008141d0                PROVIDE (__CTOR_END__, ABSOLUTE (.))
                0x008141d0                PROVIDE (__DTOR_LIST__, ABSOLUTE (.))
 *(.dtors)
 *(SORT(.dtors.*))
                0x008141d0                PROVIDE (__DTOR_END__, ABSOLUTE (.))
 *(.jcr)
                0x008141d0                . = ALIGN (0x4)

.rodata         0x008141d0      0x3c8
                0x008141d0                PROVIDE (__ram_rodata_start, ABSOLUTE (.))
                0x008141d0                . = ALIGN (0x4)
 *(.rodata .rodata.* .gnu.linkonce.r.*)
 .rodata        0x008141d0       0xb4 obj/default/hello_ucosii.o
 .rodata.str1.4
                0x00814284        0x4 c:/altera/12.1sp1/nios2eds/bin/gnu/h-i686-mingw32/bin/../lib/gcc/nios2-elf/4.1.2/../../../../nios2-elf/lib\libm.a(lib_a-w_pow.o)
 .rodata.str1.4
                0x00814288        0x1 c:/altera/12.1sp1/nios2eds/bin/gnu/h-i686-mingw32/bin/../lib/gcc/nios2-elf/4.1.2/../../../../nios2-elf/lib\libm.a(lib_a-e_pow.o)
                                  0x4 (size before relaxing)
 *fill*         0x00814289        0x3 00
 .rodata        0x0081428c       0x30 c:/altera/12.1sp1/nios2eds/bin/gnu/h-i686-mingw32/bin/../lib/gcc/nios2-elf/4.1.2/../../../../nios2-elf/lib\libm.a(lib_a-e_pow.o)
 .rodata        0x008142bc       0x10 c:/altera/12.1sp1/nios2eds/bin/gnu/h-i686-mingw32/bin/../lib/gcc/nios2-elf/4.1.2/../../../../nios2-elf/lib\libm.a(lib_a-s_rint.o)
 .rodata        0x008142cc       0x10 c:/altera/12.1sp1/nios2eds/bin/gnu/h-i686-mingw32/bin/../lib/gcc/nios2-elf/4.1.2\libgcc.a(_thenan_sf.o)
                0x008142cc                __thenan_sf
 .rodata        0x008142dc       0x14 c:/altera/12.1sp1/nios2eds/bin/gnu/h-i686-mingw32/bin/../lib/gcc/nios2-elf/4.1.2\libgcc.a(_thenan_df.o)
                0x008142dc                __thenan_df
 .rodata        0x008142f0      0x100 c:/altera/12.1sp1/nios2eds/bin/gnu/h-i686-mingw32/bin/../lib/gcc/nios2-elf/4.1.2\libgcc.a(_clz.o)
                0x008142f0                __clz_tab
 .rodata.str1.4
                0x008143f0        0x2 c:/altera/12.1sp1/nios2eds/bin/gnu/h-i686-mingw32/bin/../lib/gcc/nios2-elf/4.1.2/../../../../nios2-elf/lib\libc.a(lib_a-impure.o)
                                  0x4 (size before relaxing)
 *fill*         0x008143f2        0x2 00
 .rodata.str1.4
                0x008143f4        0x4 c:/altera/12.1sp1/nios2eds/bin/gnu/h-i686-mingw32/bin/../lib/gcc/nios2-elf/4.1.2/../../../../nios2-elf/lib\libc.a(lib_a-puts.o)
 .rodata        0x008143f8        0xc ../Tutorial3V2_bsp/\libucosii_bsp.a(alt_dev.o)
 .rodata        0x00814404       0x14 ../Tutorial3V2_bsp/\libucosii_bsp.a(alt_main.o)
 .rodata        0x00814418      0x120 ../Tutorial3V2_bsp/\libucosii_bsp.a(os_core.o)
                0x00814418                OSUnMapTbl
 .rodata        0x00814538       0x5c ../Tutorial3V2_bsp/\libucosii_bsp.a(alt_sys_init.o)
 .rodata        0x00814594        0x4 ../Tutorial3V2_bsp/\libucosii_bsp.a(os_cpu_c.o)
 *(.rodata1)
                0x00814598                . = ALIGN (0x4)
                0x00814598                PROVIDE (__ram_rodata_end, ABSOLUTE (.))
                0x008141d0                PROVIDE (__flash_rodata_start, LOADADDR (.rodata))

.rwdata         0x00814598     0x1b60
                0x00814598                PROVIDE (__ram_rwdata_start, ABSOLUTE (.))
                0x00814598                . = ALIGN (0x4)
 *(.got.plt)
 *(.got)
 *(.data1)
 *(.data .data.* .gnu.linkonce.d.*)
 .data          0x00814598        0x0 ../Tutorial3V2_bsp//obj/HAL/src/crt0.o
 .data          0x00814598        0x0 obj/default/SynthesizerDriver.o
 .data          0x00814598        0x0 obj/default/hello_ucosii.o
 .data          0x00814598        0x0 c:/altera/12.1sp1/nios2eds/bin/gnu/h-i686-mingw32/bin/../lib/gcc/nios2-elf/4.1.2/../../../../nios2-elf/lib\libm.a(lib_a-sf_round.o)
 .data          0x00814598        0x0 c:/altera/12.1sp1/nios2eds/bin/gnu/h-i686-mingw32/bin/../lib/gcc/nios2-elf/4.1.2/../../../../nios2-elf/lib\libm.a(lib_a-w_pow.o)
 .data          0x00814598        0x0 c:/altera/12.1sp1/nios2eds/bin/gnu/h-i686-mingw32/bin/../lib/gcc/nios2-elf/4.1.2/../../../../nios2-elf/lib\libm.a(lib_a-e_pow.o)
 .data          0x00814598        0x0 c:/altera/12.1sp1/nios2eds/bin/gnu/h-i686-mingw32/bin/../lib/gcc/nios2-elf/4.1.2/../../../../nios2-elf/lib\libm.a(lib_a-e_sqrt.o)
 .data          0x00814598        0x0 c:/altera/12.1sp1/nios2eds/bin/gnu/h-i686-mingw32/bin/../lib/gcc/nios2-elf/4.1.2/../../../../nios2-elf/lib\libm.a(lib_a-s_fabs.o)
 .data          0x00814598        0x0 c:/altera/12.1sp1/nios2eds/bin/gnu/h-i686-mingw32/bin/../lib/gcc/nios2-elf/4.1.2/../../../../nios2-elf/lib\libm.a(lib_a-s_finite.o)
 .data          0x00814598        0x0 c:/altera/12.1sp1/nios2eds/bin/gnu/h-i686-mingw32/bin/../lib/gcc/nios2-elf/4.1.2/../../../../nios2-elf/lib\libm.a(lib_a-s_isnand.o)
 .data          0x00814598        0x0 c:/altera/12.1sp1/nios2eds/bin/gnu/h-i686-mingw32/bin/../lib/gcc/nios2-elf/4.1.2/../../../../nios2-elf/lib\libm.a(lib_a-s_lib_ver.o)
 .data          0x00814598        0x0 c:/altera/12.1sp1/nios2eds/bin/gnu/h-i686-mingw32/bin/../lib/gcc/nios2-elf/4.1.2/../../../../nios2-elf/lib\libm.a(lib_a-s_matherr.o)
 .data          0x00814598        0x0 c:/altera/12.1sp1/nios2eds/bin/gnu/h-i686-mingw32/bin/../lib/gcc/nios2-elf/4.1.2/../../../../nios2-elf/lib\libm.a(lib_a-s_nan.o)
 .data          0x00814598        0x0 c:/altera/12.1sp1/nios2eds/bin/gnu/h-i686-mingw32/bin/../lib/gcc/nios2-elf/4.1.2/../../../../nios2-elf/lib\libm.a(lib_a-s_rint.o)
 .data          0x00814598        0x0 c:/altera/12.1sp1/nios2eds/bin/gnu/h-i686-mingw32/bin/../lib/gcc/nios2-elf/4.1.2/../../../../nios2-elf/lib\libm.a(lib_a-s_scalbn.o)
 .data          0x00814598        0x0 c:/altera/12.1sp1/nios2eds/bin/gnu/h-i686-mingw32/bin/../lib/gcc/nios2-elf/4.1.2/../../../../nios2-elf/lib\libm.a(lib_a-s_copysign.o)
 .data          0x00814598        0x0 c:/altera/12.1sp1/nios2eds/bin/gnu/h-i686-mingw32/bin/../lib/gcc/nios2-elf/4.1.2\libgcc.a(_addsub_sf.o)
 .data          0x00814598        0x0 c:/altera/12.1sp1/nios2eds/bin/gnu/h-i686-mingw32/bin/../lib/gcc/nios2-elf/4.1.2\libgcc.a(_mul_sf.o)
 .data          0x00814598        0x0 c:/altera/12.1sp1/nios2eds/bin/gnu/h-i686-mingw32/bin/../lib/gcc/nios2-elf/4.1.2\libgcc.a(_div_sf.o)
 .data          0x00814598        0x0 c:/altera/12.1sp1/nios2eds/bin/gnu/h-i686-mingw32/bin/../lib/gcc/nios2-elf/4.1.2\libgcc.a(_sf_to_si.o)
 .data          0x00814598        0x0 c:/altera/12.1sp1/nios2eds/bin/gnu/h-i686-mingw32/bin/../lib/gcc/nios2-elf/4.1.2\libgcc.a(_thenan_sf.o)
 .data          0x00814598        0x0 c:/altera/12.1sp1/nios2eds/bin/gnu/h-i686-mingw32/bin/../lib/gcc/nios2-elf/4.1.2\libgcc.a(_addsub_df.o)
 .data          0x00814598        0x0 c:/altera/12.1sp1/nios2eds/bin/gnu/h-i686-mingw32/bin/../lib/gcc/nios2-elf/4.1.2\libgcc.a(_mul_df.o)
 .data          0x00814598        0x0 c:/altera/12.1sp1/nios2eds/bin/gnu/h-i686-mingw32/bin/../lib/gcc/nios2-elf/4.1.2\libgcc.a(_div_df.o)
 .data          0x00814598        0x0 c:/altera/12.1sp1/nios2eds/bin/gnu/h-i686-mingw32/bin/../lib/gcc/nios2-elf/4.1.2\libgcc.a(_eq_df.o)
 .data          0x00814598        0x0 c:/altera/12.1sp1/nios2eds/bin/gnu/h-i686-mingw32/bin/../lib/gcc/nios2-elf/4.1.2\libgcc.a(_ne_df.o)
 .data          0x00814598        0x0 c:/altera/12.1sp1/nios2eds/bin/gnu/h-i686-mingw32/bin/../lib/gcc/nios2-elf/4.1.2\libgcc.a(_gt_df.o)
 .data          0x00814598        0x0 c:/altera/12.1sp1/nios2eds/bin/gnu/h-i686-mingw32/bin/../lib/gcc/nios2-elf/4.1.2\libgcc.a(_lt_df.o)
 .data          0x00814598        0x0 c:/altera/12.1sp1/nios2eds/bin/gnu/h-i686-mingw32/bin/../lib/gcc/nios2-elf/4.1.2\libgcc.a(_le_df.o)
 .data          0x00814598        0x0 c:/altera/12.1sp1/nios2eds/bin/gnu/h-i686-mingw32/bin/../lib/gcc/nios2-elf/4.1.2\libgcc.a(_si_to_df.o)
 .data          0x00814598        0x0 c:/altera/12.1sp1/nios2eds/bin/gnu/h-i686-mingw32/bin/../lib/gcc/nios2-elf/4.1.2\libgcc.a(_df_to_sf.o)
 .data          0x00814598        0x0 c:/altera/12.1sp1/nios2eds/bin/gnu/h-i686-mingw32/bin/../lib/gcc/nios2-elf/4.1.2\libgcc.a(_thenan_df.o)
 .data          0x00814598        0x0 c:/altera/12.1sp1/nios2eds/bin/gnu/h-i686-mingw32/bin/../lib/gcc/nios2-elf/4.1.2\libgcc.a(_muldi3.o)
 .data          0x00814598        0x0 c:/altera/12.1sp1/nios2eds/bin/gnu/h-i686-mingw32/bin/../lib/gcc/nios2-elf/4.1.2\libgcc.a(_clzsi2.o)
 .data          0x00814598        0x0 c:/altera/12.1sp1/nios2eds/bin/gnu/h-i686-mingw32/bin/../lib/gcc/nios2-elf/4.1.2\libgcc.a(_pack_sf.o)
 .data          0x00814598        0x0 c:/altera/12.1sp1/nios2eds/bin/gnu/h-i686-mingw32/bin/../lib/gcc/nios2-elf/4.1.2\libgcc.a(_unpack_sf.o)
 .data          0x00814598        0x0 c:/altera/12.1sp1/nios2eds/bin/gnu/h-i686-mingw32/bin/../lib/gcc/nios2-elf/4.1.2\libgcc.a(_make_sf.o)
 .data          0x00814598        0x0 c:/altera/12.1sp1/nios2eds/bin/gnu/h-i686-mingw32/bin/../lib/gcc/nios2-elf/4.1.2\libgcc.a(_pack_df.o)
 .data          0x00814598        0x0 c:/altera/12.1sp1/nios2eds/bin/gnu/h-i686-mingw32/bin/../lib/gcc/nios2-elf/4.1.2\libgcc.a(_unpack_df.o)
 .data          0x00814598        0x0 c:/altera/12.1sp1/nios2eds/bin/gnu/h-i686-mingw32/bin/../lib/gcc/nios2-elf/4.1.2\libgcc.a(_fpcmp_parts_df.o)
 .data          0x00814598        0x0 c:/altera/12.1sp1/nios2eds/bin/gnu/h-i686-mingw32/bin/../lib/gcc/nios2-elf/4.1.2\libgcc.a(_clz.o)
 .data          0x00814598        0x0 c:/altera/12.1sp1/nios2eds/bin/gnu/h-i686-mingw32/bin/../lib/gcc/nios2-elf/4.1.2/../../../../nios2-elf/lib\libc.a(lib_a-errno.o)
 .data          0x00814598      0x400 c:/altera/12.1sp1/nios2eds/bin/gnu/h-i686-mingw32/bin/../lib/gcc/nios2-elf/4.1.2/../../../../nios2-elf/lib\libc.a(lib_a-impure.o)
 .data          0x00814998        0x0 c:/altera/12.1sp1/nios2eds/bin/gnu/h-i686-mingw32/bin/../lib/gcc/nios2-elf/4.1.2/../../../../nios2-elf/lib\libc.a(lib_a-puts.o)
 .data          0x00814998        0x0 c:/altera/12.1sp1/nios2eds/bin/gnu/h-i686-mingw32/bin/../lib/gcc/nios2-elf/4.1.2/../../../../nios2-elf/lib\libc.a(lib_a-strlen.o)
 .data          0x00814998        0x0 c:/altera/12.1sp1/nios2eds/bin/gnu/h-i686-mingw32/bin/../lib/gcc/nios2-elf/4.1.2/../../../../nios2-elf/lib\libc.a(lib_a-fvwrite.o)
 .data          0x00814998      0x408 c:/altera/12.1sp1/nios2eds/bin/gnu/h-i686-mingw32/bin/../lib/gcc/nios2-elf/4.1.2/../../../../nios2-elf/lib\libc.a(lib_a-mallocr.o)
                0x00814998                __malloc_av_
 .data          0x00814da0        0x0 c:/altera/12.1sp1/nios2eds/bin/gnu/h-i686-mingw32/bin/../lib/gcc/nios2-elf/4.1.2/../../../../nios2-elf/lib\libc.a(lib_a-memchr.o)
 .data          0x00814da0        0x0 c:/altera/12.1sp1/nios2eds/bin/gnu/h-i686-mingw32/bin/../lib/gcc/nios2-elf/4.1.2/../../../../nios2-elf/lib\libc.a(lib_a-memcpy.o)
 .data          0x00814da0        0x0 c:/altera/12.1sp1/nios2eds/bin/gnu/h-i686-mingw32/bin/../lib/gcc/nios2-elf/4.1.2/../../../../nios2-elf/lib\libc.a(lib_a-memmove.o)
 .data          0x00814da0        0x0 c:/altera/12.1sp1/nios2eds/bin/gnu/h-i686-mingw32/bin/../lib/gcc/nios2-elf/4.1.2/../../../../nios2-elf/lib\libc.a(lib_a-reallocr.o)
 .data          0x00814da0        0x0 c:/altera/12.1sp1/nios2eds/bin/gnu/h-i686-mingw32/bin/../lib/gcc/nios2-elf/4.1.2/../../../../nios2-elf/lib\libc.a(lib_a-sbrkr.o)
 .data          0x00814da0        0x0 c:/altera/12.1sp1/nios2eds/bin/gnu/h-i686-mingw32/bin/../lib/gcc/nios2-elf/4.1.2/../../../../nios2-elf/lib\libc.a(lib_a-wsetup.o)
 .data          0x00814da0        0x0 c:/altera/12.1sp1/nios2eds/bin/gnu/h-i686-mingw32/bin/../lib/gcc/nios2-elf/4.1.2/../../../../nios2-elf/lib\libc.a(lib_a-fflush.o)
 .data          0x00814da0        0x0 c:/altera/12.1sp1/nios2eds/bin/gnu/h-i686-mingw32/bin/../lib/gcc/nios2-elf/4.1.2/../../../../nios2-elf/lib\libc.a(lib_a-findfp.o)
 .data          0x00814da0        0x0 c:/altera/12.1sp1/nios2eds/bin/gnu/h-i686-mingw32/bin/../lib/gcc/nios2-elf/4.1.2/../../../../nios2-elf/lib\libc.a(lib_a-freer.o)
 .data          0x00814da0        0x0 c:/altera/12.1sp1/nios2eds/bin/gnu/h-i686-mingw32/bin/../lib/gcc/nios2-elf/4.1.2/../../../../nios2-elf/lib\libc.a(lib_a-fwalk.o)
 .data          0x00814da0        0x0 c:/altera/12.1sp1/nios2eds/bin/gnu/h-i686-mingw32/bin/../lib/gcc/nios2-elf/4.1.2/../../../../nios2-elf/lib\libc.a(lib_a-int_errno.o)
 .data          0x00814da0        0x0 c:/altera/12.1sp1/nios2eds/bin/gnu/h-i686-mingw32/bin/../lib/gcc/nios2-elf/4.1.2/../../../../nios2-elf/lib\libc.a(lib_a-makebuf.o)
 .data          0x00814da0        0x0 c:/altera/12.1sp1/nios2eds/bin/gnu/h-i686-mingw32/bin/../lib/gcc/nios2-elf/4.1.2/../../../../nios2-elf/lib\libc.a(lib_a-memset.o)
 .data          0x00814da0        0x0 c:/altera/12.1sp1/nios2eds/bin/gnu/h-i686-mingw32/bin/../lib/gcc/nios2-elf/4.1.2/../../../../nios2-elf/lib\libc.a(lib_a-stdio.o)
 .data          0x00814da0        0x0 c:/altera/12.1sp1/nios2eds/bin/gnu/h-i686-mingw32/bin/../lib/gcc/nios2-elf/4.1.2/../../../../nios2-elf/lib\libc.a(lib_a-writer.o)
 .data          0x00814da0        0x0 c:/altera/12.1sp1/nios2eds/bin/gnu/h-i686-mingw32/bin/../lib/gcc/nios2-elf/4.1.2/../../../../nios2-elf/lib\libc.a(lib_a-closer.o)
 .data          0x00814da0        0x0 c:/altera/12.1sp1/nios2eds/bin/gnu/h-i686-mingw32/bin/../lib/gcc/nios2-elf/4.1.2/../../../../nios2-elf/lib\libc.a(lib_a-fclose.o)
 .data          0x00814da0        0x0 c:/altera/12.1sp1/nios2eds/bin/gnu/h-i686-mingw32/bin/../lib/gcc/nios2-elf/4.1.2/../../../../nios2-elf/lib\libc.a(lib_a-fstatr.o)
 .data          0x00814da0        0x0 c:/altera/12.1sp1/nios2eds/bin/gnu/h-i686-mingw32/bin/../lib/gcc/nios2-elf/4.1.2/../../../../nios2-elf/lib\libc.a(lib_a-isattyr.o)
 .data          0x00814da0        0x0 c:/altera/12.1sp1/nios2eds/bin/gnu/h-i686-mingw32/bin/../lib/gcc/nios2-elf/4.1.2/../../../../nios2-elf/lib\libc.a(lib_a-lseekr.o)
 .data          0x00814da0        0x0 c:/altera/12.1sp1/nios2eds/bin/gnu/h-i686-mingw32/bin/../lib/gcc/nios2-elf/4.1.2/../../../../nios2-elf/lib\libc.a(lib_a-readr.o)
 .data          0x00814da0        0x0 ../Tutorial3V2_bsp/\libucosii_bsp.a(alt_close.o)
 .data          0x00814da0      0x1a8 ../Tutorial3V2_bsp/\libucosii_bsp.a(alt_dev.o)
                0x00814da0                alt_dev_null
                0x00814dc8                alt_fd_list
 .data          0x00814f48        0x0 ../Tutorial3V2_bsp/\libucosii_bsp.a(alt_errno.o)
 .data          0x00814f48        0x0 ../Tutorial3V2_bsp/\libucosii_bsp.a(alt_fstat.o)
 .data          0x00814f48        0x0 ../Tutorial3V2_bsp/\libucosii_bsp.a(alt_iic.o)
 .data          0x00814f48        0x0 ../Tutorial3V2_bsp/\libucosii_bsp.a(alt_iic_isr_register.o)
 .data          0x00814f48        0x0 ../Tutorial3V2_bsp/\libucosii_bsp.a(alt_irq_entry.o)
 .data          0x00814f48        0x0 ../Tutorial3V2_bsp/\libucosii_bsp.a(alt_irq_handler.o)
 .data          0x00814f48        0x0 ../Tutorial3V2_bsp/\libucosii_bsp.a(alt_irq_vars.o)
 .data          0x00814f48        0x0 ../Tutorial3V2_bsp/\libucosii_bsp.a(alt_isatty.o)
 .data          0x00814f48        0x0 ../Tutorial3V2_bsp/\libucosii_bsp.a(alt_lseek.o)
 .data          0x00814f48        0x0 ../Tutorial3V2_bsp/\libucosii_bsp.a(alt_main.o)
 .data          0x00814f48        0x0 ../Tutorial3V2_bsp/\libucosii_bsp.a(alt_read.o)
 .data          0x00814f48        0x0 ../Tutorial3V2_bsp/\libucosii_bsp.a(alt_release_fd.o)
 .data          0x00814f48        0x0 ../Tutorial3V2_bsp/\libucosii_bsp.a(alt_sbrk.o)
 .data          0x00814f48        0x0 ../Tutorial3V2_bsp/\libucosii_bsp.a(alt_write.o)
 .data          0x00814f48        0x0 ../Tutorial3V2_bsp/\libucosii_bsp.a(alt_env_lock.o)
 .data          0x00814f48        0x0 ../Tutorial3V2_bsp/\libucosii_bsp.a(alt_malloc_lock.o)
 .data          0x00814f48        0x0 ../Tutorial3V2_bsp/\libucosii_bsp.a(os_core.o)
 .data          0x00814f48        0x0 ../Tutorial3V2_bsp/\libucosii_bsp.a(os_dbg.o)
 .data          0x00814f48        0x0 ../Tutorial3V2_bsp/\libucosii_bsp.a(os_flag.o)
 .data          0x00814f48        0x0 ../Tutorial3V2_bsp/\libucosii_bsp.a(os_mem.o)
 .data          0x00814f48        0x0 ../Tutorial3V2_bsp/\libucosii_bsp.a(os_q.o)
 .data          0x00814f48        0x0 ../Tutorial3V2_bsp/\libucosii_bsp.a(os_sem.o)
 .data          0x00814f48        0x0 ../Tutorial3V2_bsp/\libucosii_bsp.a(os_task.o)
 .data          0x00814f48        0x0 ../Tutorial3V2_bsp/\libucosii_bsp.a(os_time.o)
 .data          0x00814f48     0x10f8 ../Tutorial3V2_bsp/\libucosii_bsp.a(alt_sys_init.o)
 .data          0x00816040        0x0 ../Tutorial3V2_bsp/\libucosii_bsp.a(altera_avalon_fifo_util.o)
 .data          0x00816040        0x0 ../Tutorial3V2_bsp/\libucosii_bsp.a(altera_avalon_jtag_uart_fd.o)
 .data          0x00816040        0x0 ../Tutorial3V2_bsp/\libucosii_bsp.a(altera_avalon_jtag_uart_init.o)
 .data          0x00816040        0x0 ../Tutorial3V2_bsp/\libucosii_bsp.a(altera_avalon_jtag_uart_ioctl.o)
 .data          0x00816040        0x0 ../Tutorial3V2_bsp/\libucosii_bsp.a(altera_avalon_jtag_uart_read.o)
 .data          0x00816040        0x0 ../Tutorial3V2_bsp/\libucosii_bsp.a(altera_avalon_jtag_uart_write.o)
 .data          0x00816040        0x0 ../Tutorial3V2_bsp/\libucosii_bsp.a(altera_avalon_timer_sc.o)
 .data          0x00816040        0x0 ../Tutorial3V2_bsp/\libucosii_bsp.a(altera_up_avalon_audio.o)
 .data          0x00816040        0x0 ../Tutorial3V2_bsp/\libucosii_bsp.a(altera_up_avalon_audio_and_video_config.o)
 .data          0x00816040        0x0 ../Tutorial3V2_bsp/\libucosii_bsp.a(altera_up_avalon_character_lcd.o)
 .data          0x00816040        0x0 ../Tutorial3V2_bsp/\libucosii_bsp.a(alt_alarm_start.o)
 .data          0x00816040        0x0 ../Tutorial3V2_bsp/\libucosii_bsp.a(alt_dev_llist_insert.o)
 .data          0x00816040        0x0 ../Tutorial3V2_bsp/\libucosii_bsp.a(alt_do_ctors.o)
 .data          0x00816040        0x0 ../Tutorial3V2_bsp/\libucosii_bsp.a(alt_do_dtors.o)
 .data          0x00816040        0x0 ../Tutorial3V2_bsp/\libucosii_bsp.a(alt_exception_entry.o)
 .data          0x00816040        0x0 ../Tutorial3V2_bsp/\libucosii_bsp.a(alt_find_dev.o)
 .data          0x00816040        0x0 ../Tutorial3V2_bsp/\libucosii_bsp.a(alt_io_redirect.o)
 .data          0x00816040        0x0 ../Tutorial3V2_bsp/\libucosii_bsp.a(alt_open.o)
 .data          0x00816040        0x0 ../Tutorial3V2_bsp/\libucosii_bsp.a(alt_tick.o)
 .data          0x00816040        0x0 ../Tutorial3V2_bsp/\libucosii_bsp.a(altera_nios2_qsys_irq.o)
 .data          0x00816040        0x0 ../Tutorial3V2_bsp/\libucosii_bsp.a(os_cpu_a.o)
 .data          0x00816040        0x0 ../Tutorial3V2_bsp/\libucosii_bsp.a(os_cpu_c.o)
 .data          0x00816040        0x0 ../Tutorial3V2_bsp/\libucosii_bsp.a(alt_find_file.o)
 .data          0x00816040        0x0 ../Tutorial3V2_bsp/\libucosii_bsp.a(alt_get_fd.o)
 .data          0x00816040        0x0 c:/altera/12.1sp1/nios2eds/bin/gnu/h-i686-mingw32/bin/../lib/gcc/nios2-elf/4.1.2/../../../../nios2-elf/lib\libc.a(lib_a-atexit.o)
 .data          0x00816040        0x0 c:/altera/12.1sp1/nios2eds/bin/gnu/h-i686-mingw32/bin/../lib/gcc/nios2-elf/4.1.2/../../../../nios2-elf/lib\libc.a(lib_a-exit.o)
 .data          0x00816040        0x0 c:/altera/12.1sp1/nios2eds/bin/gnu/h-i686-mingw32/bin/../lib/gcc/nios2-elf/4.1.2/../../../../nios2-elf/lib\libc.a(lib_a-memcmp.o)
 .data          0x00816040        0x0 c:/altera/12.1sp1/nios2eds/bin/gnu/h-i686-mingw32/bin/../lib/gcc/nios2-elf/4.1.2/../../../../nios2-elf/lib\libc.a(lib_a-__atexit.o)
 .data          0x00816040        0x0 c:/altera/12.1sp1/nios2eds/bin/gnu/h-i686-mingw32/bin/../lib/gcc/nios2-elf/4.1.2/../../../../nios2-elf/lib\libc.a(lib_a-__call_atexit.o)
 .data          0x00816040        0x0 c:/altera/12.1sp1/nios2eds/bin/gnu/h-i686-mingw32/bin/../lib/gcc/nios2-elf/4.1.2\libgcc.a(lib2-divmod.o)
 .data          0x00816040        0x0 ../Tutorial3V2_bsp/\libucosii_bsp.a(alt_exit.o)
                0x0081e040                _gp = ABSOLUTE ((. + 0x8000))
                0x0081e040                PROVIDE (gp, _gp)
 *(.rwdata .rwdata.*)
 *(.sdata .sdata.* .gnu.linkonce.s.*)
 .sdata         0x00816040        0x4 c:/altera/12.1sp1/nios2eds/bin/gnu/h-i686-mingw32/bin/../lib/gcc/nios2-elf/4.1.2/../../../../nios2-elf/lib\libm.a(lib_a-s_lib_ver.o)
                0x00816040                __fdlib_version
 .sdata         0x00816044        0x8 c:/altera/12.1sp1/nios2eds/bin/gnu/h-i686-mingw32/bin/../lib/gcc/nios2-elf/4.1.2/../../../../nios2-elf/lib\libc.a(lib_a-impure.o)
                0x00816044                _impure_ptr
                0x00816048                _global_impure_ptr
 .sdata         0x0081604c        0x8 c:/altera/12.1sp1/nios2eds/bin/gnu/h-i686-mingw32/bin/../lib/gcc/nios2-elf/4.1.2/../../../../nios2-elf/lib\libc.a(lib_a-mallocr.o)
                0x0081604c                __malloc_trim_threshold
                0x00816050                __malloc_sbrk_base
 .sdata         0x00816054       0x14 ../Tutorial3V2_bsp/\libucosii_bsp.a(alt_dev.o)
                0x00816054                alt_fs_list
                0x0081605c                alt_dev_list
                0x00816064                alt_max_fd
 .sdata         0x00816068        0x4 ../Tutorial3V2_bsp/\libucosii_bsp.a(alt_errno.o)
                0x00816068                alt_errno
 .sdata         0x0081606c        0x4 ../Tutorial3V2_bsp/\libucosii_bsp.a(alt_irq_vars.o)
                0x0081606c                alt_priority_mask
 .sdata         0x00816070        0x4 ../Tutorial3V2_bsp/\libucosii_bsp.a(alt_sbrk.o)
 .sdata         0x00816074        0x4 ../Tutorial3V2_bsp/\libucosii_bsp.a(alt_env_lock.o)
 .sdata         0x00816078        0x4 ../Tutorial3V2_bsp/\libucosii_bsp.a(alt_malloc_lock.o)
 .sdata         0x0081607c       0x74 ../Tutorial3V2_bsp/\libucosii_bsp.a(os_dbg.o)
                0x0081607c                OSDebugEn
                0x00816080                OSEndiannessTest
                0x00816084                OSEventEn
                0x00816086                OSEventMax
                0x00816088                OSEventNameSize
                0x0081608a                OSEventSize
                0x0081608c                OSEventTblSize
                0x0081608e                OSEventMultiEn
                0x00816090                OSFlagEn
                0x00816092                OSFlagGrpSize
                0x00816094                OSFlagNodeSize
                0x00816096                OSFlagWidth
                0x00816098                OSFlagMax
                0x0081609a                OSFlagNameSize
                0x0081609c                OSLowestPrio
                0x0081609e                OSMboxEn
                0x008160a0                OSMemEn
                0x008160a2                OSMemMax
                0x008160a4                OSMemNameSize
                0x008160a6                OSMemSize
                0x008160a8                OSMemTblSize
                0x008160aa                OSMutexEn
                0x008160ac                OSPtrSize
                0x008160ae                OSQEn
                0x008160b0                OSQMax
                0x008160b2                OSQSize
                0x008160b4                OSRdyTblSize
                0x008160b6                OSSemEn
                0x008160b8                OSStkWidth
                0x008160ba                OSTaskCreateEn
                0x008160bc                OSTaskCreateExtEn
                0x008160be                OSTaskDelEn
                0x008160c0                OSTaskIdleStkSize
                0x008160c2                OSTaskProfileEn
                0x008160c4                OSTaskMax
                0x008160c6                OSTaskNameSize
                0x008160c8                OSTaskStatEn
                0x008160ca                OSTaskStatStkSize
                0x008160cc                OSTaskStatStkChkEn
                0x008160ce                OSTaskSwHookEn
                0x008160d0                OSTCBPrioTblMax
                0x008160d2                OSTCBSize
                0x008160d4                OSTicksPerSec
                0x008160d6                OSTimeTickHookEn
                0x008160d8                OSVersionNbr
                0x008160da                OSTmrEn
                0x008160dc                OSTmrCfgMax
                0x008160de                OSTmrCfgNameSize
                0x008160e0                OSTmrCfgWheelSize
                0x008160e2                OSTmrCfgTicksPerSec
                0x008160e4                OSTmrSize
                0x008160e6                OSTmrTblSize
                0x008160e8                OSTmrWheelSize
                0x008160ea                OSTmrWheelTblSize
                0x008160ec                OSDataSize
 .sdata         0x008160f0        0x8 ../Tutorial3V2_bsp/\libucosii_bsp.a(alt_tick.o)
                0x008160f0                alt_alarm_list
 *(.sdata2 .sdata2.* .gnu.linkonce.s2.*)
                0x008160f8                . = ALIGN (0x4)
                0x008160f8                _edata = ABSOLUTE (.)
                0x008160f8                PROVIDE (edata, ABSOLUTE (.))
                0x008160f8                PROVIDE (__ram_rwdata_end, ABSOLUTE (.))
                0x00814598                PROVIDE (__flash_rwdata_start, LOADADDR (.rwdata))

.bss            0x008160f8     0x7574
                0x008160f8                __bss_start = ABSOLUTE (.)
                0x008160f8                PROVIDE (__sbss_start, ABSOLUTE (.))
                0x008160f8                PROVIDE (___sbss_start, ABSOLUTE (.))
 *(.dynsbss)
 *(.sbss .sbss.* .gnu.linkonce.sb.*)
 .sbss          0x008160f8        0x8 obj/default/SynthesizerDriver.o
 .sbss          0x00816100        0x4 obj/default/hello_ucosii.o
                0x00816100                laserStatusChanged
 .sbss          0x00816104        0xc c:/altera/12.1sp1/nios2eds/bin/gnu/h-i686-mingw32/bin/../lib/gcc/nios2-elf/4.1.2/../../../../nios2-elf/lib\libc.a(lib_a-mallocr.o)
                0x00816104                __malloc_top_pad
                0x00816108                __malloc_max_sbrked_mem
                0x0081610c                __malloc_max_total_mem
 .sbss          0x00816110        0x4 c:/altera/12.1sp1/nios2eds/bin/gnu/h-i686-mingw32/bin/../lib/gcc/nios2-elf/4.1.2/../../../../nios2-elf/lib\libc.a(lib_a-int_errno.o)
                0x00816110                errno
 .sbss          0x00816114        0x4 ../Tutorial3V2_bsp/\libucosii_bsp.a(alt_dev.o)
                0x00816114                alt_fd_list_lock
 .sbss          0x00816118        0x4 ../Tutorial3V2_bsp/\libucosii_bsp.a(alt_irq_vars.o)
                0x00816118                alt_irq_active
 .sbss          0x0081611c        0xc ../Tutorial3V2_bsp/\libucosii_bsp.a(alt_main.o)
                0x0081611c                alt_argc
                0x00816120                alt_argv
                0x00816124                alt_envp
 .sbss          0x00816128        0x8 ../Tutorial3V2_bsp/\libucosii_bsp.a(alt_env_lock.o)
                0x0081612c                alt_envsem
 .sbss          0x00816130        0x8 ../Tutorial3V2_bsp/\libucosii_bsp.a(alt_malloc_lock.o)
                0x00816134                alt_heapsem
 .sbss          0x00816138       0x50 ../Tutorial3V2_bsp/\libucosii_bsp.a(os_core.o)
                0x00816138                OSLockNesting
                0x00816139                OSRunning
                0x0081613c                OSIdleCtr
                0x00816140                OSPrioHighRdy
                0x00816141                OSPrioCur
                0x00816144                OSTCBList
                0x00816148                OSTickStepState
                0x0081614c                OSCtxSwCtr
                0x00816150                OSIdleCtrMax
                0x00816154                OSTCBFreeList
                0x00816158                OSCPUUsage
                0x00816159                OSTaskCtr
                0x0081615c                OSMemFreeList
                0x00816160                OSTCBHighRdy
                0x00816164                OSQFreeList
                0x00816168                OSRdyGrp
                0x00816169                OSRdyTbl
                0x0081616c                OSEventFreeList
                0x00816170                OSIntNesting
                0x00816174                OSTCBCur
                0x00816178                OSTime
                0x0081617c                OSFlagFreeList
                0x00816180                OSStatRdy
                0x00816184                OSIdleCtrRun
 .sbss          0x00816188        0x8 ../Tutorial3V2_bsp/\libucosii_bsp.a(alt_tick.o)
                0x00816188                _alt_tick_rate
                0x0081618c                _alt_nticks
 *(.sbss2 .sbss2.* .gnu.linkonce.sb2.*)
 *(.scommon)
                0x00816190                PROVIDE (__sbss_end, ABSOLUTE (.))
                0x00816190                PROVIDE (___sbss_end, ABSOLUTE (.))
 *(.dynbss)
 *(.bss .bss.* .gnu.linkonce.b.*)
 .bss           0x00816190        0x0 ../Tutorial3V2_bsp//obj/HAL/src/crt0.o
 .bss           0x00816190        0x0 obj/default/SynthesizerDriver.o
 .bss           0x00816190        0x0 obj/default/hello_ucosii.o
 .bss           0x00816190        0x0 c:/altera/12.1sp1/nios2eds/bin/gnu/h-i686-mingw32/bin/../lib/gcc/nios2-elf/4.1.2/../../../../nios2-elf/lib\libm.a(lib_a-sf_round.o)
 .bss           0x00816190        0x0 c:/altera/12.1sp1/nios2eds/bin/gnu/h-i686-mingw32/bin/../lib/gcc/nios2-elf/4.1.2/../../../../nios2-elf/lib\libm.a(lib_a-w_pow.o)
 .bss           0x00816190        0x0 c:/altera/12.1sp1/nios2eds/bin/gnu/h-i686-mingw32/bin/../lib/gcc/nios2-elf/4.1.2/../../../../nios2-elf/lib\libm.a(lib_a-e_pow.o)
 .bss           0x00816190        0x0 c:/altera/12.1sp1/nios2eds/bin/gnu/h-i686-mingw32/bin/../lib/gcc/nios2-elf/4.1.2/../../../../nios2-elf/lib\libm.a(lib_a-e_sqrt.o)
 .bss           0x00816190        0x0 c:/altera/12.1sp1/nios2eds/bin/gnu/h-i686-mingw32/bin/../lib/gcc/nios2-elf/4.1.2/../../../../nios2-elf/lib\libm.a(lib_a-s_fabs.o)
 .bss           0x00816190        0x0 c:/altera/12.1sp1/nios2eds/bin/gnu/h-i686-mingw32/bin/../lib/gcc/nios2-elf/4.1.2/../../../../nios2-elf/lib\libm.a(lib_a-s_finite.o)
 .bss           0x00816190        0x0 c:/altera/12.1sp1/nios2eds/bin/gnu/h-i686-mingw32/bin/../lib/gcc/nios2-elf/4.1.2/../../../../nios2-elf/lib\libm.a(lib_a-s_isnand.o)
 .bss           0x00816190        0x0 c:/altera/12.1sp1/nios2eds/bin/gnu/h-i686-mingw32/bin/../lib/gcc/nios2-elf/4.1.2/../../../../nios2-elf/lib\libm.a(lib_a-s_lib_ver.o)
 .bss           0x00816190        0x0 c:/altera/12.1sp1/nios2eds/bin/gnu/h-i686-mingw32/bin/../lib/gcc/nios2-elf/4.1.2/../../../../nios2-elf/lib\libm.a(lib_a-s_matherr.o)
 .bss           0x00816190        0x0 c:/altera/12.1sp1/nios2eds/bin/gnu/h-i686-mingw32/bin/../lib/gcc/nios2-elf/4.1.2/../../../../nios2-elf/lib\libm.a(lib_a-s_nan.o)
 .bss           0x00816190        0x0 c:/altera/12.1sp1/nios2eds/bin/gnu/h-i686-mingw32/bin/../lib/gcc/nios2-elf/4.1.2/../../../../nios2-elf/lib\libm.a(lib_a-s_rint.o)
 .bss           0x00816190        0x0 c:/altera/12.1sp1/nios2eds/bin/gnu/h-i686-mingw32/bin/../lib/gcc/nios2-elf/4.1.2/../../../../nios2-elf/lib\libm.a(lib_a-s_scalbn.o)
 .bss           0x00816190        0x0 c:/altera/12.1sp1/nios2eds/bin/gnu/h-i686-mingw32/bin/../lib/gcc/nios2-elf/4.1.2/../../../../nios2-elf/lib\libm.a(lib_a-s_copysign.o)
 .bss           0x00816190        0x0 c:/altera/12.1sp1/nios2eds/bin/gnu/h-i686-mingw32/bin/../lib/gcc/nios2-elf/4.1.2\libgcc.a(_addsub_sf.o)
 .bss           0x00816190        0x0 c:/altera/12.1sp1/nios2eds/bin/gnu/h-i686-mingw32/bin/../lib/gcc/nios2-elf/4.1.2\libgcc.a(_mul_sf.o)
 .bss           0x00816190        0x0 c:/altera/12.1sp1/nios2eds/bin/gnu/h-i686-mingw32/bin/../lib/gcc/nios2-elf/4.1.2\libgcc.a(_div_sf.o)
 .bss           0x00816190        0x0 c:/altera/12.1sp1/nios2eds/bin/gnu/h-i686-mingw32/bin/../lib/gcc/nios2-elf/4.1.2\libgcc.a(_sf_to_si.o)
 .bss           0x00816190        0x0 c:/altera/12.1sp1/nios2eds/bin/gnu/h-i686-mingw32/bin/../lib/gcc/nios2-elf/4.1.2\libgcc.a(_thenan_sf.o)
 .bss           0x00816190        0x0 c:/altera/12.1sp1/nios2eds/bin/gnu/h-i686-mingw32/bin/../lib/gcc/nios2-elf/4.1.2\libgcc.a(_addsub_df.o)
 .bss           0x00816190        0x0 c:/altera/12.1sp1/nios2eds/bin/gnu/h-i686-mingw32/bin/../lib/gcc/nios2-elf/4.1.2\libgcc.a(_mul_df.o)
 .bss           0x00816190        0x0 c:/altera/12.1sp1/nios2eds/bin/gnu/h-i686-mingw32/bin/../lib/gcc/nios2-elf/4.1.2\libgcc.a(_div_df.o)
 .bss           0x00816190        0x0 c:/altera/12.1sp1/nios2eds/bin/gnu/h-i686-mingw32/bin/../lib/gcc/nios2-elf/4.1.2\libgcc.a(_eq_df.o)
 .bss           0x00816190        0x0 c:/altera/12.1sp1/nios2eds/bin/gnu/h-i686-mingw32/bin/../lib/gcc/nios2-elf/4.1.2\libgcc.a(_ne_df.o)
 .bss           0x00816190        0x0 c:/altera/12.1sp1/nios2eds/bin/gnu/h-i686-mingw32/bin/../lib/gcc/nios2-elf/4.1.2\libgcc.a(_gt_df.o)
 .bss           0x00816190        0x0 c:/altera/12.1sp1/nios2eds/bin/gnu/h-i686-mingw32/bin/../lib/gcc/nios2-elf/4.1.2\libgcc.a(_lt_df.o)
 .bss           0x00816190        0x0 c:/altera/12.1sp1/nios2eds/bin/gnu/h-i686-mingw32/bin/../lib/gcc/nios2-elf/4.1.2\libgcc.a(_le_df.o)
 .bss           0x00816190        0x0 c:/altera/12.1sp1/nios2eds/bin/gnu/h-i686-mingw32/bin/../lib/gcc/nios2-elf/4.1.2\libgcc.a(_si_to_df.o)
 .bss           0x00816190        0x0 c:/altera/12.1sp1/nios2eds/bin/gnu/h-i686-mingw32/bin/../lib/gcc/nios2-elf/4.1.2\libgcc.a(_df_to_sf.o)
 .bss           0x00816190        0x0 c:/altera/12.1sp1/nios2eds/bin/gnu/h-i686-mingw32/bin/../lib/gcc/nios2-elf/4.1.2\libgcc.a(_thenan_df.o)
 .bss           0x00816190        0x0 c:/altera/12.1sp1/nios2eds/bin/gnu/h-i686-mingw32/bin/../lib/gcc/nios2-elf/4.1.2\libgcc.a(_muldi3.o)
 .bss           0x00816190        0x0 c:/altera/12.1sp1/nios2eds/bin/gnu/h-i686-mingw32/bin/../lib/gcc/nios2-elf/4.1.2\libgcc.a(_clzsi2.o)
 .bss           0x00816190        0x0 c:/altera/12.1sp1/nios2eds/bin/gnu/h-i686-mingw32/bin/../lib/gcc/nios2-elf/4.1.2\libgcc.a(_pack_sf.o)
 .bss           0x00816190        0x0 c:/altera/12.1sp1/nios2eds/bin/gnu/h-i686-mingw32/bin/../lib/gcc/nios2-elf/4.1.2\libgcc.a(_unpack_sf.o)
 .bss           0x00816190        0x0 c:/altera/12.1sp1/nios2eds/bin/gnu/h-i686-mingw32/bin/../lib/gcc/nios2-elf/4.1.2\libgcc.a(_make_sf.o)
 .bss           0x00816190        0x0 c:/altera/12.1sp1/nios2eds/bin/gnu/h-i686-mingw32/bin/../lib/gcc/nios2-elf/4.1.2\libgcc.a(_pack_df.o)
 .bss           0x00816190        0x0 c:/altera/12.1sp1/nios2eds/bin/gnu/h-i686-mingw32/bin/../lib/gcc/nios2-elf/4.1.2\libgcc.a(_unpack_df.o)
 .bss           0x00816190        0x0 c:/altera/12.1sp1/nios2eds/bin/gnu/h-i686-mingw32/bin/../lib/gcc/nios2-elf/4.1.2\libgcc.a(_fpcmp_parts_df.o)
 .bss           0x00816190        0x0 c:/altera/12.1sp1/nios2eds/bin/gnu/h-i686-mingw32/bin/../lib/gcc/nios2-elf/4.1.2\libgcc.a(_clz.o)
 .bss           0x00816190        0x0 c:/altera/12.1sp1/nios2eds/bin/gnu/h-i686-mingw32/bin/../lib/gcc/nios2-elf/4.1.2/../../../../nios2-elf/lib\libc.a(lib_a-errno.o)
 .bss           0x00816190        0x0 c:/altera/12.1sp1/nios2eds/bin/gnu/h-i686-mingw32/bin/../lib/gcc/nios2-elf/4.1.2/../../../../nios2-elf/lib\libc.a(lib_a-impure.o)
 .bss           0x00816190        0x0 c:/altera/12.1sp1/nios2eds/bin/gnu/h-i686-mingw32/bin/../lib/gcc/nios2-elf/4.1.2/../../../../nios2-elf/lib\libc.a(lib_a-puts.o)
 .bss           0x00816190        0x0 c:/altera/12.1sp1/nios2eds/bin/gnu/h-i686-mingw32/bin/../lib/gcc/nios2-elf/4.1.2/../../../../nios2-elf/lib\libc.a(lib_a-strlen.o)
 .bss           0x00816190        0x0 c:/altera/12.1sp1/nios2eds/bin/gnu/h-i686-mingw32/bin/../lib/gcc/nios2-elf/4.1.2/../../../../nios2-elf/lib\libc.a(lib_a-fvwrite.o)
 .bss           0x00816190       0x28 c:/altera/12.1sp1/nios2eds/bin/gnu/h-i686-mingw32/bin/../lib/gcc/nios2-elf/4.1.2/../../../../nios2-elf/lib\libc.a(lib_a-mallocr.o)
                0x00816190                __malloc_current_mallinfo
 .bss           0x008161b8        0x0 c:/altera/12.1sp1/nios2eds/bin/gnu/h-i686-mingw32/bin/../lib/gcc/nios2-elf/4.1.2/../../../../nios2-elf/lib\libc.a(lib_a-memchr.o)
 .bss           0x008161b8        0x0 c:/altera/12.1sp1/nios2eds/bin/gnu/h-i686-mingw32/bin/../lib/gcc/nios2-elf/4.1.2/../../../../nios2-elf/lib\libc.a(lib_a-memcpy.o)
 .bss           0x008161b8        0x0 c:/altera/12.1sp1/nios2eds/bin/gnu/h-i686-mingw32/bin/../lib/gcc/nios2-elf/4.1.2/../../../../nios2-elf/lib\libc.a(lib_a-memmove.o)
 .bss           0x008161b8        0x0 c:/altera/12.1sp1/nios2eds/bin/gnu/h-i686-mingw32/bin/../lib/gcc/nios2-elf/4.1.2/../../../../nios2-elf/lib\libc.a(lib_a-reallocr.o)
 .bss           0x008161b8        0x0 c:/altera/12.1sp1/nios2eds/bin/gnu/h-i686-mingw32/bin/../lib/gcc/nios2-elf/4.1.2/../../../../nios2-elf/lib\libc.a(lib_a-sbrkr.o)
 .bss           0x008161b8        0x0 c:/altera/12.1sp1/nios2eds/bin/gnu/h-i686-mingw32/bin/../lib/gcc/nios2-elf/4.1.2/../../../../nios2-elf/lib\libc.a(lib_a-wsetup.o)
 .bss           0x008161b8        0x0 c:/altera/12.1sp1/nios2eds/bin/gnu/h-i686-mingw32/bin/../lib/gcc/nios2-elf/4.1.2/../../../../nios2-elf/lib\libc.a(lib_a-fflush.o)
 .bss           0x008161b8        0x0 c:/altera/12.1sp1/nios2eds/bin/gnu/h-i686-mingw32/bin/../lib/gcc/nios2-elf/4.1.2/../../../../nios2-elf/lib\libc.a(lib_a-findfp.o)
 .bss           0x008161b8        0x0 c:/altera/12.1sp1/nios2eds/bin/gnu/h-i686-mingw32/bin/../lib/gcc/nios2-elf/4.1.2/../../../../nios2-elf/lib\libc.a(lib_a-freer.o)
 .bss           0x008161b8        0x0 c:/altera/12.1sp1/nios2eds/bin/gnu/h-i686-mingw32/bin/../lib/gcc/nios2-elf/4.1.2/../../../../nios2-elf/lib\libc.a(lib_a-fwalk.o)
 .bss           0x008161b8        0x0 c:/altera/12.1sp1/nios2eds/bin/gnu/h-i686-mingw32/bin/../lib/gcc/nios2-elf/4.1.2/../../../../nios2-elf/lib\libc.a(lib_a-int_errno.o)
 .bss           0x008161b8        0x0 c:/altera/12.1sp1/nios2eds/bin/gnu/h-i686-mingw32/bin/../lib/gcc/nios2-elf/4.1.2/../../../../nios2-elf/lib\libc.a(lib_a-makebuf.o)
 .bss           0x008161b8        0x0 c:/altera/12.1sp1/nios2eds/bin/gnu/h-i686-mingw32/bin/../lib/gcc/nios2-elf/4.1.2/../../../../nios2-elf/lib\libc.a(lib_a-memset.o)
 .bss           0x008161b8        0x0 c:/altera/12.1sp1/nios2eds/bin/gnu/h-i686-mingw32/bin/../lib/gcc/nios2-elf/4.1.2/../../../../nios2-elf/lib\libc.a(lib_a-stdio.o)
 .bss           0x008161b8        0x0 c:/altera/12.1sp1/nios2eds/bin/gnu/h-i686-mingw32/bin/../lib/gcc/nios2-elf/4.1.2/../../../../nios2-elf/lib\libc.a(lib_a-writer.o)
 .bss           0x008161b8        0x0 c:/altera/12.1sp1/nios2eds/bin/gnu/h-i686-mingw32/bin/../lib/gcc/nios2-elf/4.1.2/../../../../nios2-elf/lib\libc.a(lib_a-closer.o)
 .bss           0x008161b8        0x0 c:/altera/12.1sp1/nios2eds/bin/gnu/h-i686-mingw32/bin/../lib/gcc/nios2-elf/4.1.2/../../../../nios2-elf/lib\libc.a(lib_a-fclose.o)
 .bss           0x008161b8        0x0 c:/altera/12.1sp1/nios2eds/bin/gnu/h-i686-mingw32/bin/../lib/gcc/nios2-elf/4.1.2/../../../../nios2-elf/lib\libc.a(lib_a-fstatr.o)
 .bss           0x008161b8        0x0 c:/altera/12.1sp1/nios2eds/bin/gnu/h-i686-mingw32/bin/../lib/gcc/nios2-elf/4.1.2/../../../../nios2-elf/lib\libc.a(lib_a-isattyr.o)
 .bss           0x008161b8        0x0 c:/altera/12.1sp1/nios2eds/bin/gnu/h-i686-mingw32/bin/../lib/gcc/nios2-elf/4.1.2/../../../../nios2-elf/lib\libc.a(lib_a-lseekr.o)
 .bss           0x008161b8        0x0 c:/altera/12.1sp1/nios2eds/bin/gnu/h-i686-mingw32/bin/../lib/gcc/nios2-elf/4.1.2/../../../../nios2-elf/lib\libc.a(lib_a-readr.o)
 .bss           0x008161b8        0x0 ../Tutorial3V2_bsp/\libucosii_bsp.a(alt_close.o)
 .bss           0x008161b8        0x0 ../Tutorial3V2_bsp/\libucosii_bsp.a(alt_dev.o)
 .bss           0x008161b8        0x0 ../Tutorial3V2_bsp/\libucosii_bsp.a(alt_errno.o)
 .bss           0x008161b8        0x0 ../Tutorial3V2_bsp/\libucosii_bsp.a(alt_fstat.o)
 .bss           0x008161b8        0x0 ../Tutorial3V2_bsp/\libucosii_bsp.a(alt_iic.o)
 .bss           0x008161b8        0x0 ../Tutorial3V2_bsp/\libucosii_bsp.a(alt_iic_isr_register.o)
 .bss           0x008161b8        0x0 ../Tutorial3V2_bsp/\libucosii_bsp.a(alt_irq_entry.o)
 .bss           0x008161b8        0x0 ../Tutorial3V2_bsp/\libucosii_bsp.a(alt_irq_handler.o)
 .bss           0x008161b8        0x0 ../Tutorial3V2_bsp/\libucosii_bsp.a(alt_irq_vars.o)
 .bss           0x008161b8        0x0 ../Tutorial3V2_bsp/\libucosii_bsp.a(alt_isatty.o)
 .bss           0x008161b8        0x0 ../Tutorial3V2_bsp/\libucosii_bsp.a(alt_lseek.o)
 .bss           0x008161b8        0x0 ../Tutorial3V2_bsp/\libucosii_bsp.a(alt_main.o)
 .bss           0x008161b8        0x0 ../Tutorial3V2_bsp/\libucosii_bsp.a(alt_read.o)
 .bss           0x008161b8        0x0 ../Tutorial3V2_bsp/\libucosii_bsp.a(alt_release_fd.o)
 .bss           0x008161b8        0x0 ../Tutorial3V2_bsp/\libucosii_bsp.a(alt_sbrk.o)
 .bss           0x008161b8        0x0 ../Tutorial3V2_bsp/\libucosii_bsp.a(alt_write.o)
 .bss           0x008161b8        0x0 ../Tutorial3V2_bsp/\libucosii_bsp.a(alt_env_lock.o)
 .bss           0x008161b8        0x0 ../Tutorial3V2_bsp/\libucosii_bsp.a(alt_malloc_lock.o)
 .bss           0x008161b8        0x0 ../Tutorial3V2_bsp/\libucosii_bsp.a(os_core.o)
 .bss           0x008161b8        0x0 ../Tutorial3V2_bsp/\libucosii_bsp.a(os_dbg.o)
 .bss           0x008161b8        0x0 ../Tutorial3V2_bsp/\libucosii_bsp.a(os_flag.o)
 .bss           0x008161b8        0x0 ../Tutorial3V2_bsp/\libucosii_bsp.a(os_mem.o)
 .bss           0x008161b8        0x0 ../Tutorial3V2_bsp/\libucosii_bsp.a(os_q.o)
 .bss           0x008161b8        0x0 ../Tutorial3V2_bsp/\libucosii_bsp.a(os_sem.o)
 .bss           0x008161b8        0x0 ../Tutorial3V2_bsp/\libucosii_bsp.a(os_task.o)
 .bss           0x008161b8        0x0 ../Tutorial3V2_bsp/\libucosii_bsp.a(os_time.o)
 .bss           0x008161b8        0x0 ../Tutorial3V2_bsp/\libucosii_bsp.a(alt_sys_init.o)
 .bss           0x008161b8        0x0 ../Tutorial3V2_bsp/\libucosii_bsp.a(altera_avalon_fifo_util.o)
 .bss           0x008161b8        0x0 ../Tutorial3V2_bsp/\libucosii_bsp.a(altera_avalon_jtag_uart_fd.o)
 .bss           0x008161b8        0x0 ../Tutorial3V2_bsp/\libucosii_bsp.a(altera_avalon_jtag_uart_init.o)
 .bss           0x008161b8        0x0 ../Tutorial3V2_bsp/\libucosii_bsp.a(altera_avalon_jtag_uart_ioctl.o)
 .bss           0x008161b8        0x0 ../Tutorial3V2_bsp/\libucosii_bsp.a(altera_avalon_jtag_uart_read.o)
 .bss           0x008161b8        0x0 ../Tutorial3V2_bsp/\libucosii_bsp.a(altera_avalon_jtag_uart_write.o)
 .bss           0x008161b8        0x0 ../Tutorial3V2_bsp/\libucosii_bsp.a(altera_avalon_timer_sc.o)
 .bss           0x008161b8        0x0 ../Tutorial3V2_bsp/\libucosii_bsp.a(altera_up_avalon_audio.o)
 .bss           0x008161b8        0x0 ../Tutorial3V2_bsp/\libucosii_bsp.a(altera_up_avalon_audio_and_video_config.o)
 .bss           0x008161b8        0x0 ../Tutorial3V2_bsp/\libucosii_bsp.a(altera_up_avalon_character_lcd.o)
 .bss           0x008161b8        0x0 ../Tutorial3V2_bsp/\libucosii_bsp.a(alt_alarm_start.o)
 .bss           0x008161b8        0x0 ../Tutorial3V2_bsp/\libucosii_bsp.a(alt_dev_llist_insert.o)
 .bss           0x008161b8        0x0 ../Tutorial3V2_bsp/\libucosii_bsp.a(alt_do_ctors.o)
 .bss           0x008161b8        0x0 ../Tutorial3V2_bsp/\libucosii_bsp.a(alt_do_dtors.o)
 .bss           0x008161b8        0x0 ../Tutorial3V2_bsp/\libucosii_bsp.a(alt_exception_entry.o)
 .bss           0x008161b8        0x0 ../Tutorial3V2_bsp/\libucosii_bsp.a(alt_find_dev.o)
 .bss           0x008161b8        0x0 ../Tutorial3V2_bsp/\libucosii_bsp.a(alt_io_redirect.o)
 .bss           0x008161b8        0x0 ../Tutorial3V2_bsp/\libucosii_bsp.a(alt_open.o)
 .bss           0x008161b8        0x0 ../Tutorial3V2_bsp/\libucosii_bsp.a(alt_tick.o)
 .bss           0x008161b8        0x0 ../Tutorial3V2_bsp/\libucosii_bsp.a(altera_nios2_qsys_irq.o)
 .bss           0x008161b8        0x0 ../Tutorial3V2_bsp/\libucosii_bsp.a(os_cpu_a.o)
 .bss           0x008161b8        0x0 ../Tutorial3V2_bsp/\libucosii_bsp.a(os_cpu_c.o)
 .bss           0x008161b8        0x0 ../Tutorial3V2_bsp/\libucosii_bsp.a(alt_find_file.o)
 .bss           0x008161b8        0x0 ../Tutorial3V2_bsp/\libucosii_bsp.a(alt_get_fd.o)
 .bss           0x008161b8        0x0 c:/altera/12.1sp1/nios2eds/bin/gnu/h-i686-mingw32/bin/../lib/gcc/nios2-elf/4.1.2/../../../../nios2-elf/lib\libc.a(lib_a-atexit.o)
 .bss           0x008161b8        0x0 c:/altera/12.1sp1/nios2eds/bin/gnu/h-i686-mingw32/bin/../lib/gcc/nios2-elf/4.1.2/../../../../nios2-elf/lib\libc.a(lib_a-exit.o)
 .bss           0x008161b8        0x0 c:/altera/12.1sp1/nios2eds/bin/gnu/h-i686-mingw32/bin/../lib/gcc/nios2-elf/4.1.2/../../../../nios2-elf/lib\libc.a(lib_a-memcmp.o)
 .bss           0x008161b8        0x0 c:/altera/12.1sp1/nios2eds/bin/gnu/h-i686-mingw32/bin/../lib/gcc/nios2-elf/4.1.2/../../../../nios2-elf/lib\libc.a(lib_a-__atexit.o)
 .bss           0x008161b8        0x0 c:/altera/12.1sp1/nios2eds/bin/gnu/h-i686-mingw32/bin/../lib/gcc/nios2-elf/4.1.2/../../../../nios2-elf/lib\libc.a(lib_a-__call_atexit.o)
 .bss           0x008161b8        0x0 c:/altera/12.1sp1/nios2eds/bin/gnu/h-i686-mingw32/bin/../lib/gcc/nios2-elf/4.1.2\libgcc.a(lib2-divmod.o)
 .bss           0x008161b8        0x0 ../Tutorial3V2_bsp/\libucosii_bsp.a(alt_exit.o)
 *(COMMON)
 COMMON         0x008161b8     0x4000 obj/default/hello_ucosii.o
                0x008161b8                laserInputTaskStack
                0x008181b8                audioTaskStack
 COMMON         0x0081a1b8      0x100 ../Tutorial3V2_bsp/\libucosii_bsp.a(alt_irq_handler.o)
                0x0081a1b8                alt_irq
 COMMON         0x0081a2b8     0x3224 ../Tutorial3V2_bsp/\libucosii_bsp.a(os_core.o)
                0x0081a2b8                OSFlagTbl
                0x0081a628                OSMemTbl
                0x0081b258                OSTaskStatStk
                0x0081ba58                OSQTbl
                0x0081bc38                OSTaskIdleStk
                0x0081c438                OSEventTbl
                0x0081cf78                OSTCBTbl
                0x0081d488                OSTCBPrioTbl
 COMMON         0x0081d4dc      0x190 c:/altera/12.1sp1/nios2eds/bin/gnu/h-i686-mingw32/bin/../lib/gcc/nios2-elf/4.1.2/../../../../nios2-elf/lib\libc.a(lib_a-atexit.o)
                0x0081d4dc                _atexit0
                0x0081d66c                . = ALIGN (0x4)
                0x0081d66c                __bss_end = ABSOLUTE (.)

.sdram_0        0x0081d66c        0x0
                0x0081d66c                PROVIDE (_alt_partition_sdram_0_start, ABSOLUTE (.))
 *(.sdram_0. sdram_0.*)
                0x0081d66c                . = ALIGN (0x4)
                0x0081d66c                PROVIDE (_alt_partition_sdram_0_end, ABSOLUTE (.))
                0x0081d66c                _end = ABSOLUTE (.)
                0x0081d66c                end = ABSOLUTE (.)
                0x0081d66c                __alt_stack_base = ABSOLUTE (.)
                0x0081d66c                PROVIDE (_alt_partition_sdram_0_load_addr, LOADADDR (.sdram_0))

.sram_0         0x01080000        0x0
                0x01080000                PROVIDE (_alt_partition_sram_0_start, ABSOLUTE (.))
 *(.sram_0. sram_0.*)
                0x01080000                . = ALIGN (0x4)
                0x01080000                PROVIDE (_alt_partition_sram_0_end, ABSOLUTE (.))
                0x01080000                PROVIDE (_alt_partition_sram_0_load_addr, LOADADDR (.sram_0))

.onchip_memory2_0
                0x011041bc        0x0
                0x011041bc                PROVIDE (_alt_partition_onchip_memory2_0_start, ABSOLUTE (.))
 *(.onchip_memory2_0. onchip_memory2_0.*)
                0x011041bc                . = ALIGN (0x4)
                0x011041bc                PROVIDE (_alt_partition_onchip_memory2_0_end, ABSOLUTE (.))
                0x011041bc                PROVIDE (_alt_partition_onchip_memory2_0_load_addr, LOADADDR (.onchip_memory2_0))

.generic_tristate_controller_0
                0x01800020        0x0
                0x01800020                PROVIDE (_alt_partition_generic_tristate_controller_0_start, ABSOLUTE (.))
 *(.generic_tristate_controller_0. generic_tristate_controller_0.*)
                0x01800020                . = ALIGN (0x4)
                0x01800020                PROVIDE (_alt_partition_generic_tristate_controller_0_end, ABSOLUTE (.))
                0x01800020                PROVIDE (_alt_partition_generic_tristate_controller_0_load_addr, LOADADDR (.generic_tristate_controller_0))

.stab
 *(.stab)

.stabstr
 *(.stabstr)

.stab.excl
 *(.stab.excl)

.stab.exclstr
 *(.stab.exclstr)

.stab.index
 *(.stab.index)

.stab.indexstr
 *(.stab.indexstr)

.comment        0x00000000       0x26
 *(.comment)
 .comment       0x00000000       0x26 obj/default/SynthesizerDriver.o
                                 0x27 (size before relaxing)
 .comment       0x00000000       0x27 obj/default/hello_ucosii.o
 .comment       0x00000000       0x27 c:/altera/12.1sp1/nios2eds/bin/gnu/h-i686-mingw32/bin/../lib/gcc/nios2-elf/4.1.2/../../../../nios2-elf/lib\libm.a(lib_a-sf_round.o)
 .comment       0x00000000       0x27 c:/altera/12.1sp1/nios2eds/bin/gnu/h-i686-mingw32/bin/../lib/gcc/nios2-elf/4.1.2/../../../../nios2-elf/lib\libm.a(lib_a-w_pow.o)
 .comment       0x00000000       0x27 c:/altera/12.1sp1/nios2eds/bin/gnu/h-i686-mingw32/bin/../lib/gcc/nios2-elf/4.1.2/../../../../nios2-elf/lib\libm.a(lib_a-e_pow.o)
 .comment       0x00000000       0x27 c:/altera/12.1sp1/nios2eds/bin/gnu/h-i686-mingw32/bin/../lib/gcc/nios2-elf/4.1.2/../../../../nios2-elf/lib\libm.a(lib_a-e_sqrt.o)
 .comment       0x00000000       0x27 c:/altera/12.1sp1/nios2eds/bin/gnu/h-i686-mingw32/bin/../lib/gcc/nios2-elf/4.1.2/../../../../nios2-elf/lib\libm.a(lib_a-s_fabs.o)
 .comment       0x00000000       0x27 c:/altera/12.1sp1/nios2eds/bin/gnu/h-i686-mingw32/bin/../lib/gcc/nios2-elf/4.1.2/../../../../nios2-elf/lib\libm.a(lib_a-s_finite.o)
 .comment       0x00000000       0x27 c:/altera/12.1sp1/nios2eds/bin/gnu/h-i686-mingw32/bin/../lib/gcc/nios2-elf/4.1.2/../../../../nios2-elf/lib\libm.a(lib_a-s_isnand.o)
 .comment       0x00000000       0x27 c:/altera/12.1sp1/nios2eds/bin/gnu/h-i686-mingw32/bin/../lib/gcc/nios2-elf/4.1.2/../../../../nios2-elf/lib\libm.a(lib_a-s_lib_ver.o)
 .comment       0x00000000       0x27 c:/altera/12.1sp1/nios2eds/bin/gnu/h-i686-mingw32/bin/../lib/gcc/nios2-elf/4.1.2/../../../../nios2-elf/lib\libm.a(lib_a-s_matherr.o)
 .comment       0x00000000       0x27 c:/altera/12.1sp1/nios2eds/bin/gnu/h-i686-mingw32/bin/../lib/gcc/nios2-elf/4.1.2/../../../../nios2-elf/lib\libm.a(lib_a-s_nan.o)
 .comment       0x00000000       0x27 c:/altera/12.1sp1/nios2eds/bin/gnu/h-i686-mingw32/bin/../lib/gcc/nios2-elf/4.1.2/../../../../nios2-elf/lib\libm.a(lib_a-s_rint.o)
 .comment       0x00000000       0x27 c:/altera/12.1sp1/nios2eds/bin/gnu/h-i686-mingw32/bin/../lib/gcc/nios2-elf/4.1.2/../../../../nios2-elf/lib\libm.a(lib_a-s_scalbn.o)
 .comment       0x00000000       0x27 c:/altera/12.1sp1/nios2eds/bin/gnu/h-i686-mingw32/bin/../lib/gcc/nios2-elf/4.1.2/../../../../nios2-elf/lib\libm.a(lib_a-s_copysign.o)
 .comment       0x00000000       0x27 c:/altera/12.1sp1/nios2eds/bin/gnu/h-i686-mingw32/bin/../lib/gcc/nios2-elf/4.1.2\libgcc.a(_addsub_sf.o)
 .comment       0x00000000       0x27 c:/altera/12.1sp1/nios2eds/bin/gnu/h-i686-mingw32/bin/../lib/gcc/nios2-elf/4.1.2\libgcc.a(_mul_sf.o)
 .comment       0x00000000       0x27 c:/altera/12.1sp1/nios2eds/bin/gnu/h-i686-mingw32/bin/../lib/gcc/nios2-elf/4.1.2\libgcc.a(_div_sf.o)
 .comment       0x00000000       0x27 c:/altera/12.1sp1/nios2eds/bin/gnu/h-i686-mingw32/bin/../lib/gcc/nios2-elf/4.1.2\libgcc.a(_sf_to_si.o)
 .comment       0x00000000       0x27 c:/altera/12.1sp1/nios2eds/bin/gnu/h-i686-mingw32/bin/../lib/gcc/nios2-elf/4.1.2\libgcc.a(_thenan_sf.o)
 .comment       0x00000000       0x27 c:/altera/12.1sp1/nios2eds/bin/gnu/h-i686-mingw32/bin/../lib/gcc/nios2-elf/4.1.2\libgcc.a(_addsub_df.o)
 .comment       0x00000000       0x27 c:/altera/12.1sp1/nios2eds/bin/gnu/h-i686-mingw32/bin/../lib/gcc/nios2-elf/4.1.2\libgcc.a(_mul_df.o)
 .comment       0x00000000       0x27 c:/altera/12.1sp1/nios2eds/bin/gnu/h-i686-mingw32/bin/../lib/gcc/nios2-elf/4.1.2\libgcc.a(_div_df.o)
 .comment       0x00000000       0x27 c:/altera/12.1sp1/nios2eds/bin/gnu/h-i686-mingw32/bin/../lib/gcc/nios2-elf/4.1.2\libgcc.a(_eq_df.o)
 .comment       0x00000000       0x27 c:/altera/12.1sp1/nios2eds/bin/gnu/h-i686-mingw32/bin/../lib/gcc/nios2-elf/4.1.2\libgcc.a(_ne_df.o)
 .comment       0x00000000       0x27 c:/altera/12.1sp1/nios2eds/bin/gnu/h-i686-mingw32/bin/../lib/gcc/nios2-elf/4.1.2\libgcc.a(_gt_df.o)
 .comment       0x00000000       0x27 c:/altera/12.1sp1/nios2eds/bin/gnu/h-i686-mingw32/bin/../lib/gcc/nios2-elf/4.1.2\libgcc.a(_lt_df.o)
 .comment       0x00000000       0x27 c:/altera/12.1sp1/nios2eds/bin/gnu/h-i686-mingw32/bin/../lib/gcc/nios2-elf/4.1.2\libgcc.a(_le_df.o)
 .comment       0x00000000       0x27 c:/altera/12.1sp1/nios2eds/bin/gnu/h-i686-mingw32/bin/../lib/gcc/nios2-elf/4.1.2\libgcc.a(_si_to_df.o)
 .comment       0x00000000       0x27 c:/altera/12.1sp1/nios2eds/bin/gnu/h-i686-mingw32/bin/../lib/gcc/nios2-elf/4.1.2\libgcc.a(_df_to_sf.o)
 .comment       0x00000000       0x27 c:/altera/12.1sp1/nios2eds/bin/gnu/h-i686-mingw32/bin/../lib/gcc/nios2-elf/4.1.2\libgcc.a(_thenan_df.o)
 .comment       0x00000000       0x27 c:/altera/12.1sp1/nios2eds/bin/gnu/h-i686-mingw32/bin/../lib/gcc/nios2-elf/4.1.2\libgcc.a(_muldi3.o)
 .comment       0x00000000       0x27 c:/altera/12.1sp1/nios2eds/bin/gnu/h-i686-mingw32/bin/../lib/gcc/nios2-elf/4.1.2\libgcc.a(_clzsi2.o)
 .comment       0x00000000       0x27 c:/altera/12.1sp1/nios2eds/bin/gnu/h-i686-mingw32/bin/../lib/gcc/nios2-elf/4.1.2\libgcc.a(_pack_sf.o)