Archive Project report for niosII_microc_lab1
Wed Mar 18 18:51:59 2015
Quartus II 64-Bit Version 12.1 Build 243 01/31/2013 Service Pack 1.33 SJ Full Version


---------------------
; Table of Contents ;
---------------------
  1. Legal Notice
  2. Archive Project Summary
  3. Archive Project Messages
  4. Files Archived



----------------
; Legal Notice ;
----------------
Copyright (C) 1991-2012 Altera Corporation
Your use of Altera Corporation's design tools, logic functions 
and other software and tools, and its AMPP partner logic 
functions, and any output files from any of the foregoing 
(including device programming or simulation files), and any 
associated documentation or information are expressly subject 
to the terms and conditions of the Altera Program License 
Subscription Agreement, Altera MegaCore Function License 
Agreement, or other applicable license agreement, including, 
without limitation, that your use is for the sole purpose of 
programming logic devices manufactured by Altera and sold by 
Altera or its authorized distributors.  Please refer to the 
applicable agreement for further details.



+----------------------------------------------------------------+
; Archive Project Summary                                        ;
+------------------------+---------------------------------------+
; Archive Project Status ; Successful - Wed Mar 18 18:51:59 2015 ;
; Revision Name          ; niosII_microc_lab1                    ;
; Top-level Entity Name  ; niosII_microc_lab1                    ;
; Family                 ; Cyclone II                            ;
+------------------------+---------------------------------------+


+--------------------------+
; Archive Project Messages ;
+--------------------------+
Info: File Set 'Source control' contains:
    Info: Project source and settings files
    Info: Automatically detected source files
Info: ----------------------------------------------------------
Info: ----------------------------------------------------------
Info: Generated archive 'C:/Users/crinklaw/Unification/niosII_microc_lab1.qar'
Info: ----------------------------------------------------------
Info: ----------------------------------------------------------
Info: Generated report 'niosII_microc_lab1.archive.rpt'
Info (23030): Evaluation of Tcl script c:/altera/12.1sp1/quartus/common/tcl/apps/qpm/qar.tcl was successful
Info: Quartus II 64-Bit Shell was successful. 0 errors, 0 warnings
    Info: Peak virtual memory: 351 megabytes
    Info: Processing ended: Wed Mar 18 18:51:59 2015
    Info: Elapsed time: 00:00:02
    Info: Total CPU time (on all processors): 00:00:01


+---------------------------------------------------------------------------------------+
; Files Archived                                                                        ;
+---------------------------------------------------------------------------------------+
; File Name                                                                             ;
+---------------------------------------------------------------------------------------+
; c:/altera/12.1sp1/quartus/bin64/assignment_defaults.qdf                               ;
; db/ip/niosII_system/niosII_system.v                                                   ;
; db/ip/niosII_system/submodules/altera_avalon_sc_fifo.v                                ;
; db/ip/niosII_system/submodules/altera_avalon_st_clock_crosser.v                       ;
; db/ip/niosII_system/submodules/altera_avalon_st_handshake_clock_crosser.v             ;
; db/ip/niosII_system/submodules/altera_avalon_st_pipeline_base.v                       ;
; db/ip/niosII_system/submodules/altera_merlin_address_alignment.sv                     ;
; db/ip/niosII_system/submodules/altera_merlin_arbitrator.sv                            ;
; db/ip/niosII_system/submodules/altera_merlin_burst_adapter.sv                         ;
; db/ip/niosII_system/submodules/altera_merlin_burst_uncompressor.sv                    ;
; db/ip/niosII_system/submodules/altera_merlin_master_agent.sv                          ;
; db/ip/niosII_system/submodules/altera_merlin_master_translator.sv                     ;
; db/ip/niosII_system/submodules/altera_merlin_slave_agent.sv                           ;
; db/ip/niosII_system/submodules/altera_merlin_slave_translator.sv                      ;
; db/ip/niosII_system/submodules/altera_merlin_width_adapter.sv                         ;
; db/ip/niosII_system/submodules/altera_reset_controller.sdc                            ;
; db/ip/niosII_system/submodules/altera_reset_controller.v                              ;
; db/ip/niosII_system/submodules/altera_reset_synchronizer.v                            ;
; db/ip/niosII_system/submodules/altera_up_character_lcd_communication.v                ;
; db/ip/niosII_system/submodules/altera_up_character_lcd_initialization.v               ;
; db/ip/niosII_system/submodules/frequencyDivider.vhd                                   ;
; db/ip/niosII_system/submodules/midiOut.vhd                                            ;
; db/ip/niosII_system/submodules/niosII_system_addr_router.sv                           ;
; db/ip/niosII_system/submodules/niosII_system_addr_router_001.sv                       ;
; db/ip/niosII_system/submodules/niosII_system_altpll_0.v                               ;
; db/ip/niosII_system/submodules/niosII_system_character_lcd_0.v                        ;
; db/ip/niosII_system/submodules/niosII_system_cmd_xbar_demux.sv                        ;
; db/ip/niosII_system/submodules/niosII_system_cmd_xbar_demux_001.sv                    ;
; db/ip/niosII_system/submodules/niosII_system_cmd_xbar_mux.sv                          ;
; db/ip/niosII_system/submodules/niosII_system_fifo_0.v                                 ;
; db/ip/niosII_system/submodules/niosII_system_green_leds.v                             ;
; db/ip/niosII_system/submodules/niosII_system_id_router.sv                             ;
; db/ip/niosII_system/submodules/niosII_system_id_router_001.sv                         ;
; db/ip/niosII_system/submodules/niosII_system_id_router_002.sv                         ;
; db/ip/niosII_system/submodules/niosII_system_id_router_007.sv                         ;
; db/ip/niosII_system/submodules/niosII_system_irq_mapper.sv                            ;
; db/ip/niosII_system/submodules/niosII_system_jtag_uart_0.v                            ;
; db/ip/niosII_system/submodules/niosII_system_jtag_uart_0_input_mutex.dat              ;
; db/ip/niosII_system/submodules/niosII_system_jtag_uart_0_input_stream.dat             ;
; db/ip/niosII_system/submodules/niosII_system_jtag_uart_0_output_stream.dat            ;
; db/ip/niosII_system/submodules/niosII_system_nios2_qsys_0.sdc                         ;
; db/ip/niosII_system/submodules/niosII_system_nios2_qsys_0.v                           ;
; db/ip/niosII_system/submodules/niosII_system_nios2_qsys_0_jtag_debug_module_sysclk.v  ;
; db/ip/niosII_system/submodules/niosII_system_nios2_qsys_0_jtag_debug_module_tck.v     ;
; db/ip/niosII_system/submodules/niosII_system_nios2_qsys_0_jtag_debug_module_wrapper.v ;
; db/ip/niosII_system/submodules/niosII_system_nios2_qsys_0_oci_test_bench.v            ;
; db/ip/niosII_system/submodules/niosII_system_nios2_qsys_0_ociram_default_contents.mif ;
; db/ip/niosII_system/submodules/niosII_system_nios2_qsys_0_rf_ram_a.mif                ;
; db/ip/niosII_system/submodules/niosII_system_nios2_qsys_0_rf_ram_b.mif                ;
; db/ip/niosII_system/submodules/niosII_system_nios2_qsys_0_test_bench.v                ;
; db/ip/niosII_system/submodules/niosII_system_onchip_memory2_0.hex                     ;
; db/ip/niosII_system/submodules/niosII_system_onchip_memory2_0.v                       ;
; db/ip/niosII_system/submodules/niosII_system_rsp_xbar_demux.sv                        ;
; db/ip/niosII_system/submodules/niosII_system_rsp_xbar_demux_001.sv                    ;
; db/ip/niosII_system/submodules/niosII_system_rsp_xbar_mux.sv                          ;
; db/ip/niosII_system/submodules/niosII_system_rsp_xbar_mux_001.sv                      ;
; db/ip/niosII_system/submodules/niosII_system_sdram_0.v                                ;
; db/ip/niosII_system/submodules/niosII_system_sram_0.v                                 ;
; db/ip/niosII_system/submodules/niosII_system_switch.v                                 ;
; db/ip/niosII_system/submodules/niosII_system_sysid_qsys_0.v                           ;
; db/ip/niosII_system/submodules/niosII_system_timer_0.v                                ;
; db/ip/niosII_system/submodules/niosII_system_up_clocks_0.v                            ;
; db/ip/niosII_system/submodules/StreamingTest.vhd                                      ;
; frequencyDivider_hw.tcl                                                               ;
; incremental_db/compiled_partitions/niosII_microc_lab1.db_info                         ;
; midiOut_hw.tcl                                                                        ;
; niosII_microc_lab1.qpf                                                                ;
; niosII_microc_lab1.qsf                                                                ;
; niosII_microc_lab1.vhd                                                                ;
; niosII_system.qsys                                                                    ;
; StreamingTest_hw.tcl                                                                  ;
; Synthesizer_hw.tcl                                                                    ;
; SynthesizerVHDL/AddressIncrementor.vhd                                                ;
; SynthesizerVHDL/SinLut.vhd                                                            ;
; SynthesizerVHDL/Synthesizer.vhd                                                       ;
; SynthesizerVHDL/Synthesizer_tb.vhd                                                    ;
; SynthesizerVHDL/SynthesizerPackage.vhd                                                ;
; SynthesizerVHDL/SynthesizerTopLevel.vhd                                               ;
+---------------------------------------------------------------------------------------+


